--------- beginning of system
05-20 09:06:00.103 D/vold    (  572): Starting trim of /data
05-20 09:06:00.104 I/chatty  ( 1690): uid=1000 system_server expire 128 lines
05-20 09:06:00.117 I/chatty  ( 1690): uid=1000(system) NetdConnector expire 1 line
05-20 09:06:00.565 I/chatty  ( 1690): uid=1000 system_server expire 187 lines
05-20 09:06:00.808 I/chatty  ( 1690): uid=1000(system) Thread-9 expire 1 line
05-20 09:06:01.064 I/chatty  ( 1690): uid=1000 system_server expire 64 lines
05-20 09:06:01.106 I/chatty  ( 1690): uid=1000(system) ConnectivitySer expire 1 line
05-20 09:06:01.170 I/chatty  ( 1690): uid=1000(system) Binder:1690_4 expire 3 lines
05-20 09:06:01.181 I/chatty  ( 1690): uid=1000(system) PowerManagerSer expire 1 line
05-20 09:06:01.529 I/chatty  ( 1690): uid=1000(system) Binder:1690_2 expire 6 lines
05-20 09:06:01.565 I/chatty  ( 1690): uid=1000(system) Binder:1690_3 expire 2 lines
05-20 09:06:01.661 I/chatty  ( 1690): uid=1000(system) PackageManager expire 48 lines
05-20 09:06:01.909 I/chatty  ( 1690): uid=1000(system) android.display expire 1 line
05-20 09:06:01.911 I/chatty  ( 1690): uid=1000(system) pool-3-thread-1 expire 1 line
05-20 09:06:01.929 I/chatty  ( 1690): uid=1000(system) android.bg expire 4 lines
05-20 09:06:01.946 I/chatty  ( 1690): uid=1000(system) OppoMultimediaW expire 1 line
05-20 09:06:01.963 I/chatty  ( 1690): uid=1000(system) Binder:1690_8 expire 3 lines
05-20 09:06:01.967 I/chatty  ( 1690): uid=1000(system) Binder:1690_B expire 5 lines
05-20 09:06:01.995 I/chatty  ( 1690): uid=1000(system) BroadcastQueue expire 12 lines
05-20 09:06:01.996 I/chatty  ( 1690): uid=1000 system_server expire 11 lines
05-20 09:06:01.999 I/chatty  ( 1690): uid=1000(system) ActivityManager expire 9 lines
05-20 09:06:01.999 I/chatty  ( 1690): uid=1000(system) android.io expire 28 lines
05-20 09:06:02.001 D/vold    (  572): Linking /storage/emulated/0 to /mnt/user/0/primary
05-20 09:06:02.003 I/chatty  ( 1690): uid=1000(system) MountService expire 1 line
05-20 09:06:02.014 I/chatty  ( 1690): uid=1000(system) Binder:1690_9 expire 1 line
05-20 09:06:02.015 I/chatty  ( 1690): uid=1000 system_server expire 3 lines
05-20 09:06:02.033 I/chatty  ( 1690): uid=1000 system_server expire 1 line
05-20 09:06:02.055 I/chatty  ( 1690): uid=1000(system) Binder:1690_A expire 2 lines
05-20 09:06:02.102 I/chatty  ( 1690): uid=1000(system) Binder:1690_1 expire 6 lines
05-20 09:06:02.182 I/chatty  ( 1690): uid=1000(system) PhoneWinHandler expire 1 line
05-20 09:06:02.190 I/chatty  ( 1690): uid=1000(system) Binder:1690_5 expire 1 line
05-20 09:06:02.279 I/chatty  ( 1690): uid=1000(system) backup expire 1 line
05-20 09:06:02.309 I/chatty  ( 1690): uid=1000(system) Binder:1690_6 expire 2 lines
05-20 09:06:02.311 I/chatty  ( 1690): uid=1000(system) Binder:1690_D expire 2 lines
05-20 09:06:02.366 I/chatty  ( 1690): uid=1000(system) android.io expire 36 lines
05-20 09:06:02.369 I/chatty  ( 1690): uid=1000(system) backup expire 2 lines
05-20 09:06:02.373 I/chatty  ( 1690): uid=1000 system_server expire 74 lines
05-20 09:06:02.377 I/chatty  ( 1690): uid=1000(system) BroadcastQueue expire 8 lines
05-20 09:06:02.379 I/chatty  ( 1690): uid=1000(system) Binder:1690_6 expire 2 lines
05-20 09:06:02.381 I/chatty  ( 1690): uid=1000(system) Binder:1690_A expire 2 lines
05-20 09:06:02.381 I/chatty  ( 1690): uid=1000(system) Binder:1690_B expire 4 lines
05-20 09:06:02.383 I/chatty  ( 1690): uid=1000(system) ActivityManager expire 12 lines
05-20 09:06:02.446 I/chatty  ( 1690): uid=1000(system) MountService expire 3 lines
05-20 09:06:02.448 D/vold    (  572): e4crypt_unlock_user_key 0 serial=0 token_present=0
05-20 09:06:02.451 I/chatty  ( 1690): uid=1000(system) AudioService expire 1 line
05-20 09:06:02.454 I/chatty  ( 1690): uid=1000(system) android.fg expire 1 line
05-20 09:06:02.498 I/chatty  ( 1690): uid=1000(system) Binder:1690_8 expire 1 line
05-20 09:06:02.532 I/chatty  ( 1690): uid=1000(system) Binder:1690_3 expire 3 lines
05-20 09:06:02.536 I/chatty  ( 1690): uid=1000(system) Binder:1690_1 expire 5 lines
05-20 09:06:02.562 I/chatty  ( 1690): uid=1000(system) Binder:1690_5 expire 5 lines
05-20 09:06:02.606 I/chatty  ( 1690): uid=1000(system) Binder:1690_12 expire 1 line
05-20 09:06:02.638 I/chatty  ( 1690): uid=1000(system) Binder:1690_13 expire 3 lines
05-20 09:06:02.667 I/chatty  ( 1690): uid=1000(system) Binder:1690_2 expire 5 lines
05-20 09:06:02.678 I/chatty  ( 1690): uid=1000(system) pool-3-thread-1 expire 5 lines
05-20 09:06:02.701 I/chatty  ( 1690): uid=1000 system_server expire 2 lines
05-20 09:06:02.722 I/chatty  ( 1690): uid=1000(system) Binder:1690_7 expire 2 lines
05-20 09:06:02.723 I/chatty  ( 1690): uid=1000(system) Binder:1690_14 expire 5 lines
05-20 09:06:02.729 I/chatty  ( 1690): uid=1000(system) android.display expire 4 lines
05-20 09:06:02.747 I/chatty  ( 1690): uid=1000(system) Binder:1690_4 expire 10 lines
05-20 09:06:02.774 I/chatty  ( 1690): uid=1000(system) Binder:1690_11 expire 1 line
05-20 09:06:02.806 I/chatty  ( 1690): uid=1000(system) WifiP2pService expire 1 line
05-20 09:06:02.901 I/chatty  ( 1690): uid=1000(system) ConnectivitySer expire 3 lines
05-20 09:06:02.930 I/chatty  ( 1690): uid=1000 system_server expire 2 lines
05-20 09:06:02.955 W/FileUtils( 3306): Failed to chmod(/storage/emulated/0/.ColorOSGalleryRecycler/interal_recycle.db): android.system.ErrnoException: chmod failed: EPERM (Operation not permitted)
05-20 09:06:02.983 I/chatty  ( 1690): uid=1000(system) Binder:1690_C expire 1 line
05-20 09:06:03.003 I/chatty  ( 1690): uid=1000(system) android.bg expire 5 lines
05-20 09:06:03.024 I/chatty  ( 1690): uid=1000(system) WifiStateMachin expire 1 line
05-20 09:06:03.070 I/chatty  ( 1690): uid=1000(system) PackageManager expire 1 line
05-20 09:06:03.102 I/chatty  ( 1690): uid=1000(system) DeviceIdleHelpe expire 1 line
05-20 09:06:03.335 I/chatty  ( 1690): uid=1000(system) Binder:1690_10 expire 6 lines
05-20 09:06:03.344 I/chatty  ( 1690): uid=1000 system_server expire 36 lines
05-20 09:06:03.346 I/chatty  ( 1690): uid=1000(system) Binder:1690_C expire 5 lines
05-20 09:06:03.360 I/chatty  ( 1690): uid=1000(system) Binder:1690_14 expire 4 lines
05-20 09:06:03.387 I/chatty  ( 1690): uid=1000(system) android.display expire 6 lines
05-20 09:06:03.421 I/chatty  ( 1690): uid=1000(system) Binder:1690_A expire 3 lines
05-20 09:06:03.439 I/chatty  ( 1690): uid=1000(system) Binder:1690_4 expire 5 lines
05-20 09:06:03.440 I/chatty  ( 1690): uid=1000(system) Binder:1690_11 expire 1 line
05-20 09:06:03.446 I/chatty  ( 1690): uid=1000(system) android.bg expire 8 lines
05-20 09:06:03.458 I/chatty  ( 1690): uid=1000(system) Binder:1690_6 expire 5 lines
05-20 09:06:03.462 I/chatty  ( 1690): uid=1000(system) Binder:1690_1 expire 7 lines
05-20 09:06:03.491 E/ActivityThread( 2461): Failed to find provider info for com.oppo.notification_center
05-20 09:06:03.513 I/chatty  ( 1690): uid=1000(system) Binder:1690_5 expire 3 lines
05-20 09:06:03.514 I/chatty  ( 1690): uid=1000(system) Binder:1690_9 expire 5 lines
05-20 09:06:03.543 I/chatty  ( 1690): uid=1000(system) Binder:1690_12 expire 4 lines
05-20 09:06:03.549 I/chatty  ( 1690): uid=1000(system) Binder:1690_3 expire 8 lines
05-20 09:06:03.571 I/chatty  ( 1690): uid=1000(system) Binder:1690_2 expire 7 lines
05-20 09:06:03.653 I/chatty  ( 1690): uid=1000(system) Binder:1690_8 expire 4 lines
05-20 09:06:03.716 I/chatty  ( 1690): uid=1000(system) Binder:1690_B expire 6 lines
05-20 09:06:03.738 I/chatty  ( 1690): uid=1000(system) Binder:1690_15 expire 2 lines
05-20 09:06:03.763 I/chatty  ( 1690): uid=1000(system) android.io expire 10 lines
05-20 09:06:03.798 I/chatty  ( 1690): uid=1000(system) Binder:1690_E expire 4 lines
05-20 09:06:03.814 W/FileUtils( 3939): Failed to chmod(/storage/emulated/0/.mcs/mcs.db): android.system.ErrnoException: chmod failed: EPERM (Operation not permitted)
05-20 09:06:03.831 E/ActivityThread( 2685): Failed to find provider info for com.oppo.notification_center
05-20 09:06:03.833 I/chatty  ( 1690): uid=1000(system) Binder:1690_F expire 3 lines
05-20 09:06:03.847 I/chatty  ( 1690): uid=1000(system) Binder:1690_13 expire 4 lines
05-20 09:06:03.881 I/chatty  ( 1690): uid=1000(system) Binder:1690_7 expire 4 lines
05-20 09:06:03.914 I/chatty  ( 1690): uid=1000(system) BpmThread expire 2 lines
05-20 09:06:03.998 E/ActivityThread( 2461): Failed to find provider info for com.oppo.notification_center
05-20 09:06:04.002 I/chatty  ( 1690): uid=1000(system) FileObserver expire 49 lines
05-20 09:06:04.065 I/chatty  ( 1690): uid=1000(system) Binder:1690_D expire 1 line
05-20 09:06:04.072 I/chatty  ( 1690): uid=1000(system) BroadcastQueue expire 1 line
05-20 09:06:04.117 I/chatty  ( 1690): uid=1000(system) ConnectivitySer expire 11 lines
05-20 09:06:04.246 I/chatty  ( 1690): uid=1000(system) android.display expire 11 lines
05-20 09:06:04.252 I/chatty  ( 1690): uid=1000(system) Binder:1690_C expire 8 lines
05-20 09:06:04.336 I/chatty  ( 1690): uid=1000(system) BroadcastQueue expire 4 lines
05-20 09:06:04.376 I/chatty  ( 1690): uid=1000(system) Binder:1690_7 expire 3 lines
05-20 09:06:04.431 I/chatty  ( 1690): uid=1000(system) Binder:1690_5 expire 2 lines
05-20 09:06:04.498 D/MccTable( 2581): updateMccMncConfiguration mccmnc='' fromServiceState=false
05-20 09:06:04.499 E/ActivityThread( 2461): Failed to find provider info for com.oppo.notification_center
05-20 09:06:04.533 I/chatty  ( 1690): uid=1000(system) Binder:1690_14 expire 6 lines
05-20 09:06:04.542 I/chatty  ( 1690): uid=1000(system) Binder:1690_3 expire 4 lines
05-20 09:06:04.564 W/SystemConfig( 2581): No directory /system/etc/sysconfig, skipping
05-20 09:06:04.585 I/SystemConfig( 2581): scan feature file : /system/etc/permissions/com.oppo.features.allnet.common.device2.xml,ignore!!!
05-20 09:06:04.586 I/SystemConfig( 2581): scan feature file : /system/etc/permissions/com.oppo.features.allnet.common.device3.xml,ignore!!!
05-20 09:06:04.586 I/SystemConfig( 2581): scan feature file : /system/etc/permissions/com.oppo.features.allnet.common.device4.xml,ignore!!!
05-20 09:06:04.586 I/SystemConfig( 2581): scan feature file : /system/etc/permissions/com.oppo.features.allnet.common.device5.xml,ignore!!!
05-20 09:06:04.586 I/SystemConfig( 2581): scan feature file : /system/etc/permissions/com.oppo.features.allnet.common.device6.xml,ignore!!!
05-20 09:06:04.598 I/SystemConfig( 2581): scan feature file : /system/etc/permissions/com.oppo.rom.allnetcmccdeep.xml,ignore!!!
05-20 09:06:04.598 I/SystemConfig( 2581): scan feature file : /system/etc/permissions/com.oppo.rom.allnetcmccmp.xml,ignore!!!
05-20 09:06:04.613 W/SystemConfig( 2581): No directory /system/etc/oppoOperatorFeatures, skipping
05-20 09:06:04.648 I/chatty  ( 1690): uid=1000(system) Binder:1690_4 expire 8 lines
05-20 09:06:04.657 I/chatty  ( 1690): uid=1000(system) Binder:1690_2 expire 4 lines
05-20 09:06:04.673 I/chatty  ( 1690): uid=1000(system) Binder:1690_8 expire 4 lines
05-20 09:06:04.687 I/chatty  ( 1690): uid=1000(system) android.io expire 3 lines
05-20 09:06:04.690 I/chatty  ( 1690): uid=1000(system) Binder:1690_6 expire 6 lines
05-20 09:06:04.786 D/vold    (  572): e4crypt_prepare_user_storage for volume null, user 0, serial 0, flags 2
05-20 09:06:04.786 D/vold    (  572): Preparing: /data/system_ce/0
05-20 09:06:04.786 D/vold    (  572): Preparing: /data/misc_ce/0
05-20 09:06:04.786 D/vold    (  572): Preparing: /data/media/0
05-20 09:06:04.786 D/vold    (  572): Preparing: /data/data
05-20 09:06:04.608 I/chatty  ( 1690): uid=1000 system_server expire 22 lines
05-20 09:06:04.670 I/chatty  ( 1690): uid=1000(system) Binder:1690_9 expire 2 lines
05-20 09:06:04.674 I/chatty  ( 1690): uid=1000(system) Binder:1690_D expire 5 lines
05-20 09:06:04.695 I/chatty  ( 1690): uid=1000(system) Binder:1690_B expire 5 lines
05-20 09:06:04.706 I/chatty  ( 1690): uid=1000(system) Binder:1690_F expire 3 lines
05-20 09:06:04.773 I/chatty  ( 1690): uid=1000(system) Binder:1690_A expire 7 lines
05-20 09:06:04.840 I/chatty  ( 1690): uid=1000(system) Binder:1690_1 expire 4 lines
05-20 09:06:05.005 I/chatty  ( 1690): uid=1000(system) Binder:1690_13 expire 4 lines
05-20 09:06:05.257 I/chatty  ( 1690): uid=1000(system) Binder:1690_12 expire 5 lines
05-20 09:06:05.519 I/chatty  ( 1690): uid=1000(system) Binder:1690_E expire 2 lines
05-20 09:06:05.629 I/chatty  ( 1690): uid=1000 system_server expire 27 lines
05-20 09:06:05.650 I/chatty  ( 1690): uid=1000(system) pool-3-thread-1 expire 34 lines
05-20 09:06:05.682 I/chatty  ( 1690): uid=1000(system) android.bg expire 6 lines
05-20 09:06:05.698 I/chatty  ( 1690): uid=1000(system) Binder:1690_11 expire 2 lines
05-20 09:06:05.941 I/chatty  ( 1690): uid=1000(system) Binder:1690_15 expire 2 lines
05-20 09:06:06.535 I/chatty  ( 1690): uid=1000(system) PackageManager expire 1 line
05-20 09:06:06.647 I/chatty  ( 1690): uid=1000(system) BroadcastQueue expire 3 lines
05-20 09:06:06.666 I/chatty  ( 1690): uid=1000(system) Binder:1690_C expire 4 lines
05-20 09:06:06.667 I/chatty  ( 1690): uid=1000(system) Binder:1690_14 expire 8 lines
05-20 09:06:06.673 I/chatty  ( 1690): uid=1000(system) Binder:1690_11 expire 4 lines
05-20 09:06:06.685 I/chatty  ( 1690): uid=1000 system_server expire 28 lines
05-20 09:06:06.689 I/chatty  ( 1690): uid=1000 system_server expire 3 lines
05-20 09:06:06.693 I/chatty  ( 1690): uid=1000(system) android.bg expire 3 lines
05-20 09:06:06.695 I/chatty  ( 1690): uid=1000(system) Binder:1690_12 expire 6 lines
05-20 09:06:06.700 I/chatty  ( 1690): uid=1000(system) Binder:1690_F expire 6 lines
05-20 09:06:06.707 I/chatty  ( 1690): uid=1000(system) pool-3-thread-1 expire 35 lines
05-20 09:06:06.720 I/chatty  ( 1690): uid=1000(system) Binder:1690_D expire 4 lines
05-20 09:06:06.734 I/chatty  ( 1690): uid=1000(system) Binder:1690_4 expire 7 lines
05-20 09:06:06.750 I/chatty  ( 1690): uid=1000(system) Binder:1690_1 expire 4 lines
05-20 09:06:06.838 I/chatty  ( 1690): uid=1000(system) Binder:1690_5 expire 5 lines
05-20 09:06:06.920 I/chatty  ( 1690): uid=1000(system) Binder:1690_3 expire 6 lines
05-20 09:06:06.936 I/chatty  ( 1690): uid=1000(system) Binder:1690_9 expire 4 lines
05-20 09:06:06.976 I/chatty  ( 1690): uid=1000(system) Binder:1690_13 expire 9 lines
05-20 09:06:06.994 I/chatty  ( 1690): uid=1000(system) Binder:1690_2 expire 9 lines
05-20 09:06:07.024 I/chatty  ( 1690): uid=1000(system) Binder:1690_A expire 10 lines
05-20 09:06:07.115 I/chatty  ( 1690): uid=1000(system) Binder:1690_10 expire 11 lines
05-20 09:06:07.305 I/chatty  ( 1690): uid=1000(system) Binder:1690_8 expire 3 lines
05-20 09:06:07.344 I/chatty  ( 1690): uid=1000(system) Binder:1690_B expire 3 lines
05-20 09:06:07.372 I/chatty  ( 1690): uid=1000(system) Binder:1690_15 expire 6 lines
05-20 09:06:07.673 I/chatty  ( 1690): uid=1000(system) Binder:1690_7 expire 5 lines
05-20 09:06:07.761 I/chatty  ( 1690): uid=1000(system) Binder:1690_E expire 4 lines
05-20 09:06:07.784 I/chatty  ( 1690): uid=1000(system) Binder:1690_6 expire 12 lines
05-20 09:06:08.309 W/ActivityThread( 4761): ClassLoader.loadClass: The class loader returned by Thread.getContextClassLoader() may fail for processes that host multiple applications. You should explicitly specify a context class loader. For example: Thread.setContextClassLoader(getClass().getClassLoader());
05-20 09:06:08.437 W/FileUtils( 4761): Failed to chmod(/storage/emulated/0/.mcs/mcs.db): android.system.ErrnoException: chmod failed: EPERM (Operation not permitted)
05-20 09:06:10.234 I/chatty  ( 1690): uid=1000 system_server expire 12 lines
05-20 09:06:10.238 I/chatty  ( 1690): uid=1000(system) Binder:1690_11 expire 12 lines
05-20 09:06:10.416 I/chatty  ( 1690): uid=1000(system) Binder:1690_C expire 7 lines
05-20 09:06:10.440 I/chatty  ( 1690): uid=1000(system) Binder:1690_E expire 11 lines
05-20 09:06:10.442 I/chatty  ( 1690): uid=1000(system) Binder:1690_A expire 13 lines
05-20 09:06:10.455 I/chatty  ( 1690): uid=1000(system) Binder:1690_13 expire 8 lines
05-20 09:06:10.619 I/chatty  ( 1690): uid=1000(system) Binder:1690_10 expire 1 line
05-20 09:06:10.637 I/chatty  ( 1690): uid=1000(system) Binder:1690_D expire 6 lines
05-20 09:06:10.655 I/chatty  ( 1690): uid=1000(system) Binder:1690_9 expire 4 lines
05-20 09:06:10.743 I/chatty  ( 1690): uid=1000(system) Binder:1690_F expire 2 lines
05-20 09:06:10.807 E/ActivityThread( 4761): Failed to find provider info for com.coloros.sau.file
05-20 09:06:10.833 I/chatty  ( 1690): uid=1000(system) Binder:1690_4 expire 7 lines
05-20 09:06:10.988 I/chatty  ( 1690): uid=1000 system_server expire 1 line
05-20 09:06:11.109 I/chatty  ( 1690): uid=1000(system) Binder:1690_B expire 4 lines
05-20 09:06:11.114 I/chatty  ( 1690): uid=1000(system) ConnectivitySer expire 2 lines
05-20 09:06:11.120 I/chatty  ( 1690): uid=1000(system) Binder:1690_12 expire 6 lines
05-20 09:06:11.120 I/chatty  ( 1690): uid=1000(system) Binder:1690_8 expire 6 lines
05-20 09:06:11.131 I/chatty  ( 1690): uid=1000(system) Binder:1690_5 expire 5 lines
05-20 09:06:11.196 I/chatty  ( 1690): uid=1000(system) Binder:1690_1 expire 4 lines
05-20 09:06:11.219 I/chatty  ( 1690): uid=1000(system) android.io expire 8 lines
05-20 09:06:11.345 I/chatty  ( 1690): uid=1000(system) Binder:1690_2 expire 7 lines
05-20 09:06:11.515 I/chatty  ( 1690): uid=1000(system) Binder:1690_7 expire 3 lines
05-20 09:06:11.554 I/chatty  ( 1690): uid=1000(system) BroadcastQueue expire 9 lines
05-20 09:06:12.138 D/ViewRootImpl( 2685): swipeFromBottom mIgnoring true downY 1893 mScreenHeight 1920 mStatusBarHeight 54 globalScale -1.0
05-20 09:06:12.216 I/chatty  ( 1690): uid=1000(system) android.display expire 32 lines
05-20 09:06:12.421 W/ActivityThread( 5640): ClassLoader.loadClass: The class loader returned by Thread.getContextClassLoader() may fail for processes that host multiple applications. You should explicitly specify a context class loader. For example: Thread.setContextClassLoader(getClass().getClassLoader());
05-20 09:06:12.476 I/chatty  ( 1690): uid=1000(system) pool-3-thread-1 expire 5 lines
05-20 09:06:12.519 W/FileUtils( 5640): Failed to chmod(/storage/emulated/0/.mcs/mcs.db): android.system.ErrnoException: chmod failed: EPERM (Operation not permitted)
05-20 09:06:12.654 I/chatty  ( 1690): uid=1000(system) Binder:1690_14 expire 4 lines
05-20 09:06:12.900 I/chatty  ( 1690): uid=1000(system) Binder:1690_3 expire 3 lines
05-20 09:06:12.949 I/chatty  ( 1690): uid=1000(system) Binder:1690_15 expire 3 lines
05-20 09:06:13.338 W/FileUtils( 5855): Failed to chmod(/storage/emulated/0/.mcs/mcs.db): android.system.ErrnoException: chmod failed: EPERM (Operation not permitted)
05-20 09:06:13.883 W/ActivityThread( 5855): ClassLoader.loadClass: The class loader returned by Thread.getContextClassLoader() may fail for processes that host multiple applications. You should explicitly specify a context class loader. For example: Thread.setContextClassLoader(getClass().getClassLoader());
05-20 09:06:14.702 I/chatty  ( 1690): uid=1000(system) ActivityManager expire 1 line
05-20 09:06:16.048 I/chatty  ( 1690): uid=1000(system) InputDispatcher expire 2 lines
05-20 09:06:16.122 W/SocketClient(  952): write error (Broken pipe)
05-20 09:06:16.202 I/chatty  ( 1690): uid=1000(system) android.display expire 6 lines
05-20 09:06:16.354 I/chatty  ( 1690): uid=1000(system) Binder:1690_6 expire 8 lines
05-20 09:06:16.354 I/chatty  ( 1690): uid=1000(system) Binder:1690_12 expire 8 lines
05-20 09:06:16.375 I/chatty  ( 1690): uid=1000(system) Binder:1690_F expire 8 lines
05-20 09:06:16.392 I/chatty  ( 1690): uid=1000(system) ActivityManager expire 6 lines
05-20 09:06:16.460 I/chatty  ( 1690): uid=1000 system_server expire 23 lines
05-20 09:06:16.498 I/chatty  ( 1690): uid=1000(system) Binder:1690_15 expire 5 lines
05-20 09:06:17.458 I/chatty  ( 1690): uid=1000(system) BroadcastQueue expire 33 lines
05-20 09:06:17.493 I/chatty  ( 1690): uid=1000(system) Binder:1690_8 expire 9 lines
05-20 09:06:17.531 I/chatty  ( 1690): uid=1000(system) Binder:1690_1 expire 4 lines
05-20 09:06:17.632 I/chatty  ( 1690): uid=1000(system) Binder:1690_E expire 6 lines
05-20 09:06:17.659 I/chatty  ( 1690): uid=1000(system) Binder:1690_5 expire 3 lines
05-20 09:06:17.671 I/chatty  ( 1690): uid=1000(system) Binder:1690_D expire 7 lines
05-20 09:06:17.690 I/chatty  ( 1690): uid=1000(system) Binder:1690_2 expire 3 lines
05-20 09:06:17.757 I/chatty  ( 1690): uid=1000(system) Binder:1690_7 expire 3 lines
05-20 09:06:20.672 I/chatty  ( 1690): uid=1000(system) Binder:1690_B expire 5 lines
05-20 09:06:21.556 I/chatty  ( 1690): uid=1000(system) Binder:1690_10 expire 4 lines
05-20 09:06:22.131 I/vold    (  572): Trimmed 38161469440 bytes on /data in 26942ms
05-20 09:06:22.132 D/vold    (  572): Starting trim of /persist
05-20 09:06:22.132 W/vold    (  572): Failed to open /persist: Permission denied
05-20 09:06:22.143 I/chatty  ( 1690): uid=1000(system) android.fg expire 1 line
05-20 09:06:24.029 I/chatty  ( 1690): uid=1000(system) Binder:1690_14 expire 10 lines
05-20 09:06:24.163 I/chatty  ( 1690): uid=1000(system) Binder:1690_9 expire 4 lines
05-20 09:06:24.189 I/chatty  ( 1690): uid=1000(system) pool-3-thread-1 expire 2 lines
05-20 09:06:24.553 I/chatty  ( 1690): uid=1000(system) Binder:1690_C expire 2 lines
05-20 09:06:24.984 I/chatty  ( 1690): uid=1000(system) android.bg expire 4 lines
05-20 09:06:25.930 I/chatty  ( 1690): uid=1000(system) Thread-9 expire 1 line
05-20 09:06:25.940 I/chatty  ( 1690): uid=1000(system) Binder:1690_A expire 1 line
05-20 09:06:25.944 I/chatty  ( 1690): uid=1000 system_server expire 1 line
05-20 09:06:25.947 I/chatty  ( 1690): uid=1000 system_server expire 5 lines
05-20 09:06:25.980 W/FileUtils( 7097): Failed to chmod(/storage/emulated/0/.mcs/mcs.db): android.system.ErrnoException: chmod failed: EPERM (Operation not permitted)
05-20 09:06:25.983 I/chatty  ( 1690): uid=1000(system) Binder:1690_11 expire 5 lines
05-20 09:06:27.747 I/chatty  ( 1690): uid=1000(system) Binder:1690_4 expire 5 lines
05-20 09:06:28.514 I/chatty  ( 1690): uid=1000 system_server expire 1 line
05-20 09:06:28.515 I/chatty  ( 1690): uid=1000 system_server expire 1 line
05-20 09:06:28.742 I/chatty  ( 1690): uid=1000(system) Binder:1690_13 expire 1 line
05-20 09:06:30.019 I/chatty  ( 1690): uid=1000(system) Binder:1690_3 expire 4 lines
05-20 09:06:30.396 I/chatty  ( 1690): uid=1000(system) FileObserver expire 1 line
05-20 09:06:31.012 I/chatty  ( 1690): uid=1000 system_server expire 1 line
05-20 09:06:32.065 I/chatty  ( 1690): uid=1000(system) AlarmManager expire 2 lines
05-20 09:06:43.525 I/chatty  ( 1690): uid=1000(system) Binder:1690_7 expire 9 lines
05-20 09:06:43.544 I/chatty  ( 1690): uid=1000(system) Binder:1690_4 expire 7 lines
05-20 09:06:43.563 I/chatty  ( 1690): uid=1000(system) Binder:1690_A expire 4 lines
05-20 09:06:43.571 I/chatty  ( 1690): uid=1000(system) Binder:1690_11 expire 5 lines
05-20 09:06:43.581 I/chatty  ( 1690): uid=1000(system) Binder:1690_1 expire 9 lines
05-20 09:06:43.683 I/chatty  ( 1690): uid=1000(system) Binder:1690_6 expire 7 lines
05-20 09:06:43.693 I/chatty  ( 1690): uid=1000(system) Binder:1690_13 expire 8 lines
05-20 09:06:43.702 I/chatty  ( 1690): uid=1000(system) Binder:1690_C expire 8 lines
05-20 09:06:43.708 I/chatty  ( 1690): uid=1000(system) Binder:1690_E expire 5 lines
05-20 09:06:43.711 I/chatty  ( 1690): uid=1000(system) Binder:1690_B expire 6 lines
05-20 09:06:43.718 I/chatty  ( 1690): uid=1000(system) Binder:1690_15 expire 14 lines
05-20 09:06:43.721 I/chatty  ( 1690): uid=1000(system) Binder:1690_D expire 5 lines
05-20 09:06:43.727 I/chatty  ( 1690): uid=1000(system) Binder:1690_3 expire 4 lines
05-20 09:06:50.602 I/chatty  ( 1690): uid=1000(system) android.display expire 46 lines
05-20 09:06:50.606 I/chatty  ( 1690): uid=1000(system) Binder:1690_F expire 5 lines
05-20 09:06:50.608 I/chatty  ( 1690): uid=1000(system) BroadcastQueue expire 3 lines
05-20 09:06:50.639 I/chatty  ( 1690): uid=1000(system) Binder:1690_12 expire 5 lines
05-20 09:06:50.644 I/chatty  ( 1690): uid=1000(system) Binder:1690_10 expire 8 lines
05-20 09:06:50.758 I/chatty  ( 1690): uid=1000(system) Binder:1690_14 expire 4 lines
05-20 09:06:50.810 I/chatty  ( 1690): uid=1000(system) Binder:1690_5 expire 9 lines
05-20 09:06:50.975 I/chatty  ( 1690): uid=1000(system) android.io expire 4 lines
05-20 09:06:51.042 I/chatty  ( 1690): uid=1000(system) Binder:1690_8 expire 6 lines
05-20 09:06:51.298 I/chatty  ( 1690): uid=1000(system) Binder:1690_2 expire 3 lines
05-20 09:06:59.368 I/chatty  ( 1690): uid=1000(system) Binder:1690_9 expire 2 lines
05-20 09:06:59.771 I/chatty  ( 1690): uid=1000 system_server expire 6 lines
05-20 09:07:07.294 I/chatty  ( 1690): uid=1000(system) android.display expire 69 lines
05-20 09:07:07.507 I/chatty  ( 1690): uid=1000(system) ActivityManager expire 14 lines
05-20 09:07:07.899 I/chatty  ( 1690): uid=1000(system) Binder:1690_B expire 11 lines
05-20 09:07:07.965 I/chatty  ( 1690): uid=1000(system) Binder:1690_5 expire 3 lines
05-20 09:07:08.001 I/chatty  ( 1690): uid=1000(system) Binder:1690_2 expire 10 lines
05-20 09:07:08.989 I/chatty  ( 1690): uid=1000(system) Binder:1690_1 expire 4 lines
05-20 09:07:09.399 I/chatty  ( 1690): uid=1000(system) Binder:1690_13 expire 5 lines
05-20 09:07:09.408 I/chatty  ( 1690): uid=1000(system) Binder:1690_F expire 3 lines
05-20 09:07:09.438 I/chatty  ( 1690): uid=1000(system) Binder:1690_6 expire 5 lines
05-20 09:07:09.445 I/chatty  ( 1690): uid=1000(system) Binder:1690_D expire 5 lines
05-20 09:07:09.455 I/chatty  ( 1690): uid=1000(system) Binder:1690_4 expire 9 lines
05-20 09:07:09.458 I/chatty  ( 1690): uid=1000(system) Binder:1690_3 expire 2 lines
05-20 09:07:09.472 I/chatty  ( 1690): uid=1000(system) InputDispatcher expire 2 lines
05-20 09:07:09.479 I/chatty  ( 1690): uid=1000(system) Binder:1690_14 expire 6 lines
05-20 09:07:09.495 I/chatty  ( 1690): uid=1000(system) Binder:1690_12 expire 3 lines
05-20 09:07:09.501 I/chatty  ( 1690): uid=1000(system) Binder:1690_A expire 4 lines
05-20 09:07:09.509 I/chatty  ( 1690): uid=1000(system) Binder:1690_8 expire 7 lines
05-20 09:07:09.783 I/chatty  ( 1690): uid=1000(system) Binder:1690_9 expire 4 lines
05-20 09:07:09.785 I/chatty  ( 1690): uid=1000(system) Binder:1690_15 expire 3 lines
05-20 09:07:10.294 I/chatty  ( 1690): uid=1000(system) Binder:1690_11 expire 3 lines
05-20 09:07:10.322 I/chatty  ( 1690): uid=1000(system) Binder:1690_7 expire 1 line
05-20 09:07:10.481 I/chatty  ( 1690): uid=1000(system) android.io expire 2 lines
05-20 09:07:10.482 I/chatty  ( 1690): uid=1000(system) Binder:1690_C expire 2 lines
05-20 09:07:14.557 I/chatty  ( 1690): uid=1000(system) Binder:1690_10 expire 3 lines
05-20 09:07:15.035 I/chatty  ( 1690): uid=1000(system) Binder:1690_E expire 1 line
05-20 09:07:19.152 I/chatty  ( 1690): uid=1000(system) BroadcastQueue expire 5 lines
05-20 09:07:32.687 I/chatty  ( 1690): uid=1000(system) Binder:1690_3 expire 6 lines
05-20 09:07:32.692 I/chatty  ( 1690): uid=1000(system) Binder:1690_C expire 6 lines
05-20 09:07:32.694 I/chatty  ( 1690): uid=1000(system) Binder:1690_6 expire 9 lines
05-20 09:07:32.696 I/chatty  ( 1690): uid=1000(system) Binder:1690_4 expire 8 lines
05-20 09:07:32.739 I/chatty  ( 1690): uid=1000(system) android.display expire 19 lines
05-20 09:07:32.748 I/chatty  ( 1690): uid=1000(system) Binder:1690_14 expire 2 lines
05-20 09:07:32.751 I/chatty  ( 1690): uid=1000(system) Binder:1690_15 expire 3 lines
05-20 09:07:34.048 E/ActivityThread( 7720): Failed to find provider info for com.coloros.personalassistant
05-20 09:07:40.082 E/ActivityThread( 7720): Failed to find provider info for com.coloros.personalassistant
05-20 09:07:41.434 E/ActivityThread( 7720): Failed to find provider info for com.coloros.personalassistant
05-20 09:07:42.115 I/chatty  ( 1690): uid=1000 system_server expire 1 line
05-20 09:07:43.259 I/chatty  ( 1690): uid=1000(system) Binder:1690_8 expire 9 lines
05-20 09:07:43.289 I/chatty  ( 1690): uid=1000(system) Binder:1690_A expire 7 lines
05-20 09:07:44.117 I/chatty  ( 1690): uid=1000(system) Binder:1690_1 expire 5 lines
05-20 09:07:44.126 I/chatty  ( 1690): uid=1000(system) Binder:1690_E expire 9 lines
05-20 09:07:44.275 E/ActivityThread( 7720): Failed to find provider info for com.coloros.personalassistant
05-20 09:07:44.317 I/chatty  ( 1690): uid=1000(system) Binder:1690_F expire 6 lines
05-20 09:07:44.318 I/chatty  ( 1690): uid=1000(system) Binder:1690_D expire 14 lines
05-20 09:07:44.337 I/chatty  ( 1690): uid=1000(system) android.display expire 36 lines
05-20 09:07:44.418 I/chatty  ( 1690): uid=1000(system) Binder:1690_11 expire 9 lines
05-20 09:07:46.352 I/chatty  ( 1690): uid=1000(system) Binder:1690_12 expire 3 lines
05-20 09:07:46.449 W/ActivityThread( 7855): ClassLoader.loadClass: The class loader returned by Thread.getContextClassLoader() may fail for processes that host multiple applications. You should explicitly specify a context class loader. For example: Thread.setContextClassLoader(getClass().getClassLoader());
05-20 09:07:46.495 I/chatty  ( 1690): uid=1000(system) Binder:1690_7 expire 6 lines
05-20 09:07:46.504 I/chatty  ( 1690): uid=1000(system) Binder:1690_5 expire 6 lines
05-20 09:07:46.735 E/ActivityThread( 7720): Failed to find provider info for com.coloros.personalassistant
05-20 09:07:46.748 I/chatty  ( 1690): uid=1000(system) Binder:1690_9 expire 4 lines
05-20 09:07:47.022 W/ActivityThread( 7936): ClassLoader.loadClass: The class loader returned by Thread.getContextClassLoader() may fail for processes that host multiple applications. You should explicitly specify a context class loader. For example: Thread.setContextClassLoader(getClass().getClassLoader());
05-20 09:07:47.087 I/chatty  ( 1690): uid=1000(system) Binder:1690_13 expire 6 lines
05-20 09:07:47.195 I/chatty  ( 1690): uid=1000(system) Binder:1690_2 expire 3 lines
05-20 09:07:47.424 I/chatty  ( 1690): uid=1000(system) Binder:1690_B expire 6 lines
05-20 09:07:47.479 E/ActivityThread( 7720): Failed to find provider info for com.coloros.personalassistant
05-20 09:07:52.910 I/chatty  ( 1690): uid=1000(system) Binder:1690_10 expire 2 lines
05-20 09:07:53.448 I/chatty  ( 1690): uid=1000(system) WifiService expire 1 line
05-20 09:07:55.944 I/chatty  ( 1690): uid=1000(system) android.display expire 77 lines
05-20 09:07:55.961 I/chatty  ( 1690): uid=1000(system) Binder:1690_3 expire 4 lines
05-20 09:07:56.307 I/chatty  ( 1690): uid=1000(system) ActivityManager expire 8 lines
05-20 09:07:56.360 I/chatty  ( 1690): uid=1000(system) Binder:1690_1 expire 6 lines
05-20 09:07:56.694 I/chatty  ( 1690): uid=1000(system) Binder:1690_F expire 7 lines
05-20 09:07:56.748 E/ActivityThread( 7720): Failed to find provider info for com.coloros.personalassistant
05-20 09:07:56.784 I/chatty  ( 1690): uid=1000(system) Binder:1690_E expire 4 lines
05-20 09:07:57.846 I/chatty  ( 1690): uid=1000(system) Binder:1690_D expire 6 lines
05-20 09:07:57.851 I/chatty  ( 1690): uid=1000(system) Binder:1690_9 expire 7 lines
05-20 09:07:57.912 I/chatty  ( 1690): uid=1000(system) Binder:1690_4 expire 8 lines
05-20 09:07:57.980 I/chatty  ( 1690): uid=1000(system) Binder:1690_2 expire 4 lines
05-20 09:07:58.461 I/chatty  ( 1690): uid=1000(system) InputDispatcher expire 2 lines
05-20 09:07:58.467 I/chatty  ( 1690): uid=1000(system) Binder:1690_B expire 3 lines
05-20 09:07:58.471 I/chatty  ( 1690): uid=1000(system) Binder:1690_C expire 11 lines
05-20 09:07:58.747 I/chatty  ( 1690): uid=1000(system) Binder:1690_11 expire 4 lines
05-20 09:07:59.269 I/chatty  ( 1690): uid=1000(system) Binder:1690_14 expire 5 lines
05-20 09:07:59.290 I/chatty  ( 1690): uid=1000(system) Binder:1690_6 expire 3 lines
05-20 09:07:59.315 I/chatty  ( 1690): uid=1000(system) Binder:1690_7 expire 4 lines
05-20 09:07:59.713 I/chatty  ( 1690): uid=1000(system) Binder:1690_15 expire 6 lines
05-20 09:08:01.313 I/chatty  ( 1690): uid=1000(system) Binder:1690_A expire 3 lines
05-20 09:08:01.889 W/ActivityThread( 8158): ClassLoader.loadClass: The class loader returned by Thread.getContextClassLoader() may fail for processes that host multiple applications. You should explicitly specify a context class loader. For example: Thread.setContextClassLoader(getClass().getClassLoader());
05-20 09:08:01.986 I/chatty  ( 1690): uid=1000(system) Binder:1690_13 expire 5 lines
05-20 09:08:02.193 W/ActivityThread( 8239): ClassLoader.loadClass: The class loader returned by Thread.getContextClassLoader() may fail for processes that host multiple applications. You should explicitly specify a context class loader. For example: Thread.setContextClassLoader(getClass().getClassLoader());
05-20 09:08:02.228 I/chatty  ( 1690): uid=1000(system) Binder:1690_12 expire 1 line
05-20 09:08:02.245 I/chatty  ( 1690): uid=1000(system) Binder:1690_8 expire 3 lines
05-20 09:08:02.267 I/chatty  ( 1690): uid=1000(system) Binder:1690_5 expire 1 line
05-20 09:08:03.883 I/chatty  ( 1690): uid=1000(system) Binder:1690_10 expire 2 lines
05-20 09:08:05.941 I/chatty  ( 1690): uid=1000 system_server expire 7 lines
05-20 09:08:05.977 I/chatty  ( 1690): uid=1000(system) android.display expire 80 lines
05-20 09:08:05.991 I/chatty  ( 1690): uid=1000(system) Binder:1690_8 expire 8 lines
05-20 09:08:05.998 I/chatty  ( 1690): uid=1000(system) Binder:1690_3 expire 10 lines
05-20 09:08:06.011 I/chatty  ( 1690): uid=1000(system) Binder:1690_C expire 5 lines
05-20 09:08:06.013 I/chatty  ( 1690): uid=1000(system) Binder:1690_E expire 4 lines
05-20 09:08:06.016 I/chatty  ( 1690): uid=1000(system) Binder:1690_12 expire 3 lines
05-20 09:08:06.021 I/chatty  ( 1690): uid=1000(system) Binder:1690_A expire 2 lines
05-20 09:08:06.027 I/chatty  ( 1690): uid=1000(system) Binder:1690_5 expire 6 lines
05-20 09:08:06.093 I/chatty  ( 1690): uid=1000(system) Binder:1690_D expire 9 lines
05-20 09:08:06.101 I/chatty  ( 1690): uid=1000(system) Binder:1690_F expire 2 lines
05-20 09:08:06.118 I/chatty  ( 1690): uid=1000(system) Binder:1690_15 expire 3 lines
05-20 09:08:07.115 I/chatty  ( 1690): uid=1000(system) Binder:1690_4 expire 3 lines
05-20 09:08:07.215 I/chatty  ( 1690): uid=1000(system) Binder:1690_11 expire 3 lines
05-20 09:08:07.219 I/chatty  ( 1690): uid=1000(system) Binder:1690_14 expire 5 lines
05-20 09:08:08.012 I/chatty  ( 1690): uid=1000(system) InputDispatcher expire 2 lines
05-20 09:08:08.020 I/chatty  ( 1690): uid=1000(system) Binder:1690_13 expire 5 lines
05-20 09:08:08.083 I/chatty  ( 1690): uid=1000(system) Binder:1690_1 expire 5 lines
05-20 09:08:08.107 I/chatty  ( 1690): uid=1000(system) Binder:1690_9 expire 3 lines
05-20 09:08:08.977 I/chatty  ( 1690): uid=1000(system) ActivityManager expire 1 line
05-20 09:08:08.997 I/chatty  ( 1690): uid=1000(system) Binder:1690_7 expire 4 lines
05-20 09:08:09.381 I/chatty  ( 1690): uid=1000(system) Binder:1690_6 expire 2 lines
05-20 09:08:09.935 I/chatty  ( 1690): uid=1000(system) pool-3-thread-1 expire 4 lines
05-20 09:08:09.938 I/chatty  ( 1690): uid=1000(system) Binder:1690_10 expire 9 lines
05-20 09:08:11.647 I/chatty  ( 1690): uid=1000(system) BroadcastQueue expire 1 line
05-20 09:08:12.129 D/ViewRootImpl( 7720): swipeFromBottom mIgnoring true downY 1866 mScreenHeight 1920 mStatusBarHeight 54 globalScale -1.0
05-20 09:08:12.218 D/ViewRootImpl( 7720): swipeFromBottom mIgnoring true downY 1866 mScreenHeight 1920 mStatusBarHeight 54 globalScale -1.0
05-20 09:08:12.218 D/ViewRootImpl( 7720): swipeFromBottom mIgnoring === false downY 1866 mStatusBarHeight 54
05-20 09:08:12.239 E/ActivityThread( 7720): Failed to find provider info for com.coloros.personalassistant
05-20 09:08:14.958 E/ActivityThread( 7720): Failed to find provider info for com.coloros.personalassistant
05-20 09:08:16.675 I/chatty  ( 1690): uid=1000(system) Binder:1690_B expire 1 line
05-20 09:08:16.829 E/ActivityThread( 7720): Failed to find provider info for com.coloros.personalassistant
05-20 09:08:16.854 I/chatty  ( 1690): uid=1000(system) android.display expire 30 lines
05-20 09:08:16.914 I/chatty  ( 1690): uid=1000(system) Binder:1690_B expire 7 lines
05-20 09:08:16.952 I/chatty  ( 1690): uid=1000(system) Binder:1690_2 expire 9 lines
05-20 09:08:16.976 I/chatty  ( 1690): uid=1000(system) Binder:1690_15 expire 11 lines
05-20 09:08:16.979 I/chatty  ( 1690): uid=1000(system) Binder:1690_3 expire 7 lines
05-20 09:08:16.981 I/chatty  ( 1690): uid=1000(system) Binder:1690_E expire 7 lines
05-20 09:08:17.223 I/chatty  ( 1690): uid=1000(system) ActivityManager expire 2 lines
05-20 09:08:18.263 E/ActivityThread( 7720): Failed to find provider info for com.coloros.personalassistant
05-20 09:08:18.319 I/chatty  ( 1690): uid=1000(system) Binder:1690_F expire 9 lines
05-20 09:08:18.474 I/chatty  ( 1690): uid=1000(system) Binder:1690_6 expire 3 lines
05-20 09:08:18.501 I/chatty  ( 1690): uid=1000(system) Binder:1690_14 expire 8 lines
05-20 09:08:18.511 I/chatty  ( 1690): uid=1000(system) Binder:1690_12 expire 9 lines
05-20 09:08:18.523 I/chatty  ( 1690): uid=1000(system) Binder:1690_13 expire 4 lines
05-20 09:08:18.545 I/chatty  ( 1690): uid=1000(system) Binder:1690_1 expire 5 lines
05-20 09:08:18.547 I/chatty  ( 1690): uid=1000(system) Binder:1690_8 expire 7 lines
05-20 09:08:18.551 I/chatty  ( 1690): uid=1000(system) Binder:1690_9 expire 7 lines
05-20 09:08:18.558 I/chatty  ( 1690): uid=1000(system) Binder:1690_4 expire 6 lines
05-20 09:08:18.566 I/chatty  ( 1690): uid=1000(system) Binder:1690_10 expire 8 lines
05-20 09:08:18.576 I/chatty  ( 1690): uid=1000(system) Binder:1690_A expire 12 lines
05-20 09:08:18.619 I/chatty  ( 1690): uid=1000(system) Binder:1690_5 expire 7 lines
05-20 09:08:18.663 I/chatty  ( 1690): uid=1000(system) Binder:1690_11 expire 6 lines
05-20 09:08:18.761 I/chatty  ( 1690): uid=1000(system) Binder:1690_D expire 7 lines
05-20 09:08:19.101 I/chatty  ( 1690): uid=1000(system) WifiService expire 1 line
05-20 09:08:19.120 I/chatty  ( 1690): uid=1000(system) ConnectivitySer expire 3 lines
05-20 09:08:19.167 I/chatty  ( 1690): uid=1000(system) pool-3-thread-1 expire 1 line
05-20 09:08:19.260 I/chatty  ( 1690): uid=1000(system) BroadcastQueue expire 10 lines
05-20 09:08:19.501 I/chatty  ( 1690): uid=1000(system) Binder:1690_7 expire 1 line
05-20 09:08:19.561 I/chatty  ( 1690): uid=1000(system) ActivityManager expire 1 line
05-20 09:08:19.885 I/chatty  ( 1690): uid=1000(system) Binder:1690_C expire 3 lines
05-20 09:08:24.889 I/chatty  ( 1690): uid=1000 system_server expire 11 lines
05-20 09:09:11.304 I/chatty  ( 1690): uid=1000(system) Binder:1690_11 expire 4 lines
05-20 09:09:11.307 I/chatty  ( 1690): uid=1000(system) Binder:1690_10 expire 8 lines
05-20 09:09:11.308 I/chatty  ( 1690): uid=1000(system) Binder:1690_5 expire 3 lines
05-20 09:09:11.311 I/chatty  ( 1690): uid=1000(system) Binder:1690_14 expire 5 lines
05-20 09:09:11.315 I/chatty  ( 1690): uid=1000(system) Binder:1690_7 expire 5 lines
05-20 09:09:11.318 I/chatty  ( 1690): uid=1000(system) android.display expire 63 lines
05-20 09:09:11.354 I/chatty  ( 1690): uid=1000(system) Binder:1690_4 expire 2 lines
05-20 09:09:11.357 I/chatty  ( 1690): uid=1000(system) Binder:1690_2 expire 5 lines
05-20 09:09:11.358 I/chatty  ( 1690): uid=1000(system) Binder:1690_B expire 2 lines
05-20 09:09:11.363 I/chatty  ( 1690): uid=1000(system) Binder:1690_3 expire 3 lines
05-20 09:09:11.381 I/chatty  ( 1690): uid=1000(system) Binder:1690_12 expire 4 lines
05-20 09:09:11.726 I/chatty  ( 1690): uid=1000(system) Binder:1690_8 expire 1 line
05-20 09:09:11.738 I/chatty  ( 1690): uid=1000(system) Binder:1690_D expire 5 lines
05-20 09:09:13.424 I/chatty  ( 1690): uid=1000(system) InputDispatcher expire 2 lines
05-20 09:09:13.431 E/ActivityThread( 7720): Failed to find provider info for com.coloros.personalassistant
05-20 09:09:13.479 I/chatty  ( 1690): uid=1000(system) Binder:1690_9 expire 4 lines
05-20 09:09:13.729 I/chatty  ( 1690): uid=1000(system) ActivityManager expire 4 lines
05-20 09:09:14.744 I/chatty  ( 1690): uid=1000(system) Binder:1690_E expire 4 lines
05-20 09:09:14.772 I/chatty  ( 1690): uid=1000(system) BroadcastQueue expire 4 lines
05-20 09:09:14.776 I/chatty  ( 1690): uid=1000(system) Binder:1690_C expire 2 lines
05-20 09:09:16.226 I/chatty  ( 1690): uid=1000(system) Binder:1690_6 expire 2 lines
05-20 09:09:19.062 I/chatty  ( 1690): uid=1000(system) WifiService expire 1 line
05-20 09:09:19.067 I/chatty  ( 1690): uid=1000(system) Binder:1690_F expire 3 lines
05-20 09:09:19.072 I/chatty  ( 1690): uid=1000(system) pool-3-thread-1 expire 10 lines
05-20 09:09:19.365 I/chatty  ( 1690): uid=1000(system) Binder:1690_13 expire 5 lines
05-20 09:09:19.567 I/chatty  ( 1690): uid=1000(system) WifiStateMachin expire 1 line
05-20 09:09:19.568 I/chatty  ( 1690): uid=1000(system) ConnectivitySer expire 9 lines
05-20 09:09:19.582 I/chatty  ( 1690): uid=1000(system) WifiP2pService expire 6 lines
05-20 09:09:20.166 I/chatty  ( 1690): uid=1000(system) Binder:1690_17 expire 2 lines
05-20 09:09:20.396 I/chatty  ( 1690): uid=1000(system) android.io expire 2 lines
05-20 09:09:20.686 I/chatty  ( 1690): uid=1000(system) Binder:1690_15 expire 1 line
05-20 09:09:20.732 I/chatty  ( 1690): uid=1000(system) android.bg expire 6 lines
05-20 09:09:20.750 I/chatty  ( 1690): uid=1000(system) Binder:1690_18 expire 1 line
05-20 09:09:20.864 I/chatty  ( 1690): uid=1000(system) Binder:1690_1 expire 3 lines
05-20 09:09:21.204 I/chatty  ( 1690): uid=1000(system) Binder:1690_16 expire 9 lines
05-20 09:09:21.279 I/chatty  ( 1690): uid=1000(system) Binder:1690_9 expire 6 lines
05-20 09:09:21.295 I/chatty  ( 1690): uid=1000 system_server expire 21 lines
05-20 09:09:21.304 I/chatty  ( 1690): uid=1000(system) Binder:1690_13 expire 4 lines
05-20 09:09:21.331 I/chatty  ( 1690): uid=1000(system) Binder:1690_E expire 8 lines
05-20 09:09:21.428 I/chatty  ( 1690): uid=1000(system) Binder:1690_17 expire 5 lines
05-20 09:09:21.451 I/chatty  ( 1690): uid=1000(system) Binder:1690_10 expire 4 lines
05-20 09:09:21.571 I/chatty  ( 1690): uid=1000(system) Binder:1690_C expire 6 lines
05-20 09:09:21.614 I/chatty  ( 1690): uid=1000(system) Binder:1690_6 expire 3 lines
05-20 09:09:21.626 I/chatty  ( 1690): uid=1000(system) Binder:1690_11 expire 7 lines
05-20 09:09:21.730 I/chatty  ( 1690): uid=1000(system) Binder:1690_8 expire 5 lines
05-20 09:09:21.796 I/chatty  ( 1690): uid=1000(system) Binder:1690_3 expire 3 lines
05-20 09:09:21.822 I/chatty  ( 1690): uid=1000(system) Binder:1690_15 expire 2 lines
05-20 09:09:21.913 I/chatty  ( 1690): uid=1000(system) InputDispatcher expire 2 lines
05-20 09:09:21.918 I/chatty  ( 1690): uid=1000(system) android.display expire 54 lines
05-20 09:09:21.985 I/chatty  ( 1690): uid=1000(system) Binder:1690_1 expire 9 lines
05-20 09:09:22.253 I/chatty  ( 1690): uid=1000(system) ActivityManager expire 4 lines
05-20 09:09:23.258 I/chatty  ( 1690): uid=1000(system) Binder:1690_2 expire 5 lines
05-20 09:09:23.289 I/chatty  ( 1690): uid=1000(system) Binder:1690_F expire 7 lines
05-20 09:09:24.011 W/FileUtils( 8992): Failed to chmod(/storage/emulated/0/.mcs/mcs.db): android.system.ErrnoException: chmod failed: EPERM (Operation not permitted)
05-20 09:09:24.101 I/chatty  ( 1690): uid=1000(system) Binder:1690_7 expire 6 lines
05-20 09:09:24.151 W/FileUtils( 9062): Failed to chmod(/storage/emulated/0/.mcs/mcs.db): android.system.ErrnoException: chmod failed: EPERM (Operation not permitted)
05-20 09:09:24.888 E/ActivityThread( 7720): Failed to find provider info for com.coloros.personalassistant
05-20 09:09:27.149 I/chatty  ( 1690): uid=1000(system) Binder:1690_5 expire 4 lines
05-20 09:09:27.746 E/ActivityThread( 7720): Failed to find provider info for com.coloros.personalassistant
05-20 09:09:27.784 I/chatty  ( 1690): uid=1000(system) Binder:1690_18 expire 3 lines
05-20 09:09:27.821 I/chatty  ( 1690): uid=1000(system) Binder:1690_B expire 7 lines
05-20 09:09:29.718 I/chatty  ( 1690): uid=1000(system) Binder:1690_D expire 3 lines
05-20 09:09:29.790 E/ActivityThread( 7720): Failed to find provider info for com.coloros.personalassistant
05-20 09:09:29.976 I/chatty  ( 1690): uid=1000(system) Binder:1690_A expire 3 lines
05-20 09:09:30.919 E/ActivityThread( 7720): Failed to find provider info for com.coloros.personalassistant
05-20 09:09:32.119 I/chatty  ( 1690): uid=1000(system) Binder:1690_4 expire 2 lines
05-20 09:09:32.189 I/chatty  ( 1690): uid=1000(system) Binder:1690_12 expire 1 line
05-20 09:09:32.215 I/chatty  ( 1690): uid=1000(system) Binder:1690_14 expire 3 lines
05-20 09:09:32.446 I/chatty  ( 1690): uid=1000(system) Binder:1690_4 expire 4 lines
05-20 09:09:32.537 I/chatty  ( 1690): uid=1000(system) Binder:1690_A expire 3 lines
05-20 09:09:32.567 I/chatty  ( 1690): uid=1000(system) Binder:1690_12 expire 4 lines
05-20 09:09:32.570 I/chatty  ( 1690): uid=1000(system) Binder:1690_1 expire 2 lines
05-20 09:09:32.582 I/chatty  ( 1690): uid=1000(system) Binder:1690_5 expire 10 lines
05-20 09:09:32.783 I/chatty  ( 1690): uid=1000(system) Binder:1690_9 expire 5 lines
05-20 09:09:32.791 I/chatty  ( 1690): uid=1000(system) Binder:1690_E expire 6 lines
05-20 09:09:32.825 I/chatty  ( 1690): uid=1000(system) Binder:1690_7 expire 5 lines
05-20 09:09:32.826 I/chatty  ( 1690): uid=1000(system) WifiService expire 3 lines
05-20 09:09:35.992 I/chatty  ( 1690): uid=1000(system) Binder:1690_2 expire 2 lines
05-20 09:09:52.928 I/chatty  ( 1690): uid=1000(system) Binder:1690_11 expire 4 lines
05-20 09:09:53.026 I/chatty  ( 1690): uid=1000(system) WifiP2pService expire 20 lines
05-20 09:09:53.027 I/chatty  ( 1690): uid=1000(system) ConnectivitySer expire 22 lines
05-20 09:09:53.048 I/chatty  ( 1690): uid=1000(system) BroadcastQueue expire 13 lines
05-20 09:09:53.128 I/chatty  ( 1690): uid=1000(system) Binder:1690_16 expire 4 lines
05-20 09:09:53.149 I/chatty  ( 1690): uid=1000(system) Binder:1690_10 expire 10 lines
05-20 09:09:53.154 I/chatty  ( 1690): uid=1000(system) Binder:1690_C expire 2 lines
05-20 09:09:53.193 I/chatty  ( 1690): uid=1000(system) Binder:1690_15 expire 5 lines
05-20 09:09:53.462 I/chatty  ( 1690): uid=1000(system) android.bg expire 7 lines
05-20 09:09:53.912 I/chatty  ( 1690): uid=1000(system) WifiStateMachin expire 2 lines
05-20 09:09:54.402 I/chatty  ( 1690): uid=1000(system) Binder:1690_1A expire 2 lines
05-20 09:09:54.417 I/chatty  ( 1690): uid=1000(system) Binder:1690_13 expire 3 lines
05-20 09:09:54.468 I/chatty  ( 1690): uid=1000(system) pool-3-thread-1 expire 16 lines
05-20 09:09:54.512 I/chatty  ( 1690): uid=1000(system) Binder:1690_1B expire 5 lines
05-20 09:09:54.599 I/chatty  ( 1690): uid=1000(system) Binder:1690_8 expire 2 lines
05-20 09:09:54.624 I/chatty  ( 1690): uid=1000(system) Binder:1690_18 expire 2 lines
05-20 09:09:55.626 I/chatty  ( 1690): uid=1000(system) batterystats-sy expire 1 line
05-20 09:09:55.742 I/chatty  ( 1690): uid=1000(system) Binder:1690_D expire 5 lines
05-20 09:09:55.920 I/chatty  ( 1690): uid=1000(system) Binder:1690_17 expire 3 lines
05-20 09:09:56.064 I/chatty  ( 1690): uid=1000(system) Binder:1690_3 expire 3 lines
05-20 09:10:05.073 I/chatty  ( 1690): uid=1000 system_server expire 1 line
05-20 09:10:15.084 I/chatty  ( 1690): uid=1000(system) Binder:1690_6 expire 2 lines
05-20 09:10:32.612 I/chatty  ( 1690): uid=1000(system) android.display expire 9 lines
05-20 09:10:32.655 I/chatty  ( 1690): uid=1000(system) Binder:1690_B expire 3 lines
05-20 09:10:32.825 I/chatty  ( 1690): uid=1000(system) Binder:1690_19 expire 3 lines
05-20 09:10:32.871 I/chatty  ( 1690): uid=1000(system) android.display expire 75 lines
05-20 09:10:32.872 I/chatty  ( 1690): uid=1000(system) Binder:1690_E expire 2 lines
05-20 09:10:32.892 I/chatty  ( 1690): uid=1000(system) Binder:1690_17 expire 7 lines
05-20 09:10:32.897 I/chatty  ( 1690): uid=1000(system) Binder:1690_1 expire 4 lines
05-20 09:10:32.990 I/chatty  ( 1690): uid=1000(system) Binder:1690_9 expire 7 lines
05-20 09:10:32.994 I/chatty  ( 1690): uid=1000(system) Binder:1690_8 expire 2 lines
05-20 09:10:33.872 I/chatty  ( 1690): uid=1000(system) Binder:1690_16 expire 5 lines
05-20 09:10:33.945 I/chatty  ( 1690): uid=1000(system) Binder:1690_6 expire 3 lines
05-20 09:10:35.657 I/chatty  ( 1690): uid=1000(system) Binder:1690_7 expire 6 lines
05-20 09:10:36.078 I/chatty  ( 1690): uid=1000 system_server expire 9 lines
05-20 09:10:37.115 I/chatty  ( 1690): uid=1000(system) Binder:1690_B expire 3 lines
05-20 09:10:37.146 I/chatty  ( 1690): uid=1000(system) Binder:1690_A expire 3 lines
05-20 09:10:37.192 I/chatty  ( 1690): uid=1000(system) Binder:1690_3 expire 2 lines
05-20 09:10:37.240 I/chatty  ( 1690): uid=1000(system) Binder:1690_10 expire 7 lines
05-20 09:10:37.312 I/chatty  ( 1690): uid=1000(system) Binder:1690_D expire 4 lines
05-20 09:10:37.351 I/chatty  ( 1690): uid=1000(system) Binder:1690_1A expire 7 lines
05-20 09:10:37.405 I/chatty  ( 1690): uid=1000(system) Binder:1690_14 expire 8 lines
05-20 09:10:37.411 I/chatty  ( 1690): uid=1000(system) Binder:1690_F expire 1 line
05-20 09:10:37.429 I/chatty  ( 1690): uid=1000(system) Binder:1690_2 expire 2 lines
05-20 09:10:37.436 I/chatty  ( 1690): uid=1000(system) Binder:1690_15 expire 4 lines
05-20 09:10:37.440 I/chatty  ( 1690): uid=1000(system) Binder:1690_12 expire 4 lines
05-20 09:10:37.445 I/chatty  ( 1690): uid=1000(system) Binder:1690_5 expire 6 lines
05-20 09:10:37.484 E/ActivityThread( 7720): Failed to find provider info for com.coloros.personalassistant
05-20 09:10:37.757 I/chatty  ( 1690): uid=1000(system) Binder:1690_18 expire 3 lines
05-20 09:10:37.782 I/chatty  ( 1690): uid=1000(system) Binder:1690_4 expire 3 lines
05-20 09:10:39.147 I/chatty  ( 1690): uid=1000(system) Binder:1690_13 expire 3 lines
05-20 09:10:39.366 I/chatty  ( 1690): uid=1000(system) Binder:1690_1B expire 2 lines
05-20 09:10:39.400 I/chatty  ( 1690): uid=1000(system) Binder:1690_C expire 2 lines
05-20 09:11:36.606 I/chatty  ( 1690): uid=1000(system) android.bg expire 1 line
05-20 09:11:55.439 I/chatty  ( 1690): uid=1000(system) WifiP2pService expire 20 lines
05-20 09:12:32.914 I/chatty  ( 1690): uid=1000(system) Binder:1690_10 expire 4 lines
