05-20 10:56:04.448 I/chatty  (19412): uid=10230(com.oppo.ohome) expire 56 lines
05-20 10:56:04.453 E/ANDR-PERF-MPCTL(  592): invalid request, no optimizations performed
05-20 10:56:04.453 I/ActivityManager( 1690): START u0 {cmp=com.oppo.ohome/.MainActivity} from uid 10230 and from pid 19412 on display 0
05-20 10:56:04.456 I/chatty  ( 1690): uid=1000(system) Binder:1690_A expire 2 lines
05-20 10:56:04.459 V/WindowManager( 1690): reevaluateVisibility focusApp:AppWindowToken{3c78e9a token=Token{3644745 ActivityRecord{7511bbc u0 com.oppo.ohome/.MainActivity t171}}}
05-20 10:56:04.460 D/elsa    ( 1690): app is ProcessRecord{866878e 19431:com.oppo.ohome:dcsV2/u0a230}, isInBlackList is false, isNeedSetProcessGroup is true
05-20 10:56:04.461 I/chatty  (19412): uid=10230(com.oppo.ohome) expire 16 lines
05-20 10:56:04.462 D/elsa    ( 1690): app is ProcessRecord{866878e 19431:com.oppo.ohome:dcsV2/u0a230}, isInBlackList is false, isNeedSetProcessGroup is true
05-20 10:56:04.463 D/elsa    ( 1690): app is ProcessRecord{866878e 19431:com.oppo.ohome:dcsV2/u0a230}, isInBlackList is false, isNeedSetProcessGroup is true
05-20 10:56:04.465 I/chatty  (19431): uid=10230 com.oppo.ohome:dcsV2 expire 16 lines
05-20 10:56:04.466 D/elsa    ( 1690): app is ProcessRecord{5de911d 16501:com.oppo.usercenter/u0a87}, isInBlackList is false, isNeedSetProcessGroup is true
05-20 10:56:04.475 V/WindowManager( 1690): reevaluateVisibility focusApp:AppWindowToken{3c78e9a token=Token{3644745 ActivityRecord{7511bbc u0 com.oppo.ohome/.MainActivity t171}}}
05-20 10:56:04.547 V/WindowManager( 1690): reevaluateVisibility focusApp:AppWindowToken{3c78e9a token=Token{3644745 ActivityRecord{7511bbc u0 com.oppo.ohome/.MainActivity t171}}}
05-20 10:56:04.548 V/WindowManager( 1690): reevaluateVisibility focusApp:AppWindowToken{3c78e9a token=Token{3644745 ActivityRecord{7511bbc u0 com.oppo.ohome/.MainActivity t171}}}
05-20 10:56:04.561 I/chatty  (19412): uid=10230(com.oppo.ohome) expire 46 lines
05-20 10:56:04.566 D/elsa    ( 1690): app is ProcessRecord{5de911d 16501:com.oppo.usercenter/u0a87}, isInBlackList is false, isNeedSetProcessGroup is true
05-20 10:56:04.569 D/BluetoothManagerService( 1690): Message: 20
05-20 10:56:04.569 D/BluetoothManagerService( 1690): Added callback: android.bluetooth.IBluetoothManagerCallback$Stub$Proxy@8b119fd:true
05-20 10:56:04.578 I/chatty  (19412): uid=10230(com.oppo.ohome) expire 2 lines
05-20 10:56:04.586 V/WindowManager( 1690): Changing focus from null to Window{12ce1a7 u0 com.oppo.ohome/com.oppo.ohome.MainActivity}
05-20 10:56:04.598 V/WindowManager( 1690): reevaluateVisibility focusApp:AppWindowToken{3c78e9a token=Token{3644745 ActivityRecord{7511bbc u0 com.oppo.ohome/.MainActivity t171}}}
05-20 10:56:04.599 I/chatty  (19412): uid=10230(com.oppo.ohome) expire 10 lines
05-20 10:56:04.599 V/WindowManager( 1690): reevaluateVisibility focusApp:AppWindowToken{3c78e9a token=Token{3644745 ActivityRecord{7511bbc u0 com.oppo.ohome/.MainActivity t171}}}
05-20 10:56:04.607 D/elsa    ( 1690): app is ProcessRecord{5de911d 16501:com.oppo.usercenter/u0a87}, isInBlackList is false, isNeedSetProcessGroup is true
05-20 10:56:04.649 D/elsa    ( 1690): app is ProcessRecord{5de911d 16501:com.oppo.usercenter/u0a87}, isInBlackList is false, isNeedSetProcessGroup is true
05-20 10:56:04.655 I/chatty  (19412): uid=10230(com.oppo.ohome) expire 11 lines
05-20 10:56:04.668 V/WindowManager( 1690): reevaluateVisibility focusApp:AppWindowToken{3c78e9a token=Token{3644745 ActivityRecord{7511bbc u0 com.oppo.ohome/.MainActivity t171}}}
05-20 10:56:04.673 D/xx      ( 2406): setInputState  isInput=false isPre=false
05-20 10:56:04.673 D/xx      ( 2406): updateKeyboardKeys mComposer.update ComposingText()=
05-20 10:56:04.692 V/WindowManager( 1690): reevaluateVisibility focusApp:AppWindowToken{3c78e9a token=Token{3644745 ActivityRecord{7511bbc u0 com.oppo.ohome/.MainActivity t171}}}
05-20 10:56:04.692 V/WindowManager( 1690): reevaluateVisibility focusApp:AppWindowToken{3c78e9a token=Token{3644745 ActivityRecord{7511bbc u0 com.oppo.ohome/.MainActivity t171}}}
05-20 10:56:04.697 V/WindowManager( 1690): reevaluateVisibility focusApp:AppWindowToken{3c78e9a token=Token{3644745 ActivityRecord{7511bbc u0 com.oppo.ohome/.MainActivity t171}}}
05-20 10:56:04.712 D/elsa    ( 1690): app is ProcessRecord{866878e 19431:com.oppo.ohome:dcsV2/u0a230}, isInBlackList is false, isNeedSetProcessGroup is true
05-20 10:56:04.720 I/chatty  (19412): uid=10230(com.oppo.ohome) expire 22 lines
05-20 10:56:04.734 I/ActivityManager( 1690): Start proc 19475:com.oppo.ohome:remote/u0a230 for service com.oppo.ohome/com.baidu.location.f
05-20 10:56:04.736 I/chatty  (19475): uid=10230 com.oppo.ohome:remote expire 9 lines
05-20 10:56:04.744 I/chatty  (19412): uid=10230(com.oppo.ohome) expire 13 lines
05-20 10:56:04.764 I/chatty  (19412): uid=10230(com.oppo.ohome) expire 3 lines
05-20 10:56:04.765 D/elsa    ( 1690): app is ProcessRecord{5de911d 16501:com.oppo.usercenter/u0a87}, isInBlackList is false, isNeedSetProcessGroup is true
05-20 10:56:04.765 V/WindowManager( 1690): reevaluateVisibility focusApp:AppWindowToken{3c78e9a token=Token{3644745 ActivityRecord{7511bbc u0 com.oppo.ohome/.MainActivity t171}}}
05-20 10:56:04.769 V/WindowManager( 1690): reevaluateVisibility focusApp:AppWindowToken{3c78e9a token=Token{3644745 ActivityRecord{7511bbc u0 com.oppo.ohome/.MainActivity t171}}}
05-20 10:56:04.797 D/elsa    ( 1690): app is ProcessRecord{866878e 19431:com.oppo.ohome:dcsV2/u0a230}, isInBlackList is false, isNeedSetProcessGroup is true
05-20 10:56:04.800 D/elsa    ( 1690): app is ProcessRecord{866878e 19431:com.oppo.ohome:dcsV2/u0a230}, isInBlackList is false, isNeedSetProcessGroup is true
05-20 10:56:04.810 I/chatty  (19475): uid=10230 com.oppo.ohome:remote expire 9 lines
05-20 10:56:04.835 I/chatty  (19412): uid=10230(com.oppo.ohome) expire 3 lines
05-20 10:56:04.838 I/chatty  (19412): uid=10230(com.oppo.ohome) expire 2 lines
05-20 10:56:04.865 I/chatty  ( 1690): uid=1000(system) Binder:1690_18 expire 3 lines
05-20 10:56:04.899 I/chatty  ( 1690): uid=1000(system) Binder:1690_2 expire 3 lines
05-20 10:56:04.900 I/chatty  ( 1690): uid=1000(system) android.bg expire 4 lines
05-20 10:56:04.901 I/LocationControllerImpl( 2461): onReceive action:android.location.GPS_WORKSOURCE_CHANGE, enabled=false, mIsFix:false, mPrivacy+false
05-20 10:56:04.904 I/LocationControllerImpl( 2461): hide GPS icon
05-20 10:56:04.910 I/chatty  ( 1690): uid=1000(system) FLP Service Cal expire 14 lines
05-20 10:56:04.914 I/chatty  ( 1690): uid=1000 system_server expire 20 lines
05-20 10:56:04.926 I/NLP     ( 3470): Location result:[location successful by Baidu], reason:[network location] locType=161
05-20 10:56:05.009 I/chatty  (19475): uid=10230 com.oppo.ohome:remote expire 4 lines
05-20 10:56:05.045 D/elsa    ( 1690): app is ProcessRecord{5de911d 16501:com.oppo.usercenter/u0a87}, isInBlackList is false, isNeedSetProcessGroup is true
05-20 10:56:05.057 I/chatty  (19412): uid=10230(com.oppo.ohome) expire 17 lines
05-20 10:56:05.063 I/chatty  (19412): uid=10230(com.oppo.ohome) expire 9 lines
05-20 10:56:05.071 I/chatty  ( 1690): uid=1000(system) Binder:1690_1B expire 4 lines
05-20 10:56:05.071 D/elsa    ( 1690): app is ProcessRecord{e059911 19475:com.oppo.ohome:remote/u0a230}, isInBlackList is false, isNeedSetProcessGroup is true
05-20 10:56:05.074 D/elsa    ( 1690): app is ProcessRecord{5de911d 16501:com.oppo.usercenter/u0a87}, isInBlackList is false, isNeedSetProcessGroup is true
05-20 10:56:05.079 I/LocationControllerImpl( 2461): onReceive action:android.location.GPS_WORKSOURCE_CHANGE, enabled=false, mIsFix:false, mPrivacy+false
05-20 10:56:05.079 I/LocationControllerImpl( 2461): hide GPS icon
05-20 10:56:05.090 I/chatty  ( 1690): uid=1000(system) Binder:1690_D expire 3 lines
05-20 10:56:05.107 I/ActivityManager( 1690): Process com.oppo.ohome:remote (pid 19475) has died
05-20 10:56:05.108 D/ActivityManager( 1690): cleanUpApplicationRecord -- 19475
05-20 10:56:05.265 D/elsa    ( 1690): app is ProcessRecord{5de911d 16501:com.oppo.usercenter/u0a87}, isInBlackList is false, isNeedSetProcessGroup is true
05-20 10:56:05.320 D/xx      ( 2406): setInputState  isInput=false isPre=false
05-20 10:56:05.320 D/xx      ( 2406): updateKeyboardKeys mComposer.update ComposingText()=
05-20 10:56:05.320 D/elsa    ( 1690): app is ProcessRecord{5de911d 16501:com.oppo.usercenter/u0a87}, isInBlackList is false, isNeedSetProcessGroup is true
05-20 10:56:05.364 D/elsa    ( 1690): app is ProcessRecord{5197834 3569:com.oppo.launcher/u0a17}, isInBlackList is false, isNeedSetProcessGroup is true
05-20 10:56:05.364 I/Launcher.LauncherTraceUtil( 3569): writeLauncherStateToFile. The mStateTrace is null!
05-20 10:56:05.685 I/chatty  (19412): uid=10230(com.oppo.ohome) expire 3 lines
05-20 10:56:05.851 D/WorkerThreadMonitor( 3393): Kill MSF check result[ senderSize:0,sendInterval:4969256,receiveInterval=15135,addCmdCount=13
05-20 10:56:05.934 I/chatty  ( 1690): uid=1000(system) GNPProxy expire 25 lines
05-20 10:56:05.944 I/NLP     ( 3470): Location result:[location successful by Baidu], reason:[network location] locType=161
05-20 10:56:06.195 D/        (  683): power_monitor upthreshold 0, downthreshold 0 , temp1 352, temp2 349
05-20 10:56:06.264 E/ANDR-PERF-RESOURCEQS(  592): Failed to reset optimization [3, 0]
05-20 10:56:07.206 D/elsa    ( 1690): app is ProcessRecord{866878e 19431:com.oppo.ohome:dcsV2/u0a230}, isInBlackList is false, isNeedSetProcessGroup is true
05-20 10:56:07.207 D/elsa    ( 1690): app is ProcessRecord{866878e 19431:com.oppo.ohome:dcsV2/u0a230}, isInBlackList is false, isNeedSetProcessGroup is true
05-20 10:56:07.208 D/elsa    ( 1690): app is ProcessRecord{866878e 19431:com.oppo.ohome:dcsV2/u0a230}, isInBlackList is false, isNeedSetProcessGroup is true
05-20 10:56:07.209 I/chatty  (19431): uid=10230 com.oppo.ohome:dcsV2 expire 16 lines
05-20 10:56:07.240 V/WindowManager( 1690): Changing focus from Window{12ce1a7 u0 com.oppo.ohome/com.oppo.ohome.MainActivity} to Window{19b54d u0 ...}
05-20 10:56:07.243 D/elsa    ( 1690): app is ProcessRecord{866878e 19431:com.oppo.ohome:dcsV2/u0a230}, isInBlackList is false, isNeedSetProcessGroup is true
05-20 10:56:07.245 D/elsa    ( 1690): app is ProcessRecord{5de911d 16501:com.oppo.usercenter/u0a87}, isInBlackList is false, isNeedSetProcessGroup is true
05-20 10:56:07.268 V/WindowManager( 1690): reevaluateVisibility focusApp:AppWindowToken{3c78e9a token=Token{3644745 ActivityRecord{7511bbc u0 com.oppo.ohome/.MainActivity t171}}}
05-20 10:56:07.268 V/WindowManager( 1690): reevaluateVisibility focusApp:AppWindowToken{3c78e9a token=Token{3644745 ActivityRecord{7511bbc u0 com.oppo.ohome/.MainActivity t171}}}
05-20 10:56:07.271 D/elsa    ( 1690): app is ProcessRecord{5de911d 16501:com.oppo.usercenter/u0a87}, isInBlackList is false, isNeedSetProcessGroup is true
05-20 10:56:07.285 V/WindowManager( 1690): reevaluateVisibility focusApp:AppWindowToken{3c78e9a token=Token{3644745 ActivityRecord{7511bbc u0 com.oppo.ohome/.MainActivity t171}}}
05-20 10:56:07.286 V/WindowManager( 1690): reevaluateVisibility focusApp:AppWindowToken{3c78e9a token=Token{3644745 ActivityRecord{7511bbc u0 com.oppo.ohome/.MainActivity t171}}}
05-20 10:56:07.334 V/WindowManager( 1690): reevaluateVisibility focusApp:AppWindowToken{3c78e9a token=Token{3644745 ActivityRecord{7511bbc u0 com.oppo.ohome/.MainActivity t171}}}
05-20 10:56:07.371 V/WindowManager( 1690): Changing focus from Window{19b54d u0 ... EXITING} to Window{12ce1a7 u0 com.oppo.ohome/com.oppo.ohome.MainActivity}
05-20 10:56:07.384 V/WindowManager( 1690): reevaluateVisibility focusApp:AppWindowToken{3c78e9a token=Token{3644745 ActivityRecord{7511bbc u0 com.oppo.ohome/.MainActivity t171}}}
05-20 10:56:07.388 W/InputMethodManagerService( 1690): Window already focused, ignoring focus gain of: com.android.internal.view.IInputMethodClient$Stub$Proxy@ce99f6f attribute=null, token = android.os.BinderProxy@9fffa66
05-20 10:56:07.402 I/ActivityManager( 1690): Start proc 19523:com.nearme.instant.platform/u0a226 for content provider com.nearme.instant.platform/com.nearme.instant.dispatcher.entry.provider.HapAppProvider
05-20 10:56:07.424 I/chatty  (19523): uid=10226(com.nearme.instant.platform) expire 17 lines
05-20 10:56:07.448 D/elsa    ( 1690): app is ProcessRecord{ce6e47c 19523:com.nearme.instant.platform/u0a226}, isInBlackList is false, isNeedSetProcessGroup is true
05-20 10:56:07.477 W/ActivityThread(19523): ClassLoader.loadClass: The class loader returned by Thread.getContextClassLoader() may fail for processes that host multiple applications. You should explicitly specify a context class loader. For example: Thread.setContextClassLoader(getClass().getClassLoader());
05-20 10:56:07.502 V/WindowManager( 1690): reevaluateVisibility focusApp:AppWindowToken{3c78e9a token=Token{3644745 ActivityRecord{7511bbc u0 com.oppo.ohome/.MainActivity t171}}}
05-20 10:56:07.503 V/WindowManager( 1690): reevaluateVisibility focusApp:AppWindowToken{3c78e9a token=Token{3644745 ActivityRecord{7511bbc u0 com.oppo.ohome/.MainActivity t171}}}
05-20 10:56:07.515 I/ActivityManager( 1690): Start proc 19560:com.nearme.instant.platform:provider/u0a226 for content provider com.nearme.instant.platform/com.nearme.instant.bridge.provider.adapter.SettingsProvider
05-20 10:56:07.521 I/chatty  (19523): uid=10226(com.nearme.instant.platform) CokaIO-1 expire 12 lines
05-20 10:56:07.521 D/elsa    ( 1690): app is ProcessRecord{5ae26b9 19560:com.nearme.instant.platform:provider/u0a226}, isInBlackList is false, isNeedSetProcessGroup is true
05-20 10:56:07.524 I/chatty  (19523): uid=10226(com.nearme.instant.platform) expire 2 lines
05-20 10:56:07.526 I/chatty  (19523): uid=10226(com.nearme.instant.platform) CokaIO-2 expire 12 lines
05-20 10:56:07.547 I/chatty  (19560): uid=10226 com.nearme.instant.platform:provider expire 10 lines
05-20 10:56:07.556 I/chatty  (19523): uid=10226(com.nearme.instant.platform) CokaCu-1 expire 26 lines
05-20 10:56:07.556 I/chatty  (19523): uid=10226(com.nearme.instant.platform) CokaCu-2 expire 1 line
05-20 10:56:07.610 E/ANDR-PERF-MPCTL(  592): invalid request, no optimizations performed
05-20 10:56:07.610 I/ActivityManager( 1690): START u0 {act=com.nearme.instant.action.LAUNCH dat=hap://app/com.midea.iot.application/0xFC?deviceSeries=182736450&_DSP_=1&deviceId=2199023352417 flg=0x10008000 cmp=com.nearme.instant.platform/com.nearme.instant.LauncherActivity$Launcher0 (has extras)} from uid 10226 and from pid 19523 on display 0
05-20 10:56:07.612 E/ANDR-PERF-MPCTL(  592): Invalid profile no. 0, total profiles 0 only
05-20 10:56:07.615 V/WindowManager( 1690): Changing focus from Window{12ce1a7 u0 com.oppo.ohome/com.oppo.ohome.MainActivity} to null
05-20 10:56:07.632 I/ActivityManager( 1690): Start proc 19601:com.nearme.instant.platform:Launcher0/u0a226 for activity com.nearme.instant.platform/com.nearme.instant.LauncherActivity$Launcher0
05-20 10:56:07.633 E/ANDR-PERF-RESOURCEQS(  592): Failed to apply optimization [3, 22]
05-20 10:56:07.657 V/WindowManager( 1690): reevaluateVisibility focusApp:AppWindowToken{5117f62 token=Token{c829d44 ActivityRecord{811e57 u0 com.nearme.instant.platform/com.nearme.instant.LauncherActivity$Launcher0 t172}}}
05-20 10:56:07.658 V/WindowManager( 1690): reevaluateVisibility focusApp:AppWindowToken{5117f62 token=Token{c829d44 ActivityRecord{811e57 u0 com.nearme.instant.platform/com.nearme.instant.LauncherActivity$Launcher0 t172}}}
05-20 10:56:07.669 D/elsa    ( 1690): app is ProcessRecord{11c37b6 19412:com.oppo.ohome/u0a230}, isInBlackList is false, isNeedSetProcessGroup is true
05-20 10:56:07.671 V/WindowManager( 1690): reevaluateVisibility focusApp:AppWindowToken{5117f62 token=Token{c829d44 ActivityRecord{811e57 u0 com.nearme.instant.platform/com.nearme.instant.LauncherActivity$Launcher0 t172}}}
05-20 10:56:07.671 I/chatty  (19523): uid=10226(com.nearme.instant.platform) expire 11 lines
05-20 10:56:07.677 D/elsa    ( 1690): app is ProcessRecord{fb04b47 19601:com.nearme.instant.platform:Launcher0/u0a226}, isInBlackList is false, isNeedSetProcessGroup is true
05-20 10:56:07.693 V/WindowManager( 1690): reevaluateVisibility focusApp:AppWindowToken{5117f62 token=Token{c829d44 ActivityRecord{811e57 u0 com.nearme.instant.platform/com.nearme.instant.LauncherActivity$Launcher0 t172}}}
05-20 10:56:07.694 V/WindowManager( 1690): reevaluateVisibility focusApp:AppWindowToken{5117f62 token=Token{c829d44 ActivityRecord{811e57 u0 com.nearme.instant.platform/com.nearme.instant.LauncherActivity$Launcher0 t172}}}
05-20 10:56:07.709 I/chatty  (19601): uid=10226 com.nearme.instant.platform:Launcher0 expire 47 lines
05-20 10:56:07.712 D/elsa    ( 1690): app is ProcessRecord{ce6e47c 19523:com.nearme.instant.platform/u0a226}, isInBlackList is false, isNeedSetProcessGroup is true
05-20 10:56:07.719 I/chatty  (19523): uid=10226(com.nearme.instant.platform) CokaCu-4 expire 2 lines
05-20 10:56:07.721 D/elsa    ( 1690): app is ProcessRecord{5de911d 16501:com.oppo.usercenter/u0a87}, isInBlackList is false, isNeedSetProcessGroup is true
05-20 10:56:07.724 I/chatty  (19412): uid=10230(com.oppo.ohome) expire 6 lines
05-20 10:56:07.726 D/elsa    ( 1690): app is ProcessRecord{ce6e47c 19523:com.nearme.instant.platform/u0a226}, isInBlackList is false, isNeedSetProcessGroup is true
05-20 10:56:07.727 D/elsa    ( 1690): app is ProcessRecord{5de911d 16501:com.oppo.usercenter/u0a87}, isInBlackList is false, isNeedSetProcessGroup is true
05-20 10:56:07.736 I/chatty  (19523): uid=10226(com.nearme.instant.platform) CokaIO-4 expire 11 lines
05-20 10:56:07.738 I/chatty  (19523): uid=10226(com.nearme.instant.platform) CokaIO-6 expire 10 lines
05-20 10:56:07.739 I/chatty  (19523): uid=10226(com.nearme.instant.platform) CokaIO-7 expire 10 lines
05-20 10:56:07.740 I/chatty  (19523): uid=10226(com.nearme.instant.platform) CokaIO-9 expire 10 lines
05-20 10:56:07.741 I/chatty  (19523): uid=10226(com.nearme.instant.platform) CokaIO-11 expire 38 lines
05-20 10:56:07.742 I/chatty  (19523): uid=10226(com.nearme.instant.platform) CokaIO-10 expire 38 lines
05-20 10:56:07.744 I/chatty  (19523): uid=10226(com.nearme.instant.platform) CokaIO-12 expire 11 lines
05-20 10:56:07.744 I/chatty  (19523): uid=10226(com.nearme.instant.platform) CokaIO-3 expire 10 lines
05-20 10:56:07.746 I/chatty  (19523): uid=10226(com.nearme.instant.platform) CokaIO-14 expire 10 lines
05-20 10:56:07.746 I/chatty  (19523): uid=10226(com.nearme.instant.platform) CokaIO-5 expire 10 lines
05-20 10:56:07.747 I/chatty  (19523): uid=10226(com.nearme.instant.platform) CokaIO-8 expire 10 lines
05-20 10:56:07.749 I/chatty  (19523): uid=10226(com.nearme.instant.platform) CokaIO-13 expire 10 lines
05-20 10:56:07.749 I/chatty  (19523): uid=10226(com.nearme.instant.platform) CokaIO-15 expire 10 lines
05-20 10:56:07.753 I/chatty  (19523): uid=10226(com.nearme.instant.platform) CokaIO-16 expire 11 lines
05-20 10:56:07.757 I/chatty  (19523): uid=10226(com.nearme.instant.platform) CokaIO-17 expire 13 lines
05-20 10:56:07.763 I/chatty  (19601): uid=10226 com.nearme.instant.platform:Launcher0 expire 14 lines
05-20 10:56:07.776 D/PackageManager( 1690):  getInstalledPackages shareName = oppo.uid.instant
05-20 10:56:07.777 D/PackageManager( 1690):  getInstalledPackages shareUidPkg = com.nearme.instant.platform
05-20 10:56:07.811 D/elsa    ( 1690): app is ProcessRecord{5197834 3569:com.oppo.launcher/u0a17}, isInBlackList is false, isNeedSetProcessGroup is true
05-20 10:56:07.818 D/elsa    ( 1690): app is ProcessRecord{5ae26b9 19560:com.nearme.instant.platform:provider/u0a226}, isInBlackList is false, isNeedSetProcessGroup is true
05-20 10:56:07.846 I/chatty  (19601): uid=10226 com.nearme.instant.platform:Launcher0 expire 7 lines
05-20 10:56:07.846 I/chatty  (19601): uid=10226 com.nearme.instant.platform:Launcher0 expire 6 lines
05-20 10:56:07.856 D/elsa    ( 1690): app is ProcessRecord{5de911d 16501:com.oppo.usercenter/u0a87}, isInBlackList is false, isNeedSetProcessGroup is true
05-20 10:56:07.857 D/elsa    ( 1690): app is ProcessRecord{ce6e47c 19523:com.nearme.instant.platform/u0a226}, isInBlackList is false, isNeedSetProcessGroup is true
05-20 10:56:07.860 W/ActivityThread(19601): ClassLoader.loadClass: The class loader returned by Thread.getContextClassLoader() may fail for processes that host multiple applications. You should explicitly specify a context class loader. For example: Thread.setContextClassLoader(getClass().getClassLoader());
05-20 10:56:07.873 I/chatty  (19601): uid=10226 com.nearme.instant.platform:Launcher0 expire 19 lines
05-20 10:56:07.943 D/elsa    ( 1690): app is ProcessRecord{5197834 3569:com.oppo.launcher/u0a17}, isInBlackList is false, isNeedSetProcessGroup is true
05-20 10:56:07.951 D/elsa    ( 1690): app is ProcessRecord{5de911d 16501:com.oppo.usercenter/u0a87}, isInBlackList is false, isNeedSetProcessGroup is true
05-20 10:56:07.966 V/WindowManager( 1690): Changing focus from null to Window{c3c9437 u0 com.nearme.instant.platform/com.nearme.instant.LauncherActivity$Launcher0}
05-20 10:56:07.969 D/elsa    ( 1690): app is ProcessRecord{5de911d 16501:com.oppo.usercenter/u0a87}, isInBlackList is false, isNeedSetProcessGroup is true
05-20 10:56:07.977 I/chatty  (19601): uid=10226 com.nearme.instant.platform:Launcher0 expire 2 lines
05-20 10:56:07.979 I/chatty  (19523): uid=10226(com.nearme.instant.platform) expire 14 lines
05-20 10:56:07.980 D/elsa    ( 1690): app is ProcessRecord{5de911d 16501:com.oppo.usercenter/u0a87}, isInBlackList is false, isNeedSetProcessGroup is true
05-20 10:56:07.983 D/elsa    ( 1690): app is ProcessRecord{5ae26b9 19560:com.nearme.instant.platform:provider/u0a226}, isInBlackList is false, isNeedSetProcessGroup is true
05-20 10:56:07.986 D/elsa    ( 1690): app is ProcessRecord{5de911d 16501:com.oppo.usercenter/u0a87}, isInBlackList is false, isNeedSetProcessGroup is true
05-20 10:56:07.995 I/chatty  (19601): uid=10226 com.nearme.instant.platform:Launcher0 expire 11 lines
05-20 10:56:07.995 V/WindowManager( 1690): reevaluateVisibility focusApp:AppWindowToken{5117f62 token=Token{c829d44 ActivityRecord{811e57 u0 com.nearme.instant.platform/com.nearme.instant.LauncherActivity$Launcher0 t172}}}
05-20 10:56:07.996 V/WindowManager( 1690): reevaluateVisibility focusApp:AppWindowToken{5117f62 token=Token{c829d44 ActivityRecord{811e57 u0 com.nearme.instant.platform/com.nearme.instant.LauncherActivity$Launcher0 t172}}}
05-20 10:56:07.997 I/chatty  (19523): uid=10226(com.nearme.instant.platform) CokaIO-19 expire 10 lines
05-20 10:56:07.999 D/elsa    ( 1690): app is ProcessRecord{5de911d 16501:com.oppo.usercenter/u0a87}, isInBlackList is false, isNeedSetProcessGroup is true
05-20 10:56:08.002 I/chatty  (19523): uid=10226(com.nearme.instant.platform) CokaIO-18 expire 13 lines
05-20 10:56:08.035 D/elsa    ( 1690): app is ProcessRecord{5de911d 16501:com.oppo.usercenter/u0a87}, isInBlackList is false, isNeedSetProcessGroup is true
05-20 10:56:08.041 V/WindowManager( 1690): reevaluateVisibility focusApp:AppWindowToken{5117f62 token=Token{c829d44 ActivityRecord{811e57 u0 com.nearme.instant.platform/com.nearme.instant.LauncherActivity$Launcher0 t172}}}
05-20 10:56:08.049 D/elsa    ( 1690): app is ProcessRecord{5de911d 16501:com.oppo.usercenter/u0a87}, isInBlackList is false, isNeedSetProcessGroup is true
05-20 10:56:08.051 D/xx      ( 2406): setInputState  isInput=false isPre=false
05-20 10:56:08.051 D/xx      ( 2406): updateKeyboardKeys mComposer.update ComposingText()=
05-20 10:56:08.057 V/WindowManager( 1690): reevaluateVisibility focusApp:AppWindowToken{5117f62 token=Token{c829d44 ActivityRecord{811e57 u0 com.nearme.instant.platform/com.nearme.instant.LauncherActivity$Launcher0 t172}}}
05-20 10:56:08.061 V/WindowManager( 1690): reevaluateVisibility focusApp:AppWindowToken{5117f62 token=Token{c829d44 ActivityRecord{811e57 u0 com.nearme.instant.platform/com.nearme.instant.LauncherActivity$Launcher0 t172}}}
05-20 10:56:08.069 V/WindowManager( 1690): reevaluateVisibility focusApp:AppWindowToken{5117f62 token=Token{c829d44 ActivityRecord{811e57 u0 com.nearme.instant.platform/com.nearme.instant.LauncherActivity$Launcher0 t172}}}
05-20 10:56:08.070 D/elsa    ( 1690): app is ProcessRecord{11c37b6 19412:com.oppo.ohome/u0a230}, isInBlackList is false, isNeedSetProcessGroup is true
05-20 10:56:08.077 I/chatty  (19601): uid=10226 com.nearme.instant.platform:Launcher0 expire 15 lines
05-20 10:56:08.077 I/chatty  (19601): uid=10226 com.nearme.instant.platform:Launcher0 expire 13 lines
05-20 10:56:08.078 I/chatty  (19431): uid=10230 com.oppo.ohome:dcsV2 expire 223 lines
05-20 10:56:08.084 D/elsa    ( 1690): app is ProcessRecord{5ae26b9 19560:com.nearme.instant.platform:provider/u0a226}, isInBlackList is false, isNeedSetProcessGroup is true
05-20 10:56:08.090 D/elsa    ( 1690): app is ProcessRecord{5ae26b9 19560:com.nearme.instant.platform:provider/u0a226}, isInBlackList is false, isNeedSetProcessGroup is true
05-20 10:56:08.092 D/elsa    ( 1690): app is ProcessRecord{5ae26b9 19560:com.nearme.instant.platform:provider/u0a226}, isInBlackList is false, isNeedSetProcessGroup is true
05-20 10:56:08.101 D/elsa    ( 1690): app is ProcessRecord{5ae26b9 19560:com.nearme.instant.platform:provider/u0a226}, isInBlackList is false, isNeedSetProcessGroup is true
05-20 10:56:08.127 I/chatty  (19601): uid=10226 com.nearme.instant.platform:Launcher0 expire 2 lines
05-20 10:56:08.138 V/WindowManager( 1690): reevaluateVisibility focusApp:AppWindowToken{5117f62 token=Token{c829d44 ActivityRecord{811e57 u0 com.nearme.instant.platform/com.nearme.instant.LauncherActivity$Launcher0 t172}}}
05-20 10:56:08.140 V/WindowManager( 1690): reevaluateVisibility focusApp:AppWindowToken{5117f62 token=Token{c829d44 ActivityRecord{811e57 u0 com.nearme.instant.platform/com.nearme.instant.LauncherActivity$Launcher0 t172}}}
05-20 10:56:08.190 D/TrafficStatsHelper( 2461): ifaceNames[0]:lo
05-20 10:56:08.190 D/TrafficStatsHelper( 2461): ifaceNames[1]:wlan0
05-20 10:56:08.190 D/TrafficStatsHelper( 2461): ifaceNames[2]:dummy0
05-20 10:56:08.191 D/TrafficStatsHelper( 2461): transmitted_validWifiData.get(0) = wlan0
05-20 10:56:08.304 I/chatty  (19601): uid=10226 com.nearme.instant.platform:Launcher0 expire 2 lines
05-20 10:56:08.340 D/elsa    ( 1690): app is ProcessRecord{5de911d 16501:com.oppo.usercenter/u0a87}, isInBlackList is false, isNeedSetProcessGroup is true
05-20 10:56:08.344 D/elsa    ( 1690): app is ProcessRecord{5de911d 16501:com.oppo.usercenter/u0a87}, isInBlackList is false, isNeedSetProcessGroup is true
05-20 10:56:08.408 D/elsa    ( 1690): app is ProcessRecord{5de911d 16501:com.oppo.usercenter/u0a87}, isInBlackList is false, isNeedSetProcessGroup is true
05-20 10:56:08.427 D/elsa    ( 1690): app is ProcessRecord{5ae26b9 19560:com.nearme.instant.platform:provider/u0a226}, isInBlackList is false, isNeedSetProcessGroup is true
05-20 10:56:08.434 V/WindowManager( 1690): reevaluateVisibility focusApp:AppWindowToken{5117f62 token=Token{c829d44 ActivityRecord{811e57 u0 com.nearme.instant.platform/com.nearme.instant.LauncherActivity$Launcher0 t172}}}
05-20 10:56:08.437 I/chatty  (19601): uid=10226 com.nearme.instant.platform:Launcher0 expire 4 lines
05-20 10:56:08.439 D/elsa    ( 1690): app is ProcessRecord{5de911d 16501:com.oppo.usercenter/u0a87}, isInBlackList is false, isNeedSetProcessGroup is true
05-20 10:56:08.442 I/chatty  (19601): uid=10226 com.nearme.instant.platform:Launcher0 expire 4 lines
05-20 10:56:08.447 D/elsa    ( 1690): app is ProcessRecord{5de911d 16501:com.oppo.usercenter/u0a87}, isInBlackList is false, isNeedSetProcessGroup is true
05-20 10:56:08.451 I/chatty  (19601): uid=10226 com.nearme.instant.platform:Launcher0 expire 4 lines
05-20 10:56:08.474 I/chatty  (19601): uid=10226 com.nearme.instant.platform:Launcher0 expire 12 lines
05-20 10:56:08.474 I/chatty  (19601): uid=10226 com.nearme.instant.platform:Launcher0 expire 13 lines
05-20 10:56:08.477 I/chatty  (19601): uid=10226 com.nearme.instant.platform:Launcher0 expire 12 lines
05-20 10:56:08.478 I/chatty  (19601): uid=10226 com.nearme.instant.platform:Launcher0 expire 12 lines
05-20 10:56:08.479 I/chatty  (19601): uid=10226 com.nearme.instant.platform:Launcher0 expire 10 lines
05-20 10:56:08.480 I/chatty  (19601): uid=10226 com.nearme.instant.platform:Launcher0 expire 13 lines
05-20 10:56:08.481 I/chatty  (19601): uid=10226 com.nearme.instant.platform:Launcher0 expire 10 lines
05-20 10:56:08.483 V/WindowManager( 1690): reevaluateVisibility focusApp:AppWindowToken{5117f62 token=Token{c829d44 ActivityRecord{811e57 u0 com.nearme.instant.platform/com.nearme.instant.LauncherActivity$Launcher0 t172}}}
05-20 10:56:08.484 D/elsa    ( 1690): app is ProcessRecord{5ae26b9 19560:com.nearme.instant.platform:provider/u0a226}, isInBlackList is false, isNeedSetProcessGroup is true
05-20 10:56:08.487 D/elsa    ( 1690): app is ProcessRecord{5de911d 16501:com.oppo.usercenter/u0a87}, isInBlackList is false, isNeedSetProcessGroup is true
05-20 10:56:08.676 I/chatty  ( 1690): uid=1000(system) Binder:1690_12 expire 2 lines
05-20 10:56:09.612 E/ANDR-PERF-RESOURCEQS(  592): Failed to reset optimization [3, 0]
05-20 10:56:10.368 I/JobServiceContext( 1690): Client timed out while executing (no jobFinished received). sending onStop. 89094cb #1000/1001 com.oppo.logkit/.service.UploadJobSchedulerService
05-20 10:56:10.369 V/UploadJobSchedulerService(17146): onStopJob
05-20 10:56:10.369 V/UploadJobSchedulerService(17146): cancel
05-20 10:56:10.369 V/UploadJobSchedulerService(17146): destoryService
05-20 10:56:10.602 I/chatty  ( 1690): uid=1000(system) WifiStateMachin expire 53 lines
05-20 10:56:10.677 I/chatty  ( 1690): uid=1000(system) Binder:1690_15 expire 3 lines
05-20 10:56:10.860 D/elsa    ( 1690): app is ProcessRecord{5de911d 16501:com.oppo.usercenter/u0a87}, isInBlackList is false, isNeedSetProcessGroup is true
05-20 10:56:10.865 D/elsa    ( 1690): app is ProcessRecord{5de911d 16501:com.oppo.usercenter/u0a87}, isInBlackList is false, isNeedSetProcessGroup is true
05-20 10:56:11.307 I/chatty  (19523): uid=10226(com.nearme.instant.platform) Binder:19523_2 expire 1 line
05-20 10:56:11.309 I/chatty  (19523): uid=10226(com.nearme.instant.platform) Binder:19523_3 expire 1 line
05-20 10:56:11.621 I/QtiTetherService( 2570): limitReached Alert received limitName: globalAlert on Interface: wlan0
05-20 10:56:11.621 I/chatty  ( 1690): uid=1000(system) NetworkStats expire 10 lines
05-20 10:56:11.622 D/QtiTetherService/IpaWrapper( 2570): peekStats()
05-20 10:56:11.624 D/QtiTetherService/IpaWrapper( 2570): getStats(false)
05-20 10:56:11.632 I/chatty  ( 1690): uid=1000(system) NetworkPolicy expire 4 lines
05-20 10:56:11.678 I/chatty  ( 1690): uid=1000(system) Binder:1690_10 expire 4 lines
05-20 10:56:12.190 D/TrafficStatsHelper( 2461): ifaceNames[0]:lo
05-20 10:56:12.190 D/TrafficStatsHelper( 2461): ifaceNames[1]:wlan0
05-20 10:56:12.190 D/TrafficStatsHelper( 2461): ifaceNames[2]:dummy0
05-20 10:56:12.191 D/TrafficStatsHelper( 2461): transmitted_validWifiData.get(0) = wlan0
05-20 10:56:13.701 I/PlayCommon(16269): [586] aceg.d(23): Preparing logs for uploading
05-20 10:56:13.705 I/PlayCommon(16269): [586] aceg.d(212): Connecting to server for timestamp: https://play.googleapis.com/play/log/timestamp
05-20 10:56:13.711 D/libc-netbsd(16269): [getaddrinfo]:  hostname=play.googleapis.com;  servname=(null);  app_pid=16269;  app_uid=10134;  ai_flags=1024;  ai_family=0; ai_socktype=1 from prox result 0
05-20 10:56:16.193 D/TrafficStatsHelper( 2461): ifaceNames[0]:lo
05-20 10:56:16.193 D/TrafficStatsHelper( 2461): ifaceNames[1]:wlan0
05-20 10:56:16.193 D/TrafficStatsHelper( 2461): ifaceNames[2]:dummy0
05-20 10:56:16.194 D/TrafficStatsHelper( 2461): transmitted_validWifiData.get(0) = wlan0
05-20 10:56:17.259 D/fpc_tac (  959): fpc_tee_set_zone, status code: 0
05-20 10:56:17.259 D/fpc_hal (  959): nav_event_report_keydown
05-20 10:56:17.260 D/fpc_tac (  959): fpc_tee_wait_finger_lost_without_interrupt
05-20 10:56:17.385 D/fpc_tac (  959): monitor_trigger before there is no touch down
05-20 10:56:17.385 D/fpc_hal (  959): nav_event_report_keyup
05-20 10:56:17.395 D/fpc_tac (  959): fpc_irq_wait
05-20 10:56:17.436 I/Divider ( 3129): receive home key!
05-20 10:56:17.436 E/ANDR-PERF-MPCTL(  592): invalid request, no optimizations performed
05-20 10:56:17.437 I/ActivityManager( 1690): START u0 {act=android.intent.action.MAIN cat=[android.intent.category.HOME] flg=0x10200000 cmp=com.oppo.launcher/.Launcher (has extras)} from uid 1000 and from pid 1690 on display 0
05-20 10:56:17.438 V/WindowManager( 1690): Changing focus from Window{c3c9437 u0 com.nearme.instant.platform/com.nearme.instant.LauncherActivity$Launcher0} to null
05-20 10:56:17.441 V/WindowManager( 1690): reevaluateVisibility focusApp:AppWindowToken{fc1fc58 token=Token{49fb7ca ActivityRecord{ec4f56c u0 com.oppo.launcher/.Launcher t114}}}
05-20 10:56:17.444 V/WindowManager( 1690): reevaluateVisibility focusApp:AppWindowToken{fc1fc58 token=Token{49fb7ca ActivityRecord{ec4f56c u0 com.oppo.launcher/.Launcher t114}}}
05-20 10:56:17.447 D/elsa    ( 1690): app is ProcessRecord{5197834 3569:com.oppo.launcher/u0a17}, isInBlackList is false, isNeedSetProcessGroup is true
05-20 10:56:17.448 D/elsa    ( 1690): app is ProcessRecord{fb04b47 19601:com.nearme.instant.platform:Launcher0/u0a226}, isInBlackList is false, isNeedSetProcessGroup is true
05-20 10:56:17.456 E/OpenGLRenderer( 3569): hwui_debug::CanvasContext createSurface sur=0x0, isValid =0
05-20 10:56:17.470 V/WindowManager( 1690): reevaluateVisibility focusApp:AppWindowToken{fc1fc58 token=Token{49fb7ca ActivityRecord{ec4f56c u0 com.oppo.launcher/.Launcher t114}}}
05-20 10:56:17.479 D/Launcher.Launcher( 3569):  onResume restoring = false, loading = false :ScreenState, visible = false, pause = true, screenOn = true, kgdLocked = false
05-20 10:56:17.486 D/Launcher.Launcher( 3569): onResume end, this = com.oppo.launcher.Launcher@ecba8eb
05-20 10:56:17.491 V/WindowManager( 1690): Changing focus from null to Window{169586c u0 com.oppo.launcher/com.oppo.launcher.Launcher}
05-20 10:56:17.493 V/WindowManager( 1690): reevaluateVisibility focusApp:AppWindowToken{fc1fc58 token=Token{49fb7ca ActivityRecord{ec4f56c u0 com.oppo.launcher/.Launcher t114}}}
05-20 10:56:17.510 D/xx      ( 2406): setInputState  isInput=false isPre=false
05-20 10:56:17.510 D/xx      ( 2406): updateKeyboardKeys mComposer.update ComposingText()=
05-20 10:56:17.528 V/WindowManager( 1690): reevaluateVisibility focusApp:AppWindowToken{fc1fc58 token=Token{49fb7ca ActivityRecord{ec4f56c u0 com.oppo.launcher/.Launcher t114}}}
05-20 10:56:17.528 V/WindowManager( 1690): reevaluateVisibility focusApp:AppWindowToken{fc1fc58 token=Token{49fb7ca ActivityRecord{ec4f56c u0 com.oppo.launcher/.Launcher t114}}}
05-20 10:56:17.543 V/WindowManager( 1690): reevaluateVisibility focusApp:AppWindowToken{fc1fc58 token=Token{49fb7ca ActivityRecord{ec4f56c u0 com.oppo.launcher/.Launcher t114}}}
05-20 10:56:17.548 V/WindowManager( 1690): reevaluateVisibility focusApp:AppWindowToken{fc1fc58 token=Token{49fb7ca ActivityRecord{ec4f56c u0 com.oppo.launcher/.Launcher t114}}}
05-20 10:56:17.581 I/OppoConvertIcon( 3129): maskBitmap -- mIconBackground == null
05-20 10:56:17.760 D/elsa    ( 1690): app is ProcessRecord{fb04b47 19601:com.nearme.instant.platform:Launcher0/u0a226}, isInBlackList is false, isNeedSetProcessGroup is true
05-20 10:56:17.761 D/elsa    ( 1690): app is ProcessRecord{ce6e47c 19523:com.nearme.instant.platform/u0a226}, isInBlackList is false, isNeedSetProcessGroup is true
05-20 10:56:17.764 V/WindowManager( 1690): reevaluateVisibility focusApp:AppWindowToken{fc1fc58 token=Token{49fb7ca ActivityRecord{ec4f56c u0 com.oppo.launcher/.Launcher t114}}}
05-20 10:56:17.764 V/WindowManager( 1690): reevaluateVisibility focusApp:AppWindowToken{fc1fc58 token=Token{49fb7ca ActivityRecord{ec4f56c u0 com.oppo.launcher/.Launcher t114}}}
05-20 10:56:18.233 E/ANDR-PERF-MPCTL(  592): invalid request, no optimizations performed
05-20 10:56:18.233 I/ActivityManager( 1690): START u0 {act=android.intent.action.MAIN cat=[android.intent.category.LAUNCHER] flg=0x10200000 cmp=com.nearme.instant.platform/com.oppo.autotest.main.InstantAppActivity bnds=[540,660][792,954]} from uid 10017 and from pid 3569 on display 0
05-20 10:56:18.234 E/ANDR-PERF-MPCTL(  592): Invalid profile no. 0, total profiles 0 only
05-20 10:56:18.237 V/WindowManager( 1690): Changing focus from Window{169586c u0 com.oppo.launcher/com.oppo.launcher.Launcher} to null
05-20 10:56:18.245 V/WindowManager( 1690): reevaluateVisibility focusApp:AppWindowToken{b15bd7d token=Token{5a4f927 ActivityRecord{673bfe6 u0 com.nearme.instant.platform/com.oppo.autotest.main.InstantAppActivity t173}}}
05-20 10:56:18.247 D/elsa    ( 1690): app is ProcessRecord{ce6e47c 19523:com.nearme.instant.platform/u0a226}, isInBlackList is false, isNeedSetProcessGroup is true
05-20 10:56:18.249 D/elsa    ( 1690): app is ProcessRecord{5197834 3569:com.oppo.launcher/u0a17}, isInBlackList is false, isNeedSetProcessGroup is true
05-20 10:56:18.262 V/WindowManager( 1690): reevaluateVisibility focusApp:AppWindowToken{b15bd7d token=Token{5a4f927 ActivityRecord{673bfe6 u0 com.nearme.instant.platform/com.oppo.autotest.main.InstantAppActivity t173}}}
05-20 10:56:18.262 V/WindowManager( 1690): reevaluateVisibility focusApp:AppWindowToken{b15bd7d token=Token{5a4f927 ActivityRecord{673bfe6 u0 com.nearme.instant.platform/com.oppo.autotest.main.InstantAppActivity t173}}}
05-20 10:56:18.285 V/WindowManager( 1690): reevaluateVisibility focusApp:AppWindowToken{b15bd7d token=Token{5a4f927 ActivityRecord{673bfe6 u0 com.nearme.instant.platform/com.oppo.autotest.main.InstantAppActivity t173}}}
05-20 10:56:18.286 V/WindowManager( 1690): reevaluateVisibility focusApp:AppWindowToken{b15bd7d token=Token{5a4f927 ActivityRecord{673bfe6 u0 com.nearme.instant.platform/com.oppo.autotest.main.InstantAppActivity t173}}}
05-20 10:56:18.293 E/OpenGLRenderer( 3569): hwui_debug::CanvasContext createSurface sur=0x0, isValid =0
05-20 10:56:18.298 V/WindowManager( 1690): reevaluateVisibility focusApp:AppWindowToken{b15bd7d token=Token{5a4f927 ActivityRecord{673bfe6 u0 com.nearme.instant.platform/com.oppo.autotest.main.InstantAppActivity t173}}}
05-20 10:56:18.299 V/WindowManager( 1690): reevaluateVisibility focusApp:AppWindowToken{b15bd7d token=Token{5a4f927 ActivityRecord{673bfe6 u0 com.nearme.instant.platform/com.oppo.autotest.main.InstantAppActivity t173}}}
05-20 10:56:18.304 I/chatty  (19523): uid=10226(com.nearme.instant.platform) expire 30 lines
05-20 10:56:18.307 I/chatty  (19523): uid=10226(com.nearme.instant.platform) pool-8-thread-1 expire 1 line
05-20 10:56:18.326 V/WindowManager( 1690): reevaluateVisibility focusApp:AppWindowToken{b15bd7d token=Token{5a4f927 ActivityRecord{673bfe6 u0 com.nearme.instant.platform/com.oppo.autotest.main.InstantAppActivity t173}}}
05-20 10:56:18.347 V/WindowManager( 1690): Changing focus from null to Window{9287a17 u0 com.nearme.instant.platform/com.oppo.autotest.main.InstantAppActivity}
05-20 10:56:18.349 V/WindowManager( 1690): reevaluateVisibility focusApp:AppWindowToken{b15bd7d token=Token{5a4f927 ActivityRecord{673bfe6 u0 com.nearme.instant.platform/com.oppo.autotest.main.InstantAppActivity t173}}}
05-20 10:56:18.350 I/chatty  (19523): uid=10226(com.nearme.instant.platform) RenderThread expire 10 lines
05-20 10:56:18.378 V/WindowManager( 1690): reevaluateVisibility focusApp:AppWindowToken{b15bd7d token=Token{5a4f927 ActivityRecord{673bfe6 u0 com.nearme.instant.platform/com.oppo.autotest.main.InstantAppActivity t173}}}
05-20 10:56:18.379 V/WindowManager( 1690): reevaluateVisibility focusApp:AppWindowToken{b15bd7d token=Token{5a4f927 ActivityRecord{673bfe6 u0 com.nearme.instant.platform/com.oppo.autotest.main.InstantAppActivity t173}}}
05-20 10:56:18.381 V/WindowManager( 1690): reevaluateVisibility focusApp:AppWindowToken{b15bd7d token=Token{5a4f927 ActivityRecord{673bfe6 u0 com.nearme.instant.platform/com.oppo.autotest.main.InstantAppActivity t173}}}
05-20 10:56:18.399 D/xx      ( 2406): setInputState  isInput=false isPre=false
05-20 10:56:18.399 D/xx      ( 2406): updateKeyboardKeys mComposer.update ComposingText()=
05-20 10:56:18.461 V/WindowManager( 1690): reevaluateVisibility focusApp:AppWindowToken{b15bd7d token=Token{5a4f927 ActivityRecord{673bfe6 u0 com.nearme.instant.platform/com.oppo.autotest.main.InstantAppActivity t173}}}
05-20 10:56:18.462 V/WindowManager( 1690): reevaluateVisibility focusApp:AppWindowToken{b15bd7d token=Token{5a4f927 ActivityRecord{673bfe6 u0 com.nearme.instant.platform/com.oppo.autotest.main.InstantAppActivity t173}}}
05-20 10:56:18.495 V/WindowManager( 1690): reevaluateVisibility focusApp:AppWindowToken{b15bd7d token=Token{5a4f927 ActivityRecord{673bfe6 u0 com.nearme.instant.platform/com.oppo.autotest.main.InstantAppActivity t173}}}
05-20 10:56:18.495 V/WindowManager( 1690): reevaluateVisibility focusApp:AppWindowToken{b15bd7d token=Token{5a4f927 ActivityRecord{673bfe6 u0 com.nearme.instant.platform/com.oppo.autotest.main.InstantAppActivity t173}}}
05-20 10:56:18.511 V/WindowManager( 1690): reevaluateVisibility focusApp:AppWindowToken{b15bd7d token=Token{5a4f927 ActivityRecord{673bfe6 u0 com.nearme.instant.platform/com.oppo.autotest.main.InstantAppActivity t173}}}
05-20 10:56:18.511 V/WindowManager( 1690): reevaluateVisibility focusApp:AppWindowToken{b15bd7d token=Token{5a4f927 ActivityRecord{673bfe6 u0 com.nearme.instant.platform/com.oppo.autotest.main.InstantAppActivity t173}}}
05-20 10:56:18.560 D/elsa    ( 1690): app is ProcessRecord{5197834 3569:com.oppo.launcher/u0a17}, isInBlackList is false, isNeedSetProcessGroup is true
05-20 10:56:18.561 I/Launcher.LauncherTraceUtil( 3569): writeLauncherStateToFile. The mStateTrace is null!
05-20 10:56:18.724 D/MSF.D.QLog( 3393): QLog clear logs
05-20 10:56:18.829 I/chatty  (19523): uid=10226(com.nearme.instant.platform) Binder:19523_1 expire 1 line
05-20 10:56:18.847 I/chatty  (19601): uid=10226 com.nearme.instant.platform:Launcher0 expire 47 lines
05-20 10:56:18.987 I/chatty  (19601): uid=10226 com.nearme.instant.platform:Launcher0 expire 19 lines
05-20 10:56:19.043 I/chatty  (19601): uid=10226 com.nearme.instant.platform:Launcher0 expire 39 lines
05-20 10:56:19.059 I/chatty  (19601): uid=10226 com.nearme.instant.platform:Launcher0 expire 14 lines
05-20 10:56:19.186 V/WindowManager( 1690): Changing focus from Window{9287a17 u0 com.nearme.instant.platform/com.oppo.autotest.main.InstantAppActivity} to Window{41d2670 u0 PopupWindow:74a70e}
05-20 10:56:19.195 I/chatty  ( 1690): uid=1000(system) Binder:1690_19 expire 9 lines
05-20 10:56:19.212 V/WindowManager( 1690): reevaluateVisibility focusApp:AppWindowToken{b15bd7d token=Token{5a4f927 ActivityRecord{673bfe6 u0 com.nearme.instant.platform/com.oppo.autotest.main.InstantAppActivity t173}}}
05-20 10:56:19.213 V/WindowManager( 1690): reevaluateVisibility focusApp:AppWindowToken{b15bd7d token=Token{5a4f927 ActivityRecord{673bfe6 u0 com.nearme.instant.platform/com.oppo.autotest.main.InstantAppActivity t173}}}
05-20 10:56:19.221 I/chatty  (19601): uid=10226 com.nearme.instant.platform:Launcher0 expire 7 lines
05-20 10:56:19.239 V/WindowManager( 1690): reevaluateVisibility focusApp:AppWindowToken{b15bd7d token=Token{5a4f927 ActivityRecord{673bfe6 u0 com.nearme.instant.platform/com.oppo.autotest.main.InstantAppActivity t173}}}
05-20 10:56:19.239 V/WindowManager( 1690): reevaluateVisibility focusApp:AppWindowToken{b15bd7d token=Token{5a4f927 ActivityRecord{673bfe6 u0 com.nearme.instant.platform/com.oppo.autotest.main.InstantAppActivity t173}}}
05-20 10:56:20.046 V/WindowManager( 1690): Changing focus from Window{41d2670 u0 PopupWindow:74a70e} to Window{9287a17 u0 com.nearme.instant.platform/com.oppo.autotest.main.InstantAppActivity}
05-20 10:56:20.048 V/WindowManager( 1690): reevaluateVisibility focusApp:AppWindowToken{b15bd7d token=Token{5a4f927 ActivityRecord{673bfe6 u0 com.nearme.instant.platform/com.oppo.autotest.main.InstantAppActivity t173}}}
05-20 10:56:20.050 W/InputMethodManagerService( 1690): Window already focused, ignoring focus gain of: com.android.internal.view.IInputMethodClient$Stub$Proxy@fd03a6e attribute=null, token = android.os.BinderProxy@e21ee96
05-20 10:56:20.191 D/TrafficStatsHelper( 2461): ifaceNames[0]:lo
05-20 10:56:20.191 D/TrafficStatsHelper( 2461): ifaceNames[1]:wlan0
05-20 10:56:20.191 D/TrafficStatsHelper( 2461): ifaceNames[2]:dummy0
05-20 10:56:20.191 D/TrafficStatsHelper( 2461): transmitted_validWifiData.get(0) = wlan0
05-20 10:56:20.235 E/ANDR-PERF-RESOURCEQS(  592): Failed to reset optimization [3, 0]
05-20 10:56:20.271 I/chatty  (19601): uid=10226 com.nearme.instant.platform:Launcher0 expire 22 lines
05-20 10:56:20.367 V/WindowManager( 1690): reevaluateVisibility focusApp:AppWindowToken{b15bd7d token=Token{5a4f927 ActivityRecord{673bfe6 u0 com.nearme.instant.platform/com.oppo.autotest.main.InstantAppActivity t173}}}
05-20 10:56:20.499 E/ANDR-PERF-MPCTL(  592): invalid request, no optimizations performed
05-20 10:56:20.500 I/ActivityManager( 1690): START u0 {act=android.intent.action.VIEW dat=hap://app/com.midea.iot.application pkg=com.nearme.instant.platform cmp=com.nearme.instant.platform/.dispatch.activity.HapDispatcherActivity (has extras)} from uid 10226 and from pid 19523 on display 0
05-20 10:56:20.501 E/ANDR-PERF-MPCTL(  592): Invalid profile no. 0, total profiles 0 only
05-20 10:56:20.502 I/chatty  ( 1690): uid=1000(system) Binder:1690_1 expire 5 lines
05-20 10:56:20.503 V/WindowManager( 1690): Changing focus from Window{9287a17 u0 com.nearme.instant.platform/com.oppo.autotest.main.InstantAppActivity} to null
05-20 10:56:20.523 D/elsa    ( 1690): app is ProcessRecord{5ae26b9 19560:com.nearme.instant.platform:provider/u0a226}, isInBlackList is false, isNeedSetProcessGroup is true
05-20 10:56:20.525 D/elsa    ( 1690): app is ProcessRecord{5de911d 16501:com.oppo.usercenter/u0a87}, isInBlackList is false, isNeedSetProcessGroup is true
05-20 10:56:20.526 E/ANDR-PERF-MPCTL(  592): invalid request, no optimizations performed
05-20 10:56:20.527 I/ActivityManager( 1690): START u0 {act=com.nearme.instant.action.LAUNCH dat=hap://app/com.midea.iot.application flg=0x10000000 pkg=com.nearme.instant.platform cmp=com.nearme.instant.platform/com.nearme.instant.LauncherActivity$Launcher0 (has extras)} from uid 10226 and from pid 19523 on display 0
05-20 10:56:20.531 V/WindowManager( 1690): reevaluateVisibility focusApp:AppWindowToken{5117f62 token=Token{c829d44 ActivityRecord{811e57 u0 com.nearme.instant.platform/com.nearme.instant.LauncherActivity$Launcher0 t172}}}
05-20 10:56:20.538 I/chatty  (19523): uid=10226(com.nearme.instant.platform) CokaIO-2 expire 13 lines
05-20 10:56:20.551 D/elsa    ( 1690): app is ProcessRecord{fb04b47 19601:com.nearme.instant.platform:Launcher0/u0a226}, isInBlackList is false, isNeedSetProcessGroup is true
05-20 10:56:20.553 D/elsa    ( 1690): app is ProcessRecord{ce6e47c 19523:com.nearme.instant.platform/u0a226}, isInBlackList is false, isNeedSetProcessGroup is true
05-20 10:56:20.577 V/WindowManager( 1690): reevaluateVisibility focusApp:AppWindowToken{5117f62 token=Token{c829d44 ActivityRecord{811e57 u0 com.nearme.instant.platform/com.nearme.instant.LauncherActivity$Launcher0 t172}}}
05-20 10:56:20.581 D/elsa    ( 1690): app is ProcessRecord{5de911d 16501:com.oppo.usercenter/u0a87}, isInBlackList is false, isNeedSetProcessGroup is true
05-20 10:56:20.585 I/chatty  (19523): uid=10226(com.nearme.instant.platform) CokaCu-9 expire 2 lines
05-20 10:56:20.587 D/elsa    ( 1690): app is ProcessRecord{5de911d 16501:com.oppo.usercenter/u0a87}, isInBlackList is false, isNeedSetProcessGroup is true
05-20 10:56:20.587 I/QtiTetherService( 2570): limitReached Alert received limitName: globalAlert on Interface: wlan0
05-20 10:56:20.590 D/QtiTetherService/IpaWrapper( 2570): peekStats()
05-20 10:56:20.592 D/elsa    ( 1690): app is ProcessRecord{5ae26b9 19560:com.nearme.instant.platform:provider/u0a226}, isInBlackList is false, isNeedSetProcessGroup is true
05-20 10:56:20.596 D/QtiTetherService/IpaWrapper( 2570): getStats(false)
05-20 10:56:20.602 I/chatty  (19601): uid=10226 com.nearme.instant.platform:Launcher0 expire 19 lines
05-20 10:56:20.603 D/elsa    ( 1690): app is ProcessRecord{5ae26b9 19560:com.nearme.instant.platform:provider/u0a226}, isInBlackList is false, isNeedSetProcessGroup is true
05-20 10:56:20.620 V/WindowManager( 1690): Changing focus from null to Window{c3c9437 u0 com.nearme.instant.platform/com.nearme.instant.LauncherActivity$Launcher0}
05-20 10:56:20.622 V/WindowManager( 1690): reevaluateVisibility focusApp:AppWindowToken{5117f62 token=Token{c829d44 ActivityRecord{811e57 u0 com.nearme.instant.platform/com.nearme.instant.LauncherActivity$Launcher0 t172}}}
05-20 10:56:20.628 D/elsa    ( 1690): app is ProcessRecord{5ae26b9 19560:com.nearme.instant.platform:provider/u0a226}, isInBlackList is false, isNeedSetProcessGroup is true
05-20 10:56:20.628 I/chatty  (19601): uid=10226 com.nearme.instant.platform:Launcher0 expire 2 lines
05-20 10:56:20.634 D/elsa    ( 1690): app is ProcessRecord{5de911d 16501:com.oppo.usercenter/u0a87}, isInBlackList is false, isNeedSetProcessGroup is true
05-20 10:56:20.651 V/WindowManager( 1690): reevaluateVisibility focusApp:AppWindowToken{5117f62 token=Token{c829d44 ActivityRecord{811e57 u0 com.nearme.instant.platform/com.nearme.instant.LauncherActivity$Launcher0 t172}}}
05-20 10:56:20.652 D/xx      ( 2406): setInputState  isInput=false isPre=false
05-20 10:56:20.653 D/xx      ( 2406): updateKeyboardKeys mComposer.update ComposingText()=
05-20 10:56:20.657 V/WindowManager( 1690): reevaluateVisibility focusApp:AppWindowToken{5117f62 token=Token{c829d44 ActivityRecord{811e57 u0 com.nearme.instant.platform/com.nearme.instant.LauncherActivity$Launcher0 t172}}}
