06-04 18:54:33.465 I/chatty  ( 1690): uid=1000(system) Binder:1690_4 expire 2 lines
06-04 18:54:33.795 I/chatty  ( 1690): uid=1000(system) Binder:1690_1A expire 2 lines
06-04 18:54:33.860 I/chatty  ( 1690): uid=1000(system) Binder:1690_D expire 3 lines
06-04 18:54:33.977 I/chatty  ( 1690): uid=1000(system) Binder:1690_A expire 2 lines
06-04 18:54:34.422 I/chatty  ( 1690): uid=1000 system_server expire 6 lines
06-04 18:54:34.587 I/chatty  ( 1690): uid=1000(system) InputDispatcher expire 2 lines
06-04 18:54:52.598 I/chatty  ( 1690): uid=1000(system) Binder:1690_C expire 1 line
06-04 18:54:52.901 I/chatty  ( 1690): uid=1000(system) ActivityManager expire 1 line
06-04 18:54:54.295 I/chatty  ( 1690): uid=1000(system) Binder:1690_6 expire 3 lines
06-04 18:54:59.612 I/chatty  ( 1690): uid=1000(system) android.display expire 52 lines
06-04 18:55:00.000 I/chatty  ( 1690): uid=1000 system_server expire 12 lines
06-04 18:55:06.197 I/chatty  ( 1690): uid=1000(system) Binder:1690_1D expire 4 lines
06-04 18:55:06.209 I/chatty  ( 1690): uid=1000(system) Binder:1690_11 expire 2 lines
06-04 18:55:06.211 I/chatty  ( 1690): uid=1000(system) Binder:1690_E expire 3 lines
06-04 18:55:06.212 I/chatty  ( 1690): uid=1000(system) Binder:1690_B expire 2 lines
06-04 18:55:06.243 I/chatty  ( 1690): uid=1000(system) Binder:1690_18 expire 1 line
06-04 18:55:06.285 I/chatty  ( 1690): uid=1000(system) Binder:1690_13 expire 4 lines
06-04 18:55:06.298 D/VoldCryptCmdListener(  572): cryptfs isConvertibleToFBE
06-04 18:55:07.385 I/chatty  ( 1690): uid=1000(system) Binder:1690_1 expire 1 line
06-04 18:55:07.387 I/chatty  ( 1690): uid=1000(system) Binder:1690_19 expire 1 line
06-04 18:55:09.426 I/chatty  ( 1690): uid=1000(system) Binder:1690_C expire 5 lines
06-04 18:55:10.198 I/chatty  ( 1690): uid=1000(system) android.fg expire 7 lines
06-04 18:55:10.218 I/chatty  ( 1690): uid=1000(system) Binder:1690_F expire 2 lines
06-04 18:55:10.272 D/        (  525): findAdb is 1
06-04 18:55:10.546 I/chatty  ( 1690): uid=1000(system) android.display expire 27 lines
06-04 18:55:10.607 D/        (  525): findAdb is 1
06-04 18:55:10.640 I/chatty  ( 1690): uid=1000(system) BroadcastQueue expire 15 lines
06-04 18:55:10.690 I/chatty  ( 1690): uid=1000(system) Binder:1690_15 expire 1 line
06-04 18:55:10.697 I/chatty  ( 1690): uid=1000(system) Binder:1690_2 expire 1 line
06-04 18:55:10.840 I/chatty  ( 1690): uid=1000(system) Binder:1690_10 expire 2 lines
06-04 18:55:10.850 I/chatty  ( 1690): uid=1000(system) Binder:1690_5 expire 3 lines
06-04 18:55:11.017 I/chatty  ( 1690): uid=1000(system) Binder:1690_A expire 2 lines
06-04 18:55:11.061 I/chatty  ( 1690): uid=1000(system) ActivityManager expire 3 lines
06-04 18:55:11.229 I/chatty  ( 1690): uid=1000(system) InputDispatcher expire 5 lines
06-04 18:55:11.246 I/chatty  ( 1690): uid=1000(system) Binder:1690_3 expire 5 lines
06-04 18:55:11.340 D/        (  525): findAdb is 1
06-04 18:55:11.567 I/chatty  ( 1690): uid=1000(system) Binder:1690_8 expire 1 line
06-04 18:55:12.363 I/chatty  ( 1690): uid=1000(system) Binder:1690_7 expire 1 line
06-04 18:55:13.006 E/ActivityThread(19104): Failed to find provider info for smartisanos_gallery
06-04 18:55:13.008 I/chatty  ( 1690): uid=1000(system) Binder:1690_9 expire 1 line
06-04 18:55:13.105 E/ActivityThread(19104): Failed to find provider info for com.smartisan.music.provider.TrackAddonsProvider
06-04 18:55:13.128 E/ActivityThread(19104): Failed to find provider info for smartisanos_gallery
06-04 18:55:13.144 I/chatty  ( 1690): uid=1000 system_server expire 1 line
06-04 18:55:26.873 I/chatty  ( 1690): uid=1000(system) Binder:1690_20 expire 8 lines
06-04 18:55:26.921 I/chatty  ( 1690): uid=1000(system) Binder:1690_1C expire 5 lines
06-04 18:55:26.924 I/chatty  ( 1690): uid=1000(system) android.display expire 70 lines
06-04 18:55:27.459 I/chatty  ( 1690): uid=1000(system) Binder:1690_17 expire 3 lines
06-04 18:55:28.380 I/chatty  ( 1690): uid=1000(system) Binder:1690_1D expire 5 lines
06-04 18:55:28.394 I/chatty  ( 1690): uid=1000(system) ActivityManager expire 2 lines
06-04 18:55:28.419 I/chatty  ( 1690): uid=1000(system) Binder:1690_D expire 4 lines
06-04 18:55:28.420 I/chatty  ( 1690): uid=1000(system) Binder:1690_14 expire 1 line
06-04 18:55:28.422 I/chatty  ( 1690): uid=1000(system) Binder:1690_8 expire 5 lines
06-04 18:55:28.426 I/chatty  ( 1690): uid=1000(system) Binder:1690_1E expire 2 lines
06-04 18:55:28.427 I/chatty  ( 1690): uid=1000(system) Binder:1690_18 expire 2 lines
06-04 18:55:28.430 I/chatty  ( 1690): uid=1000(system) Binder:1690_F expire 1 line
06-04 18:55:29.793 I/chatty  ( 1690): uid=1000(system) InputDispatcher expire 2 lines
06-04 18:55:29.796 I/chatty  ( 1690): uid=1000(system) Binder:1690_10 expire 5 lines
06-04 18:55:29.826 I/chatty  ( 1690): uid=1000(system) Binder:1690_1B expire 2 lines
06-04 18:55:30.099 I/chatty  ( 1690): uid=1000(system) Binder:1690_5 expire 2 lines
06-04 18:55:30.495 I/chatty  ( 1690): uid=1000(system) Binder:1690_16 expire 6 lines
06-04 18:55:30.514 I/chatty  ( 1690): uid=1000(system) Binder:1690_B expire 3 lines
06-04 18:55:30.534 I/chatty  ( 1690): uid=1000(system) Binder:1690_9 expire 4 lines
06-04 18:55:30.555 I/chatty  ( 1690): uid=1000(system) Binder:1690_15 expire 7 lines
06-04 18:55:30.577 I/chatty  ( 1690): uid=1000(system) Binder:1690_1A expire 1 line
06-04 18:55:30.635 I/chatty  ( 1690): uid=1000(system) Binder:1690_12 expire 1 line
06-04 18:55:30.636 I/chatty  ( 1690): uid=1000(system) Binder:1690_1F expire 5 lines
06-04 18:55:30.644 I/chatty  ( 1690): uid=1000(system) Binder:1690_3 expire 1 line
06-04 18:55:33.017 I/chatty  ( 1690): uid=1000(system) Binder:1690_C expire 2 lines
06-04 18:55:33.055 I/chatty  ( 1690): uid=1000(system) Binder:1690_13 expire 5 lines
06-04 18:55:33.071 I/chatty  ( 1690): uid=1000(system) Binder:1690_7 expire 1 line
06-04 18:55:33.178 I/chatty  ( 1690): uid=1000(system) Binder:1690_4 expire 2 lines
06-04 18:55:56.698 I/chatty  ( 1690): uid=1000(system) Binder:1690_19 expire 2 lines
06-04 18:55:58.526 I/chatty  ( 1690): uid=1000(system) Binder:1690_6 expire 2 lines
06-04 18:55:59.693 E/ActivityThread(19224): Failed to find provider info for com.coloros.personalassistant
06-04 18:56:05.731 E/ActivityThread(19224): Failed to find provider info for com.coloros.personalassistant
06-04 18:56:11.853 I/chatty  ( 1690): uid=1000(system) android.display expire 6 lines
06-04 18:56:11.875 I/chatty  ( 1690): uid=1000(system) Binder:1690_11 expire 6 lines
06-04 18:56:12.019 E/ActivityThread(19224): Failed to find provider info for com.coloros.personalassistant
06-04 18:56:12.099 I/chatty  ( 1690): uid=1000(system) android.display expire 26 lines
06-04 18:56:12.106 I/chatty  ( 1690): uid=1000(system) Binder:1690_F expire 3 lines
06-04 18:56:13.624 I/chatty  ( 1690): uid=1000(system) Binder:1690_13 expire 5 lines
06-04 18:56:13.661 I/chatty  ( 1690): uid=1000(system) Binder:1690_2 expire 4 lines
06-04 18:56:13.671 I/chatty  ( 1690): uid=1000(system) Binder:1690_17 expire 3 lines
06-04 18:56:13.673 I/chatty  ( 1690): uid=1000(system) Binder:1690_15 expire 6 lines
06-04 18:56:13.681 I/chatty  ( 1690): uid=1000(system) Binder:1690_1F expire 2 lines
06-04 18:56:13.685 I/chatty  ( 1690): uid=1000(system) Binder:1690_1C expire 1 line
06-04 18:56:13.698 I/chatty  ( 1690): uid=1000(system) Binder:1690_1D expire 2 lines
06-04 18:56:13.926 E/ActivityThread(19224): Failed to find provider info for com.coloros.personalassistant
06-04 18:56:13.933 I/chatty  ( 1690): uid=1000(system) Binder:1690_19 expire 9 lines
06-04 18:56:13.996 I/chatty  ( 1690): uid=1000(system) Binder:1690_C expire 3 lines
06-04 18:56:14.004 I/chatty  ( 1690): uid=1000(system) Binder:1690_3 expire 6 lines
06-04 18:56:14.040 I/chatty  ( 1690): uid=1000(system) Binder:1690_8 expire 2 lines
06-04 18:56:14.089 I/chatty  ( 1690): uid=1000(system) Binder:1690_1 expire 4 lines
06-04 18:56:14.115 I/chatty  ( 1690): uid=1000(system) Binder:1690_1E expire 3 lines
06-04 18:56:14.136 I/chatty  ( 1690): uid=1000(system) Binder:1690_A expire 2 lines
06-04 18:56:14.456 I/chatty  ( 1690): uid=1000(system) ActivityManager expire 1 line
06-04 18:56:17.696 I/chatty  ( 1690): uid=1000(system) Binder:1690_7 expire 3 lines
06-04 18:56:17.702 I/chatty  ( 1690): uid=1000(system) Binder:1690_1B expire 3 lines
06-04 18:56:17.733 I/chatty  ( 1690): uid=1000(system) Binder:1690_14 expire 6 lines
06-04 18:56:18.153 I/chatty  ( 1690): uid=1000(system) Binder:1690_16 expire 3 lines
06-04 18:56:18.285 I/chatty  ( 1690): uid=1000(system) Binder:1690_E expire 3 lines
06-04 18:56:18.316 I/chatty  ( 1690): uid=1000(system) Binder:1690_4 expire 2 lines
06-04 18:56:18.518 I/chatty  ( 1690): uid=1000(system) Binder:1690_1A expire 1 line
06-04 18:56:18.648 I/chatty  ( 1690): uid=1000(system) WifiService expire 2 lines
06-04 18:56:18.716 I/chatty  ( 1690): uid=1000(system) Binder:1690_9 expire 4 lines
06-04 18:56:18.718 I/chatty  ( 1690): uid=1000(system) ConnectivitySer expire 22 lines
06-04 18:56:18.953 I/chatty  ( 1690): uid=1000(system) Binder:1690_D expire 2 lines
06-04 18:56:19.527 I/chatty  ( 1690): uid=1000(system) WifiStateMachin expire 2 lines
06-04 18:56:19.923 I/chatty  ( 1690): uid=1000(system) BroadcastQueue expire 6 lines
06-04 18:56:20.089 I/chatty  ( 1690): uid=1000(system) pool-3-thread-1 expire 9 lines
06-04 18:56:20.100 I/chatty  ( 1690): uid=1000(system) android.bg expire 4 lines
06-04 18:56:20.113 I/chatty  ( 1690): uid=1000(system) Binder:1690_12 expire 2 lines
06-04 18:56:20.157 I/chatty  ( 1690): uid=1000(system) Binder:1690_5 expire 3 lines
06-04 18:56:41.227 I/chatty  ( 1690): uid=1000(system) Binder:1690_10 expire 8 lines
06-04 18:56:41.252 I/chatty  ( 1690): uid=1000(system) Binder:1690_A expire 5 lines
06-04 18:56:41.550 I/chatty  ( 1690): uid=1000(system) Binder:1690_1C expire 2 lines
06-04 18:56:41.566 I/chatty  ( 1690): uid=1000(system) Binder:1690_1A expire 9 lines
06-04 18:56:41.582 I/chatty  ( 1690): uid=1000(system) Binder:1690_2 expire 5 lines
06-04 18:56:41.596 I/chatty  ( 1690): uid=1000(system) Binder:1690_15 expire 3 lines
06-04 18:56:43.915 I/chatty  ( 1690): uid=1000(system) Binder:1690_B expire 10 lines
06-04 18:56:43.922 I/chatty  ( 1690): uid=1000(system) Binder:1690_1B expire 8 lines
06-04 18:56:43.931 I/chatty  ( 1690): uid=1000(system) android.display expire 45 lines
06-04 18:56:43.952 I/chatty  ( 1690): uid=1000(system) Binder:1690_4 expire 3 lines
06-04 18:56:43.971 I/chatty  ( 1690): uid=1000(system) Binder:1690_C expire 4 lines
06-04 18:56:43.983 I/chatty  ( 1690): uid=1000(system) Binder:1690_19 expire 4 lines
06-04 18:56:44.029 I/chatty  ( 1690): uid=1000(system) Binder:1690_7 expire 4 lines
06-04 18:56:44.047 I/chatty  ( 1690): uid=1000(system) Binder:1690_13 expire 8 lines
06-04 18:56:44.224 I/chatty  ( 1690): uid=1000(system) Binder:1690_9 expire 6 lines
06-04 18:56:45.734 I/chatty  ( 1690): uid=1000(system) Binder:1690_12 expire 5 lines
06-04 18:56:47.065 D/ViewRootImpl(19224): swipeFromBottom mIgnoring true downY 1879 mScreenHeight 1920 mStatusBarHeight 54 globalScale -1.0
06-04 18:56:47.133 D/ViewRootImpl(19224): swipeFromBottom mIgnoring true downY 1879 mScreenHeight 1920 mStatusBarHeight 54 globalScale -1.0
06-04 18:56:47.133 D/ViewRootImpl(19224): swipeFromBottom mIgnoring === false downY 1879 mStatusBarHeight 54
06-04 18:56:47.142 I/chatty  ( 1690): uid=1000(system) Binder:1690_11 expire 3 lines
06-04 18:56:47.199 I/chatty  ( 1690): uid=1000(system) Binder:1690_1D expire 2 lines
06-04 18:56:47.242 I/chatty  ( 1690): uid=1000(system) Binder:1690_20 expire 2 lines
06-04 18:56:48.273 I/chatty  ( 1690): uid=1000(system) Binder:1690_14 expire 3 lines
06-04 18:56:48.300 I/chatty  ( 1690): uid=1000(system) Binder:1690_3 expire 4 lines
06-04 18:56:48.313 I/chatty  ( 1690): uid=1000(system) Binder:1690_6 expire 3 lines
06-04 18:56:48.316 I/chatty  ( 1690): uid=1000(system) Binder:1690_8 expire 4 lines
06-04 18:56:48.318 I/chatty  ( 1690): uid=1000(system) Binder:1690_16 expire 3 lines
06-04 18:56:48.339 I/chatty  ( 1690): uid=1000(system) Binder:1690_5 expire 3 lines
06-04 18:56:48.398 E/ActivityThread(19224): Failed to find provider info for com.coloros.personalassistant
06-04 18:56:48.924 I/chatty  ( 1690): uid=1000(system) ActivityManager expire 1 line
06-04 18:56:52.330 I/chatty  ( 1690): uid=1000(system) Binder:1690_18 expire 2 lines
06-04 18:56:52.656 I/chatty  ( 1690): uid=1000(system) Binder:1690_1F expire 1 line
06-04 18:56:53.625 I/chatty  ( 1690): uid=1000(system) Binder:1690_D expire 3 lines
06-04 18:56:53.636 I/chatty  ( 1690): uid=1000(system) Binder:1690_1 expire 1 line
06-04 18:56:53.871 I/chatty  ( 1690): uid=1000(system) Binder:1690_17 expire 3 lines
06-04 18:56:54.548 I/chatty  ( 1690): uid=1000 system_server expire 2 lines
06-04 18:56:58.003 I/chatty  ( 1690): uid=1000(system) Binder:1690_F expire 6 lines
06-04 18:57:17.582 I/chatty  ( 1690): uid=1000(system) Binder:1690_13 expire 6 lines
06-04 18:57:17.774 I/chatty  ( 1690): uid=1000(system) Binder:1690_1C expire 5 lines
06-04 18:57:20.788 I/chatty  ( 1690): uid=1000(system) Binder:1690_B expire 5 lines
06-04 18:57:20.845 I/chatty  ( 1690): uid=1000(system) android.display expire 34 lines
06-04 18:57:20.855 I/chatty  ( 1690): uid=1000(system) Binder:1690_A expire 7 lines
06-04 18:57:24.317 I/chatty  ( 1690): uid=1000 system_server expire 2 lines
06-04 18:57:27.383 I/chatty  ( 1690): uid=1000(system) Binder:1690_6 expire 5 lines
06-04 18:57:27.959 I/chatty  ( 1690): uid=1000(system) Binder:1690_19 expire 2 lines
06-04 18:57:27.964 I/chatty  ( 1690): uid=1000(system) Binder:1690_1 expire 3 lines
06-04 18:57:27.975 I/chatty  ( 1690): uid=1000(system) Binder:1690_1E expire 3 lines
06-04 18:57:28.075 I/chatty  ( 1690): uid=1000(system) Binder:1690_D expire 8 lines
06-04 18:57:28.111 I/chatty  ( 1690): uid=1000(system) Binder:1690_15 expire 5 lines
06-04 18:57:28.201 I/chatty  ( 1690): uid=1000(system) Binder:1690_8 expire 4 lines
06-04 18:57:29.217 I/chatty  ( 1690): uid=1000(system) Binder:1690_10 expire 3 lines
06-04 18:57:29.241 I/chatty  ( 1690): uid=1000(system) Binder:1690_20 expire 5 lines
06-04 18:57:29.249 I/chatty  ( 1690): uid=1000(system) Binder:1690_3 expire 6 lines
06-04 18:57:29.279 I/chatty  ( 1690): uid=1000(system) Binder:1690_12 expire 5 lines
06-04 18:57:29.376 I/chatty  ( 1690): uid=1000(system) Binder:1690_11 expire 5 lines
06-04 18:57:29.386 I/chatty  ( 1690): uid=1000(system) Binder:1690_1D expire 5 lines
06-04 18:57:29.672 I/chatty  ( 1690): uid=1000(system) ActivityManager expire 5 lines
06-04 18:57:29.745 I/chatty  ( 1690): uid=1000(system) Binder:1690_1F expire 2 lines
06-04 18:57:29.747 I/chatty  ( 1690): uid=1000(system) Binder:1690_2 expire 4 lines
06-04 18:57:29.807 E/ActivityThread(19706): Activity com.nearme.instant.LauncherActivity$Launcher0 has leaked ServiceConnection com.oppo.ohome.api.ipc.IotIpcApi$2@1c9b974 that was originally bound here
06-04 18:57:29.807 E/ActivityThread(19706): android.app.ServiceConnectionLeaked: Activity com.nearme.instant.LauncherActivity$Launcher0 has leaked ServiceConnection com.oppo.ohome.api.ipc.IotIpcApi$2@1c9b974 that was originally bound here
06-04 18:57:29.807 E/ActivityThread(19706): 	at android.app.LoadedApk$ServiceDispatcher.<init>(LoadedApk.java:1449)
06-04 18:57:29.807 E/ActivityThread(19706): 	at android.app.LoadedApk.getServiceDispatcher(LoadedApk.java:1344)
06-04 18:57:29.807 E/ActivityThread(19706): 	at android.app.ContextImpl.bindServiceCommon(ContextImpl.java:1578)
06-04 18:57:29.807 E/ActivityThread(19706): 	at android.app.ContextImpl.bindService(ContextImpl.java:1550)
06-04 18:57:29.807 E/ActivityThread(19706): 	at android.content.ContextWrapper.bindService(ContextWrapper.java:647)
06-04 18:57:29.807 E/ActivityThread(19706): 	at com.oppo.ohome.api.ipc.IotIpcApi.bindService(SourceFile:119)
06-04 18:57:29.807 E/ActivityThread(19706): 	at com.oppo.ohome.api.ipc.IotIpcApi.bind(SourceFile:56)
06-04 18:57:29.807 E/ActivityThread(19706): 	at com.nearme.instant.features.IOT.a(SourceFile:124)
06-04 18:57:29.807 E/ActivityThread(19706): 	at com.nearme.instant.features.IOT.invokeInner(SourceFile:95)
06-04 18:57:29.807 E/ActivityThread(19706): 	at com.nearme.instant.bridge.AbstractHybridFeature.invoke(SourceFile:66)
06-04 18:57:29.807 E/ActivityThread(19706): 	at com.nearme.instant.bridge.k$a.run(SourceFile:318)
06-04 18:57:29.807 E/ActivityThread(19706): 	at java.util.concurrent.ThreadPoolExecutor.runWorker(ThreadPoolExecutor.java:1133)
06-04 18:57:29.807 E/ActivityThread(19706): 	at java.util.concurrent.ThreadPoolExecutor$Worker.run(ThreadPoolExecutor.java:607)
06-04 18:57:29.807 E/ActivityThread(19706): 	at java.lang.Thread.run(Thread.java:761)
06-04 18:57:29.810 E/ActivityThread(19706): Activity com.nearme.instant.LauncherActivity$Launcher0 has leaked ServiceConnection com.oppo.ohome.api.ipc.IotIpcApi$2@7289ce8 that was originally bound here
06-04 18:57:29.810 E/ActivityThread(19706): android.app.ServiceConnectionLeaked: Activity com.nearme.instant.LauncherActivity$Launcher0 has leaked ServiceConnection com.oppo.ohome.api.ipc.IotIpcApi$2@7289ce8 that was originally bound here
06-04 18:57:29.810 E/ActivityThread(19706): 	at android.app.LoadedApk$ServiceDispatcher.<init>(LoadedApk.java:1449)
06-04 18:57:29.810 E/ActivityThread(19706): 	at android.app.LoadedApk.getServiceDispatcher(LoadedApk.java:1344)
06-04 18:57:29.810 E/ActivityThread(19706): 	at android.app.ContextImpl.bindServiceCommon(ContextImpl.java:1578)
06-04 18:57:29.810 E/ActivityThread(19706): 	at android.app.ContextImpl.bindService(ContextImpl.java:1550)
06-04 18:57:29.810 E/ActivityThread(19706): 	at android.content.ContextWrapper.bindService(ContextWrapper.java:647)
06-04 18:57:29.810 E/ActivityThread(19706): 	at com.oppo.ohome.api.ipc.IotIpcApi.bindService(SourceFile:119)
06-04 18:57:29.810 E/ActivityThread(19706): 	at com.oppo.ohome.api.ipc.IotIpcApi.bind(SourceFile:56)
06-04 18:57:29.810 E/ActivityThread(19706): 	at com.nearme.instant.features.IOT.a(SourceFile:124)
06-04 18:57:29.810 E/ActivityThread(19706): 	at com.nearme.instant.features.IOT.invokeInner(SourceFile:95)
06-04 18:57:29.810 E/ActivityThread(19706): 	at com.nearme.instant.bridge.AbstractHybridFeature.invoke(SourceFile:66)
06-04 18:57:29.810 E/ActivityThread(19706): 	at com.nearme.instant.bridge.k$a.run(SourceFile:318)
06-04 18:57:29.810 E/ActivityThread(19706): 	at java.util.concurrent.ThreadPoolExecutor.runWorker(ThreadPoolExecutor.java:1133)
06-04 18:57:29.810 E/ActivityThread(19706): 	at java.util.concurrent.ThreadPoolExecutor$Worker.run(ThreadPoolExecutor.java:607)
06-04 18:57:29.810 E/ActivityThread(19706): 	at java.lang.Thread.run(Thread.java:761)
06-04 18:57:29.814 E/ActivityThread(19706): Activity com.nearme.instant.LauncherActivity$Launcher0 has leaked ServiceConnection com.oppo.ohome.api.ipc.IotIpcApi$2@da648ad that was originally bound here
06-04 18:57:29.814 E/ActivityThread(19706): android.app.ServiceConnectionLeaked: Activity com.nearme.instant.LauncherActivity$Launcher0 has leaked ServiceConnection com.oppo.ohome.api.ipc.IotIpcApi$2@da648ad that was originally bound here
06-04 18:57:29.814 E/ActivityThread(19706): 	at android.app.LoadedApk$ServiceDispatcher.<init>(LoadedApk.java:1449)
06-04 18:57:29.814 E/ActivityThread(19706): 	at android.app.LoadedApk.getServiceDispatcher(LoadedApk.java:1344)
06-04 18:57:29.814 E/ActivityThread(19706): 	at android.app.ContextImpl.bindServiceCommon(ContextImpl.java:1578)
06-04 18:57:29.814 E/ActivityThread(19706): 	at android.app.ContextImpl.bindService(ContextImpl.java:1550)
06-04 18:57:29.814 E/ActivityThread(19706): 	at android.content.ContextWrapper.bindService(ContextWrapper.java:647)
06-04 18:57:29.814 E/ActivityThread(19706): 	at com.oppo.ohome.api.ipc.IotIpcApi.bindService(SourceFile:119)
06-04 18:57:29.814 E/ActivityThread(19706): 	at com.oppo.ohome.api.ipc.IotIpcApi.request(SourceFile:99)
06-04 18:57:29.814 E/ActivityThread(19706): 	at com.nearme.instant.features.IOT.a(SourceFile:139)
06-04 18:57:29.814 E/ActivityThread(19706): 	at com.nearme.instant.features.IOT.invokeInner(SourceFile:95)
06-04 18:57:29.814 E/ActivityThread(19706): 	at com.nearme.instant.bridge.AbstractHybridFeature.invoke(SourceFile:66)
06-04 18:57:29.814 E/ActivityThread(19706): 	at com.nearme.instant.bridge.k$a.run(SourceFile:318)
06-04 18:57:29.814 E/ActivityThread(19706): 	at java.util.concurrent.ThreadPoolExecutor.runWorker(ThreadPoolExecutor.java:1133)
06-04 18:57:29.814 E/ActivityThread(19706): 	at java.util.concurrent.ThreadPoolExecutor$Worker.run(ThreadPoolExecutor.java:607)
06-04 18:57:29.814 E/ActivityThread(19706): 	at java.lang.Thread.run(Thread.java:761)
06-04 18:57:29.815 I/chatty  ( 1690): uid=1000(system) Binder:1690_14 expire 6 lines
06-04 18:57:30.427 E/ActivityThread(19224): Failed to find provider info for com.coloros.personalassistant
06-04 18:57:30.468 I/chatty  ( 1690): uid=1000(system) Binder:1690_7 expire 7 lines
06-04 18:57:31.522 I/chatty  ( 1690): uid=1000(system) Binder:1690_17 expire 3 lines
06-04 18:57:31.566 I/chatty  ( 1690): uid=1000(system) Binder:1690_4 expire 3 lines
06-04 18:57:32.461 E/FrameworkListener(  952): read() failed (Connection reset by peer)
06-04 18:57:34.674 I/chatty  ( 1690): uid=1000(system) android.display expire 2 lines
06-04 18:57:34.686 I/chatty  ( 1690): uid=1000(system) Binder:1690_5 expire 2 lines
06-04 18:57:34.692 I/chatty  ( 1690): uid=1000(system) Binder:1690_9 expire 3 lines
06-04 18:57:55.288 I/chatty  ( 1690): uid=1000(system) Binder:1690_18 expire 1 line
06-04 18:57:55.339 I/chatty  ( 1690): uid=1000(system) Binder:1690_1B expire 3 lines
06-04 18:59:30.601 I/chatty  ( 1690): uid=1000(system) Binder:1690_C expire 1 line
06-04 19:00:38.027 I/chatty  ( 1690): uid=1000(system) Binder:1690_E expire 2 lines
06-04 19:00:38.259 I/chatty  ( 1690): uid=1000(system) Binder:1690_16 expire 1 line
06-04 19:00:38.298 I/chatty  ( 1690): uid=1000(system) Binder:1690_1A expire 10 lines
06-04 19:00:38.836 I/chatty  ( 1690): uid=1000(system) Binder:1690_8 expire 5 lines
06-04 19:00:38.846 I/chatty  ( 1690): uid=1000(system) Binder:1690_1F expire 4 lines
06-04 19:00:38.851 I/chatty  ( 1690): uid=1000(system) Binder:1690_13 expire 6 lines
06-04 19:00:38.862 I/chatty  ( 1690): uid=1000(system) Binder:1690_3 expire 4 lines
06-04 19:00:39.041 I/chatty  ( 1690): uid=1000(system) Binder:1690_F expire 8 lines
06-04 19:00:39.051 I/chatty  ( 1690): uid=1000(system) Binder:1690_12 expire 12 lines
06-04 19:01:30.630 I/chatty  ( 1690): uid=1000(system) Binder:1690_16 expire 7 lines
06-04 19:01:30.658 I/chatty  ( 1690): uid=1000(system) Binder:1690_1D expire 6 lines
06-04 19:01:30.670 I/chatty  ( 1690): uid=1000(system) Binder:1690_15 expire 5 lines
06-04 19:02:08.868 I/chatty  ( 1690): uid=1000(system) Binder:1690_17 expire 5 lines
06-04 19:02:08.879 I/chatty  ( 1690): uid=1000(system) Binder:1690_20 expire 4 lines
06-04 19:02:09.484 I/chatty  ( 1690): uid=1000(system) Binder:1690_1C expire 5 lines
06-04 19:02:30.711 I/chatty  ( 1690): uid=1000(system) Binder:1690_1 expire 7 lines
06-04 19:03:29.446 I/chatty  ( 1690): uid=1000(system) android.display expire 14 lines
06-04 19:03:29.449 I/chatty  ( 1690): uid=1000(system) Binder:1690_A expire 4 lines
06-04 19:03:29.465 I/chatty  ( 1690): uid=1000(system) Binder:1690_D expire 5 lines
06-04 19:03:29.518 I/chatty  ( 1690): uid=1000(system) Binder:1690_1E expire 2 lines
06-04 19:03:30.123 I/chatty  ( 1690): uid=1000(system) Binder:1690_14 expire 7 lines
06-04 19:03:30.157 I/chatty  ( 1690): uid=1000(system) Binder:1690_11 expire 4 lines
06-04 19:03:30.374 I/chatty  ( 1690): uid=1000(system) Binder:1690_1B expire 3 lines
06-04 19:03:30.501 I/chatty  ( 1690): uid=1000(system) Binder:1690_18 expire 7 lines
06-04 19:03:30.538 I/chatty  ( 1690): uid=1000(system) Binder:1690_4 expire 3 lines
06-04 19:03:30.644 I/chatty  ( 1690): uid=1000 system_server expire 5 lines
06-04 19:03:30.977 I/chatty  ( 1690): uid=1000(system) Binder:1690_2 expire 7 lines
06-04 19:03:31.063 E/FrameworkListener(  952): read() failed (Connection reset by peer)
06-04 19:03:39.713 I/chatty  ( 1690): uid=1000(system) Binder:1690_E expire 3 lines
06-04 19:03:39.728 I/chatty  ( 1690): uid=1000(system) Binder:1690_C expire 3 lines
06-04 19:03:39.946 I/chatty  ( 1690): uid=1000(system) Binder:1690_9 expire 4 lines
06-04 19:03:39.956 I/chatty  ( 1690): uid=1000(system) Binder:1690_5 expire 3 lines
06-04 19:03:40.053 I/chatty  ( 1690): uid=1000(system) Binder:1690_10 expire 2 lines
06-04 19:03:40.079 I/chatty  ( 1690): uid=1000(system) Binder:1690_6 expire 3 lines
06-04 19:05:57.923 I/chatty  ( 1690): uid=1000(system) pool-3-thread-1 expire 1 line
06-04 19:06:11.357 I/chatty  ( 1690): uid=1000(system) Binder:1690_7 expire 1 line
06-04 19:06:11.635 I/chatty  ( 1690): uid=1000(system) Binder:1690_B expire 3 lines
06-04 19:06:53.068 I/chatty  ( 1690): uid=1000(system) Binder:1690_1A expire 5 lines
06-04 19:06:53.079 I/chatty  ( 1690): uid=1000(system) Binder:1690_7 expire 3 lines
06-04 19:06:53.097 I/chatty  ( 1690): uid=1000(system) Binder:1690_1F expire 4 lines
06-04 19:06:53.121 I/chatty  ( 1690): uid=1000(system) Binder:1690_1D expire 6 lines
06-04 19:06:53.126 I/chatty  ( 1690): uid=1000(system) Binder:1690_3 expire 3 lines
06-04 19:06:53.499 I/chatty  ( 1690): uid=1000(system) android.display expire 44 lines
06-04 19:07:05.938 I/chatty  ( 1690): uid=1000(system) Binder:1690_17 expire 2 lines
06-04 19:07:05.946 I/chatty  ( 1690): uid=1000(system) Binder:1690_20 expire 2 lines
06-04 19:07:05.955 I/chatty  ( 1690): uid=1000(system) Binder:1690_E expire 2 lines
06-04 19:07:05.962 I/chatty  ( 1690): uid=1000(system) Binder:1690_A expire 5 lines
06-04 19:07:05.990 I/chatty  ( 1690): uid=1000(system) Binder:1690_1C expire 6 lines
06-04 19:07:23.247 I/chatty  ( 1690): uid=1000(system) Binder:1690_14 expire 6 lines
06-04 19:07:23.259 I/chatty  ( 1690): uid=1000(system) Binder:1690_F expire 3 lines
06-04 19:07:23.263 I/chatty  ( 1690): uid=1000(system) Binder:1690_C expire 6 lines
06-04 19:08:03.660 I/chatty  ( 1690): uid=1000 system_server expire 3 lines
06-04 19:08:18.930 I/chatty  ( 1690): uid=1000(system) Binder:1690_12 expire 3 lines
06-04 19:08:19.918 I/chatty  ( 1690): uid=1000(system) Binder:1690_1E expire 3 lines
06-04 19:08:19.954 I/chatty  ( 1690): uid=1000(system) Binder:1690_11 expire 4 lines
06-04 19:08:20.107 I/chatty  ( 1690): uid=1000(system) Binder:1690_6 expire 6 lines
06-04 19:08:20.129 I/chatty  ( 1690): uid=1000(system) Binder:1690_1B expire 2 lines
06-04 19:08:20.270 I/chatty  ( 1690): uid=1000(system) Binder:1690_1 expire 3 lines
06-04 19:08:20.301 I/chatty  ( 1690): uid=1000(system) Binder:1690_15 expire 6 lines
06-04 19:08:20.841 I/chatty  ( 1690): uid=1000(system) Binder:1690_4 expire 4 lines
06-04 19:08:22.545 I/chatty  ( 1690): uid=1000(system) Binder:1690_19 expire 2 lines
06-04 19:09:53.924 I/chatty  ( 1690): uid=1000(system) BroadcastQueue expire 3 lines
06-04 19:10:24.497 I/chatty  ( 1690): uid=1000(system) Binder:1690_13 expire 6 lines
06-04 19:10:24.837 I/chatty  ( 1690): uid=1000(system) ActivityManager expire 11 lines
06-04 19:10:25.592 I/chatty  ( 1690): uid=1000(system) Binder:1690_10 expire 1 line
06-04 19:10:25.593 I/chatty  ( 1690): uid=1000(system) ConnectivitySer expire 3 lines
06-04 19:10:25.780 I/chatty  ( 1690): uid=1000(system) Binder:1690_18 expire 4 lines
06-04 19:10:25.823 I/chatty  ( 1690): uid=1000(system) Binder:1690_5 expire 1 line
06-04 19:10:25.832 I/chatty  ( 1690): uid=1000(system) Binder:1690_2 expire 1 line
06-04 19:10:25.951 I/chatty  ( 1690): uid=1000(system) android.io expire 2 lines
06-04 19:10:26.032 I/chatty  ( 1690): uid=1000(system) Binder:1690_D expire 2 lines
06-04 19:10:26.739 I/chatty  ( 1690): uid=1000(system) Binder:1690_16 expire 3 lines
06-04 19:10:28.977 I/chatty  ( 1690): uid=1000(system) android.display expire 19 lines
06-04 19:10:30.014 I/chatty  ( 1690): uid=1000(system) Binder:1690_19 expire 4 lines
06-04 19:10:30.019 I/chatty  ( 1690): uid=1000(system) Binder:1690_1B expire 5 lines
06-04 19:10:30.065 I/chatty  ( 1690): uid=1000(system) Binder:1690_4 expire 2 lines
06-04 19:10:30.986 I/chatty  ( 1690): uid=1000(system) Binder:1690_5 expire 3 lines
06-04 19:10:30.999 I/chatty  ( 1690): uid=1000(system) Binder:1690_D expire 7 lines
06-04 19:10:31.016 I/chatty  ( 1690): uid=1000(system) Binder:1690_18 expire 2 lines
06-04 19:11:05.382 I/chatty  ( 1690): uid=1000(system) Binder:1690_1E expire 2 lines
06-04 19:11:05.394 I/chatty  ( 1690): uid=1000(system) Binder:1690_14 expire 5 lines
06-04 19:11:20.521 I/chatty  ( 1690): uid=1000(system) Binder:1690_10 expire 3 lines
06-04 19:11:20.557 I/chatty  ( 1690): uid=1000(system) Binder:1690_1D expire 8 lines
06-04 19:11:20.628 I/chatty  ( 1690): uid=1000(system) Binder:1690_A expire 1 line
06-04 19:11:20.630 I/chatty  ( 1690): uid=1000(system) Binder:1690_B expire 3 lines
06-04 19:11:20.631 I/chatty  ( 1690): uid=1000(system) Binder:1690_6 expire 4 lines
06-04 19:11:20.682 I/chatty  ( 1690): uid=1000(system) Binder:1690_17 expire 5 lines
06-04 19:11:21.640 E/ActivityThread(21226): Failed to find provider info for com.coloros.personalassistant
06-04 19:11:23.526 I/chatty  ( 1690): uid=1000(system) Binder:1690_8 expire 3 lines
06-04 19:11:23.554 I/chatty  ( 1690): uid=1000(system) Binder:1690_1A expire 3 lines
06-04 19:11:24.401 I/chatty  ( 1690): uid=1000(system) android.display expire 39 lines
06-04 19:11:24.524 I/chatty  ( 1690): uid=1000(system) Binder:1690_1F expire 4 lines
06-04 19:11:24.536 E/ActivityThread(21226): Failed to find provider info for com.coloros.personalassistant
06-04 19:11:24.597 I/chatty  ( 1690): uid=1000(system) Binder:1690_12 expire 4 lines
06-04 19:11:24.639 I/chatty  ( 1690): uid=1000(system) Binder:1690_C expire 4 lines
06-04 19:11:26.521 I/chatty  ( 1690): uid=1000(system) Binder:1690_20 expire 3 lines
06-04 19:11:26.535 I/chatty  ( 1690): uid=1000(system) Binder:1690_1C expire 5 lines
06-04 19:11:26.550 I/chatty  ( 1690): uid=1000(system) Binder:1690_1 expire 8 lines
06-04 19:11:26.564 I/chatty  ( 1690): uid=1000(system) Binder:1690_E expire 2 lines
06-04 19:11:26.616 I/chatty  ( 1690): uid=1000(system) Binder:1690_11 expire 4 lines
06-04 19:11:26.630 E/ActivityThread(21226): Failed to find provider info for com.coloros.personalassistant
06-04 19:11:26.691 I/chatty  ( 1690): uid=1000(system) Binder:1690_15 expire 5 lines
06-04 19:11:26.779 I/chatty  ( 1690): uid=1000(system) Binder:1690_3 expire 3 lines
06-04 19:11:26.804 I/chatty  ( 1690): uid=1000(system) Binder:1690_2 expire 2 lines
06-04 19:11:27.021 I/chatty  ( 1690): uid=1000(system) ActivityManager expire 1 line
06-04 19:11:27.108 I/chatty  ( 1690): uid=1000(system) Binder:1690_7 expire 3 lines
06-04 19:11:27.678 E/ActivityThread(21226): Failed to find provider info for com.coloros.personalassistant
06-04 19:11:29.106 I/chatty  ( 1690): uid=1000(system) Binder:1690_9 expire 1 line
06-04 19:11:29.116 I/chatty  ( 1690): uid=1000(system) Binder:1690_13 expire 4 lines
06-04 19:11:29.779 I/chatty  ( 1690): uid=1000(system) Binder:1690_12 expire 6 lines
06-04 19:11:29.794 I/chatty  ( 1690): uid=1000(system) WifiService expire 2 lines
06-04 19:11:29.829 I/chatty  ( 1690): uid=1000(system) ConnectivitySer expire 22 lines
06-04 19:11:29.933 I/chatty  ( 1690): uid=1000(system) pool-3-thread-1 expire 13 lines
06-04 19:11:29.947 I/chatty  ( 1690): uid=1000(system) Binder:1690_1D expire 3 lines
06-04 19:11:29.953 I/chatty  ( 1690): uid=1000(system) WifiStateMachin expire 2 lines
06-04 19:11:29.991 I/chatty  ( 1690): uid=1000(system) Binder:1690_1F expire 2 lines
06-04 19:11:30.007 I/chatty  ( 1690): uid=1000(system) Binder:1690_11 expire 4 lines
06-04 19:11:30.029 I/chatty  ( 1690): uid=1000(system) Binder:1690_1C expire 2 lines
06-04 19:11:30.235 I/chatty  ( 1690): uid=1000(system) Binder:1690_15 expire 2 lines
06-04 19:11:30.240 I/chatty  ( 1690): uid=1000(system) Binder:1690_9 expire 2 lines
06-04 19:11:30.352 I/chatty  ( 1690): uid=1000(system) BroadcastQueue expire 4 lines
06-04 19:11:30.380 I/chatty  ( 1690): uid=1000(system) Binder:1690_20 expire 6 lines
06-04 19:11:30.414 I/chatty  ( 1690): uid=1000(system) Binder:1690_7 expire 2 lines
06-04 19:11:30.445 I/chatty  ( 1690): uid=1000(system) Binder:1690_C expire 3 lines
06-04 19:11:30.531 I/chatty  ( 1690): uid=1000(system) Binder:1690_A expire 3 lines
06-04 19:11:31.213 I/chatty  ( 1690): uid=1000(system) android.bg expire 4 lines
06-04 19:11:31.219 I/chatty  ( 1690): uid=1000(system) Binder:1690_6 expire 5 lines
06-04 19:11:31.220 I/chatty  ( 1690): uid=1000(system) Binder:1690_E expire 4 lines
06-04 19:11:31.225 I/chatty  ( 1690): uid=1000(system) Binder:1690_10 expire 2 lines
06-04 19:11:31.233 I/chatty  ( 1690): uid=1000(system) Binder:1690_F expire 4 lines
06-04 19:11:31.238 I/chatty  ( 1690): uid=1000(system) Binder:1690_B expire 3 lines
06-04 19:11:32.927 I/chatty  ( 1690): uid=1000(system) Binder:1690_D expire 3 lines
06-04 19:11:33.023 I/chatty  ( 1690): uid=1000(system) Binder:1690_1 expire 4 lines
06-04 19:11:33.051 I/chatty  ( 1690): uid=1000(system) Binder:1690_19 expire 3 lines
06-04 19:11:34.933 I/chatty  ( 1690): uid=1000(system) Binder:1690_17 expire 2 lines
06-04 19:11:35.790 I/chatty  ( 1690): uid=1000(system) Binder:1690_1E expire 2 lines
06-04 19:11:35.793 I/chatty  ( 1690): uid=1000(system) Binder:1690_5 expire 5 lines
06-04 19:11:48.622 I/chatty  ( 1690): uid=1000(system) Binder:1690_4 expire 2 lines
06-04 19:11:49.901 I/chatty  ( 1690): uid=1000(system) Binder:1690_16 expire 4 lines
06-04 19:11:54.908 I/chatty  ( 1690): uid=1000(system) Binder:1690_14 expire 4 lines
06-04 19:11:54.915 I/chatty  ( 1690): uid=1000(system) Binder:1690_8 expire 2 lines
06-04 19:11:54.922 I/chatty  ( 1690): uid=1000(system) android.display expire 29 lines
06-04 19:11:54.965 I/chatty  ( 1690): uid=1000(system) Binder:1690_1A expire 2 lines
06-04 19:11:55.036 I/chatty  ( 1690): uid=1000(system) Binder:1690_3 expire 3 lines
06-04 19:11:55.090 I/chatty  ( 1690): uid=1000(system) Binder:1690_1B expire 3 lines
06-04 19:12:00.005 I/chatty  ( 1690): uid=1000 system_server expire 1 line
06-04 19:12:02.041 I/chatty  ( 1690): uid=1000(system) Binder:1690_2 expire 6 lines
06-04 19:12:02.485 I/chatty  ( 1690): uid=1000(system) Binder:1690_9 expire 4 lines
06-04 19:12:02.498 I/chatty  ( 1690): uid=1000(system) android.display expire 60 lines
06-04 19:12:02.545 I/chatty  ( 1690): uid=1000(system) Binder:1690_1E expire 5 lines
06-04 19:12:02.561 E/ActivityThread(21226): Failed to find provider info for com.coloros.personalassistant
06-04 19:12:02.596 I/chatty  ( 1690): uid=1000(system) Binder:1690_17 expire 10 lines
06-04 19:12:02.644 I/chatty  ( 1690): uid=1000(system) Binder:1690_6 expire 3 lines
06-04 19:12:02.666 I/chatty  ( 1690): uid=1000(system) Binder:1690_D expire 5 lines
06-04 19:12:02.688 I/chatty  ( 1690): uid=1000(system) Binder:1690_14 expire 3 lines
06-04 19:12:02.709 I/chatty  ( 1690): uid=1000(system) Binder:1690_13 expire 1 line
06-04 19:12:02.720 I/chatty  ( 1690): uid=1000(system) Binder:1690_4 expire 3 lines
06-04 19:12:02.756 I/chatty  ( 1690): uid=1000(system) Binder:1690_19 expire 5 lines
06-04 19:12:02.974 I/chatty  ( 1690): uid=1000(system) ActivityManager expire 4 lines
06-04 19:12:04.651 I/chatty  ( 1690): uid=1000(system) Binder:1690_16 expire 2 lines
06-04 19:12:04.653 I/chatty  ( 1690): uid=1000(system) Binder:1690_15 expire 4 lines
06-04 19:12:04.704 I/chatty  ( 1690): uid=1000(system) Binder:1690_3 expire 5 lines
06-04 19:12:04.711 I/chatty  ( 1690): uid=1000(system) Binder:1690_1C expire 1 line
06-04 19:12:04.735 I/chatty  ( 1690): uid=1000(system) Binder:1690_A expire 3 lines
06-04 19:12:04.737 I/chatty  ( 1690): uid=1000(system) Binder:1690_1F expire 6 lines
06-04 19:12:04.744 I/chatty  ( 1690): uid=1000(system) Binder:1690_7 expire 6 lines
06-04 19:12:04.757 I/chatty  ( 1690): uid=1000(system) Binder:1690_12 expire 3 lines
06-04 19:12:04.784 I/chatty  ( 1690): uid=1000(system) Binder:1690_5 expire 6 lines
06-04 19:12:04.788 I/chatty  ( 1690): uid=1000(system) Binder:1690_1A expire 3 lines
06-04 19:12:04.850 I/chatty  ( 1690): uid=1000(system) Binder:1690_B expire 1 line
06-04 19:12:05.123 I/chatty  ( 1690): uid=1000(system) Binder:1690_11 expire 3 lines
06-04 19:12:05.139 I/chatty  ( 1690): uid=1000(system) Binder:1690_1B expire 2 lines
06-04 19:12:05.334 I/chatty  ( 1690): uid=1000(system) Binder:1690_1D expire 3 lines
06-04 19:12:05.346 I/chatty  ( 1690): uid=1000(system) Binder:1690_F expire 1 line
06-04 19:12:05.825 I/chatty  ( 1690): uid=1000(system) Binder:1690_C expire 2 lines
06-04 19:12:06.085 I/chatty  ( 1690): uid=1000(system) Binder:1690_8 expire 1 line
06-04 19:12:06.101 I/chatty  ( 1690): uid=1000(system) Binder:1690_10 expire 2 lines
06-04 19:12:06.793 I/chatty  ( 1690): uid=1000 system_server expire 3 lines
06-04 19:12:10.086 E/ActivityThread(19706): Activity com.nearme.instant.LauncherActivity$Launcher0 has leaked ServiceConnection com.oppo.ohome.api.ipc.IotIpcApi$2@43cba94 that was originally bound here
06-04 19:12:10.086 E/ActivityThread(19706): android.app.ServiceConnectionLeaked: Activity com.nearme.instant.LauncherActivity$Launcher0 has leaked ServiceConnection com.oppo.ohome.api.ipc.IotIpcApi$2@43cba94 that was originally bound here
06-04 19:12:10.086 E/ActivityThread(19706): 	at android.app.LoadedApk$ServiceDispatcher.<init>(LoadedApk.java:1449)
06-04 19:12:10.086 E/ActivityThread(19706): 	at android.app.LoadedApk.getServiceDispatcher(LoadedApk.java:1344)
06-04 19:12:10.086 E/ActivityThread(19706): 	at android.app.ContextImpl.bindServiceCommon(ContextImpl.java:1578)
06-04 19:12:10.086 E/ActivityThread(19706): 	at android.app.ContextImpl.bindService(ContextImpl.java:1550)
06-04 19:12:10.086 E/ActivityThread(19706): 	at android.content.ContextWrapper.bindService(ContextWrapper.java:647)
06-04 19:12:10.086 E/ActivityThread(19706): 	at com.oppo.ohome.api.ipc.IotIpcApi.bindService(SourceFile:119)
06-04 19:12:10.086 E/ActivityThread(19706): 	at com.oppo.ohome.api.ipc.IotIpcApi.request(SourceFile:99)
06-04 19:12:10.086 E/ActivityThread(19706): 	at com.nearme.instant.features.IOT.a(SourceFile:139)
06-04 19:12:10.086 E/ActivityThread(19706): 	at com.nearme.instant.features.IOT.invokeInner(SourceFile:95)
06-04 19:12:10.086 E/ActivityThread(19706): 	at com.nearme.instant.bridge.AbstractHybridFeature.invoke(SourceFile:66)
06-04 19:12:10.086 E/ActivityThread(19706): 	at com.nearme.instant.bridge.k$a.run(SourceFile:318)
06-04 19:12:10.086 E/ActivityThread(19706): 	at java.util.concurrent.ThreadPoolExecutor.runWorker(ThreadPoolExecutor.java:1133)
06-04 19:12:10.086 E/ActivityThread(19706): 	at java.util.concurrent.ThreadPoolExecutor$Worker.run(ThreadPoolExecutor.java:607)
06-04 19:12:10.086 E/ActivityThread(19706): 	at java.lang.Thread.run(Thread.java:761)
06-04 19:12:10.578 E/ActivityThread(21226): Failed to find provider info for com.coloros.personalassistant
06-04 19:12:10.622 I/chatty  ( 1690): uid=1000(system) Binder:1690_20 expire 2 lines
06-04 19:12:10.642 I/chatty  ( 1690): uid=1000(system) Binder:1690_18 expire 3 lines
06-04 19:12:10.672 I/chatty  ( 1690): uid=1000(system) Binder:1690_E expire 4 lines
06-04 19:13:04.722 I/chatty  ( 1690): uid=1000(system) android.bg expire 1 line
06-04 19:15:10.695 I/chatty  ( 1690): uid=1000(system) Binder:1690_1 expire 2 lines
06-04 19:15:10.723 I/chatty  ( 1690): uid=1000(system) Binder:1690_8 expire 1 line
06-04 19:15:10.732 I/chatty  ( 1690): uid=1000(system) Binder:1690_15 expire 4 lines
06-04 19:15:10.745 I/chatty  ( 1690): uid=1000(system) Binder:1690_D expire 8 lines
06-04 19:16:10.734 I/chatty  ( 1690): uid=1000(system) Binder:1690_18 expire 2 lines
06-04 19:16:10.761 I/chatty  ( 1690): uid=1000(system) Binder:1690_F expire 4 lines
06-04 19:16:10.769 I/chatty  ( 1690): uid=1000(system) Binder:1690_9 expire 2 lines
06-04 19:16:10.787 I/chatty  ( 1690): uid=1000(system) Binder:1690_12 expire 1 line
06-04 19:16:28.673 I/chatty  ( 1690): uid=1000 system_server expire 8 lines
06-04 19:16:28.689 I/chatty  ( 1690): uid=1000(system) Binder:1690_20 expire 2 lines
06-04 19:16:33.905 I/chatty  ( 1690): uid=1000(system) Binder:1690_C expire 5 lines
06-04 19:16:33.916 I/chatty  ( 1690): uid=1000(system) Binder:1690_2 expire 2 lines
06-04 19:16:33.951 I/chatty  ( 1690): uid=1000(system) Binder:1690_10 expire 4 lines
06-04 19:16:33.956 I/chatty  ( 1690): uid=1000(system) Binder:1690_3 expire 3 lines
06-04 19:16:43.513 I/chatty  ( 1690): uid=1000(system) Binder:1690_17 expire 2 lines
06-04 19:16:43.551 I/chatty  ( 1690): uid=1000(system) Binder:1690_1A expire 6 lines
06-04 19:16:43.588 I/chatty  ( 1690): uid=1000(system) Binder:1690_1E expire 6 lines
06-04 19:16:43.699 I/chatty  ( 1690): uid=1000(system) Binder:1690_1B expire 3 lines
06-04 19:16:43.703 I/chatty  ( 1690): uid=1000(system) Binder:1690_1F expire 6 lines
06-04 19:16:44.456 I/chatty  ( 1690): uid=1000(system) Binder:1690_B expire 4 lines
06-04 19:16:44.497 I/chatty  ( 1690): uid=1000(system) Binder:1690_1C expire 3 lines
06-04 19:16:44.544 I/chatty  ( 1690): uid=1000(system) Binder:1690_5 expire 10 lines
06-04 19:16:44.550 W/SocketClient(  952): write error (Broken pipe)
06-04 19:16:45.755 I/chatty  ( 1690): uid=1000(system) android.display expire 12 lines
06-04 19:17:10.757 I/chatty  ( 1690): uid=1000(system) Binder:1690_6 expire 2 lines
06-04 19:17:10.762 I/chatty  ( 1690): uid=1000(system) Binder:1690_14 expire 6 lines
06-04 19:17:10.773 I/chatty  ( 1690): uid=1000(system) Binder:1690_E expire 10 lines
06-04 19:18:10.849 I/chatty  ( 1690): uid=1000(system) Binder:1690_7 expire 4 lines
06-04 19:18:13.355 I/chatty  ( 1690): uid=1000(system) Binder:1690_19 expire 1 line
06-04 19:18:33.400 I/chatty  ( 1690): uid=1000(system) pool-3-thread-1 expire 1 line
06-04 19:19:10.861 I/chatty  ( 1690): uid=1000(system) Binder:1690_16 expire 3 lines
06-04 19:19:10.884 I/chatty  ( 1690): uid=1000(system) Binder:1690_A expire 4 lines
06-04 19:19:10.891 I/chatty  ( 1690): uid=1000(system) Binder:1690_11 expire 3 lines
06-04 19:22:03.446 I/chatty  ( 1690): uid=1000(system) Binder:1690_4 expire 2 lines
06-04 19:22:11.000 I/chatty  ( 1690): uid=1000(system) Binder:1690_13 expire 2 lines
06-04 19:23:03.730 I/chatty  ( 1690): uid=1000(system) ActivityManager expire 14 lines
06-04 19:23:11.037 I/chatty  ( 1690): uid=1000(system) Binder:1690_1D expire 2 lines
06-04 19:24:34.877 I/chatty  ( 1690): uid=1000(system) batterystats-sy expire 1 line
06-04 19:24:39.826 I/chatty  ( 1690): uid=1000(system) android.fg expire 2 lines
06-04 19:24:39.903 D/        (  525): findAdb is 1
06-04 19:24:39.956 I/chatty  ( 1690): uid=1000(system) BroadcastQueue expire 9 lines
06-04 19:24:40.095 I/chatty  ( 1690): uid=1000(system) BpmThread expire 1 line
06-04 19:24:49.975 W/ViewRootImpl[Launcher]( 3569): Dropping event due to no window focus: KeyEvent { action=ACTION_DOWN, keyCode=KEYCODE_BACK, scanCode=158, metaState=0, flags=0x8, repeatCount=0, eventTime=199698639, downTime=199698639, deviceId=4, source=0x101 }, hasFocus:false, mStopped:false, mPausedForTransition:false
06-04 19:24:50.011 I/chatty  ( 1690): uid=1000(system) android.display expire 16 lines
06-04 19:24:50.953 I/chatty  ( 1690): uid=1000(system) ConnectivitySer expire 6 lines
06-04 19:24:50.971 I/chatty  ( 1690): uid=1000(system) android.display expire 52 lines
06-04 19:24:51.239 I/chatty  ( 1690): uid=1000(system) ActivityManager expire 3 lines
06-04 19:24:51.248 I/chatty  ( 1690): uid=1000 system_server expire 12 lines
06-04 19:24:51.877 I/chatty  ( 1690): uid=1000(system) Binder:1690_1C expire 1 line
06-04 19:24:51.884 I/chatty  ( 1690): uid=1000(system) Binder:1690_4 expire 3 lines
06-04 19:24:51.952 I/chatty  ( 1690): uid=1000(system) Binder:1690_15 expire 2 lines
06-04 19:24:51.975 I/chatty  ( 1690): uid=1000(system) Binder:1690_1A expire 2 lines
06-04 19:24:52.005 I/chatty  ( 1690): uid=1000(system) Binder:1690_9 expire 3 lines
06-04 19:24:52.660 I/chatty  ( 1690): uid=1000(system) Binder:1690_12 expire 4 lines
06-04 19:24:52.670 I/chatty  ( 1690): uid=1000(system) Binder:1690_1B expire 3 lines
06-04 19:24:52.678 I/chatty  ( 1690): uid=1000(system) Binder:1690_19 expire 5 lines
06-04 19:24:52.690 I/chatty  ( 1690): uid=1000(system) Binder:1690_11 expire 2 lines
06-04 19:24:53.186 I/chatty  ( 1690): uid=1000(system) Binder:1690_20 expire 1 line
06-04 19:24:53.189 I/chatty  ( 1690): uid=1000(system) Binder:1690_3 expire 7 lines
06-04 19:24:55.004 I/chatty  ( 1690): uid=1000(system) Binder:1690_2 expire 2 lines
06-04 19:24:55.010 I/chatty  ( 1690): uid=1000(system) Binder:1690_1D expire 2 lines
06-04 19:24:55.919 I/chatty  ( 1690): uid=1000(system) Binder:1690_18 expire 2 lines
06-04 19:24:55.927 I/chatty  ( 1690): uid=1000(system) Binder:1690_E expire 4 lines
06-04 19:24:55.934 I/chatty  ( 1690): uid=1000(system) Binder:1690_D expire 10 lines
06-04 19:24:55.971 I/chatty  ( 1690): uid=1000(system) Binder:1690_1F expire 1 line
06-04 19:24:56.027 I/chatty  ( 1690): uid=1000(system) Binder:1690_C expire 4 lines
06-04 19:24:56.041 I/chatty  ( 1690): uid=1000(system) Binder:1690_1 expire 7 lines
06-04 19:24:56.082 I/chatty  ( 1690): uid=1000(system) Binder:1690_7 expire 3 lines
06-04 19:24:56.100 I/chatty  ( 1690): uid=1000(system) Binder:1690_1E expire 5 lines
06-04 19:24:56.146 I/chatty  ( 1690): uid=1000(system) Binder:1690_14 expire 1 line
06-04 19:24:56.162 I/chatty  ( 1690): uid=1000(system) Binder:1690_B expire 5 lines
06-04 19:24:56.212 I/chatty  ( 1690): uid=1000(system) Binder:1690_13 expire 20 lines
06-04 19:24:56.271 I/chatty  ( 1690): uid=1000(system) Binder:1690_A expire 1 line
06-04 19:24:56.271 I/chatty  ( 1690): uid=1000(system) Binder:1690_10 expire 2 lines
06-04 19:24:56.308 I/chatty  ( 1690): uid=1000(system) BroadcastQueue expire 5 lines
06-04 19:24:56.378 I/chatty  ( 1690): uid=1000(system) Binder:1690_F expire 6 lines
06-04 19:24:56.383 I/chatty  ( 1690): uid=1000 system_server expire 16 lines
06-04 19:24:56.388 I/chatty  ( 1690): uid=1000(system) Binder:1690_3 expire 4 lines
06-04 19:24:56.396 I/chatty  ( 1690): uid=1000(system) Binder:1690_1D expire 7 lines
06-04 19:24:56.403 I/chatty  ( 1690): uid=1000(system) Binder:1690_7 expire 8 lines
06-04 19:24:56.419 I/chatty  ( 1690): uid=1000(system) Binder:1690_20 expire 10 lines
06-04 19:24:56.426 I/chatty  ( 1690): uid=1000(system) Binder:1690_8 expire 2 lines
06-04 19:24:56.427 I/chatty  ( 1690): uid=1000(system) ConnectivitySer expire 1 line
06-04 19:24:56.428 I/chatty  ( 1690): uid=1000(system) Binder:1690_A expire 6 lines
06-04 19:24:56.448 I/chatty  ( 1690): uid=1000(system) Binder:1690_11 expire 9 lines
06-04 19:24:56.469 I/ActivityThread(19034): Removing dead content provider:android.content.ContentProviderProxy@ea4f8a8
06-04 19:24:56.481 I/chatty  ( 1690): uid=1000(system) Binder:1690_1E expire 10 lines
06-04 19:24:56.499 I/chatty  ( 1690): uid=1000(system) Binder:1690_E expire 6 lines
06-04 19:24:56.530 I/chatty  ( 1690): uid=1000(system) Binder:1690_B expire 3 lines
06-04 19:24:56.554 I/chatty  ( 1690): uid=1000(system) BroadcastQueue expire 1 line
06-04 19:24:56.559 I/chatty  ( 1690): uid=1000(system) Binder:1690_1B expire 4 lines
06-04 19:24:56.751 I/chatty  ( 1690): uid=1000(system) Binder:1690_9 expire 5 lines
06-04 19:24:56.775 I/chatty  ( 1690): uid=1000(system) Binder:1690_1A expire 5 lines
06-04 19:24:56.839 I/chatty  ( 1690): uid=1000(system) InputReader expire 8 lines
06-04 19:24:56.840 I/chatty  ( 1690): uid=1000(system) aceService.Main expire 1 line
06-04 19:24:56.841 I/chatty  ( 1690): uid=1000(system) Binder:1690_19 expire 2 lines
06-04 19:24:56.883 I/chatty  ( 1690): uid=1000(system) Binder:1690_1 expire 1 line
06-04 19:24:56.923 I/chatty  ( 1690): uid=1000(system) Binder:1690_1F expire 7 lines
06-04 19:24:56.950 I/chatty  ( 1690): uid=1000(system) ActivityManager expire 4 lines
06-04 19:24:56.953 I/chatty  ( 1690): uid=1000(system) Binder:1690_2 expire 9 lines
06-04 19:24:57.008 I/chatty  ( 1690): uid=1000(system) PowerManagerSer expire 3 lines
06-04 19:24:57.038 I/chatty  ( 1690): uid=1000(system) android.display expire 8 lines
06-04 19:24:57.060 I/chatty  ( 1690): uid=1000(system) Binder:1690_4 expire 1 line
06-04 19:24:57.067 I/chatty  ( 1690): uid=1000(system) pool-3-thread-1 expire 2 lines
06-04 19:24:57.085 I/chatty  ( 1690): uid=1000(system) Binder:1690_12 expire 3 lines
06-04 19:24:57.086 I/chatty  ( 1690): uid=1000(system) Binder:1690_18 expire 5 lines
06-04 19:24:57.095 I/chatty  ( 1690): uid=1000(system) Binder:1690_14 expire 5 lines
06-04 19:24:57.156 I/chatty  ( 1690): uid=1000(system) Binder:1690_15 expire 1 line
06-04 19:24:57.453 I/chatty  ( 1690): uid=1000(system) Binder:1690_1C expire 2 lines
06-04 19:24:57.938 I/chatty  ( 1690): uid=1000(system) android.io expire 2 lines
06-04 19:24:58.349 I/chatty  ( 1690): uid=1000(system) PackageManager expire 2 lines
06-04 19:24:58.515 I/chatty  ( 1690): uid=1000(system) Binder:1690_6 expire 3 lines
06-04 19:24:58.722 I/chatty  ( 1690): uid=1000(system) Binder:1690_D expire 1 line
06-04 19:24:58.741 I/chatty  ( 1690): uid=1000(system) Binder:1690_5 expire 1 line
06-04 19:24:58.747 I/chatty  ( 1690): uid=1000(system) Binder:1690_10 expire 1 line
06-04 19:24:58.749 I/chatty  ( 1690): uid=1000(system) Binder:1690_13 expire 1 line
06-04 19:24:58.771 I/chatty  ( 1690): uid=1000(system) Binder:1690_16 expire 2 lines
06-04 19:24:59.488 I/chatty  ( 1690): uid=1000(system) Binder:1690_C expire 3 lines
06-04 19:24:59.832 E/ActivityThread(22554): Service com.cleanmaster.CleanService has leaked IntentReceiver infoc.i@3b7bce1 that was originally registered here. Are you missing a call to unregisterReceiver()?
06-04 19:24:59.832 E/ActivityThread(22554): android.app.IntentReceiverLeaked: Service com.cleanmaster.CleanService has leaked IntentReceiver infoc.i@3b7bce1 that was originally registered here. Are you missing a call to unregisterReceiver()?
06-04 19:24:59.832 E/ActivityThread(22554): 	at android.app.LoadedApk$ReceiverDispatcher.<init>(LoadedApk.java:1252)
