06-04 16:17:04.016 E/ActivityThread( 3118): 	at android.app.ContextImpl.bindServiceCommon(ContextImpl.java:1578)
06-04 16:17:04.016 E/ActivityThread( 3118): 	at android.app.ContextImpl.bindService(ContextImpl.java:1550)
06-04 16:17:04.016 E/ActivityThread( 3118): 	at android.content.ContextWrapper.bindService(ContextWrapper.java:647)
06-04 16:17:04.016 E/ActivityThread( 3118): 	at com.oppo.ohome.api.ipc.IotIpcApi.bindService(SourceFile:119)
06-04 16:17:04.016 E/ActivityThread( 3118): 	at com.oppo.ohome.api.ipc.IotIpcApi.request(SourceFile:99)
06-04 16:17:04.016 E/ActivityThread( 3118): 	at com.nearme.instant.features.IOT.a(SourceFile:139)
06-04 16:17:04.016 E/ActivityThread( 3118): 	at com.nearme.instant.features.IOT.invokeInner(SourceFile:95)
06-04 16:17:04.016 E/ActivityThread( 3118): 	at com.nearme.instant.bridge.AbstractHybridFeature.invoke(SourceFile:66)
06-04 16:17:04.016 E/ActivityThread( 3118): 	at com.nearme.instant.bridge.k$a.run(SourceFile:318)
06-04 16:17:04.016 E/ActivityThread( 3118): 	at java.util.concurrent.ThreadPoolExecutor.runWorker(ThreadPoolExecutor.java:1133)
06-04 16:17:04.016 E/ActivityThread( 3118): 	at java.util.concurrent.ThreadPoolExecutor$Worker.run(ThreadPoolExecutor.java:607)
06-04 16:17:04.016 E/ActivityThread( 3118): 	at java.lang.Thread.run(Thread.java:761)
06-04 16:17:04.017 I/chatty  ( 1690): uid=1000(system) Binder:1690_14 expire 5 lines
06-04 16:17:04.980 I/chatty  ( 1690): uid=1000(system) Binder:1690_16 expire 3 lines
06-04 16:17:04.987 I/chatty  ( 1690): uid=1000(system) android.display expire 35 lines
06-04 16:17:04.990 E/ActivityThread( 4070): Failed to find provider info for com.coloros.personalassistant
06-04 16:17:05.043 I/chatty  ( 1690): uid=1000(system) Binder:1690_1E expire 4 lines
06-04 16:17:05.059 I/chatty  ( 1690): uid=1000(system) Binder:1690_1 expire 4 lines
06-04 16:17:05.080 I/chatty  ( 1690): uid=1000(system) Binder:1690_11 expire 3 lines
06-04 16:17:08.457 I/chatty  ( 1690): uid=1000(system) InputDispatcher expire 2 lines
06-04 16:17:08.467 I/chatty  ( 1690): uid=1000(system) Binder:1690_17 expire 6 lines
06-04 16:17:08.511 I/chatty  ( 1690): uid=1000(system) Binder:1690_F expire 4 lines
06-04 16:17:24.956 I/chatty  ( 1690): uid=1000(system) Binder:1690_E expire 4 lines
06-04 16:17:24.961 I/chatty  ( 1690): uid=1000(system) pool-3-thread-1 expire 1 line
06-04 16:17:24.996 I/chatty  ( 1690): uid=1000(system) Binder:1690_1C expire 3 lines
06-04 16:17:26.238 I/chatty  ( 1690): uid=1000(system) Binder:1690_7 expire 2 lines
06-04 16:17:31.294 I/chatty  ( 1690): uid=1000(system) PackageManager expire 2 lines
06-04 16:18:15.955 I/chatty  ( 1690): uid=1000(system) Binder:1690_9 expire 4 lines
06-04 16:18:16.249 I/chatty  ( 1690): uid=1000(system) Binder:1690_1F expire 3 lines
06-04 16:18:16.263 I/chatty  ( 1690): uid=1000(system) Binder:1690_C expire 5 lines
06-04 16:18:16.292 I/chatty  ( 1690): uid=1000(system) Binder:1690_5 expire 6 lines
06-04 16:18:16.294 I/chatty  ( 1690): uid=1000(system) Binder:1690_1A expire 6 lines
06-04 16:18:16.302 I/chatty  ( 1690): uid=1000(system) Binder:1690_2 expire 3 lines
06-04 16:18:16.347 I/chatty  ( 1690): uid=1000(system) Binder:1690_10 expire 4 lines
06-04 16:18:16.363 I/chatty  ( 1690): uid=1000(system) Binder:1690_20 expire 3 lines
06-04 16:18:41.622 I/chatty  ( 1690): uid=1000(system) Binder:1690_1B expire 2 lines
06-04 16:18:41.624 I/chatty  ( 1690): uid=1000(system) Binder:1690_15 expire 2 lines
06-04 16:18:41.625 I/chatty  ( 1690): uid=1000(system) Binder:1690_8 expire 1 line
06-04 16:18:42.657 E/ActivityThread( 4070): Failed to find provider info for com.coloros.personalassistant
06-04 16:18:44.552 I/chatty  ( 1690): uid=1000(system) Binder:1690_A expire 3 lines
06-04 16:18:48.703 E/ActivityThread( 4070): Failed to find provider info for com.coloros.personalassistant
06-04 16:18:49.597 I/chatty  ( 1690): uid=1000(system) android.display expire 31 lines
06-04 16:18:49.600 E/ActivityThread( 4070): Failed to find provider info for com.coloros.personalassistant
06-04 16:18:49.660 I/chatty  ( 1690): uid=1000(system) Binder:1690_19 expire 1 line
06-04 16:18:51.611 E/ActivityThread( 4070): Failed to find provider info for com.coloros.personalassistant
06-04 16:18:51.683 I/chatty  ( 1690): uid=1000(system) Binder:1690_B expire 4 lines
06-04 16:18:51.757 I/chatty  ( 1690): uid=1000(system) Binder:1690_6 expire 11 lines
06-04 16:18:53.708 I/chatty  ( 1690): uid=1000(system) Binder:1690_10 expire 2 lines
06-04 16:18:53.710 I/chatty  ( 1690): uid=1000(system) Binder:1690_11 expire 3 lines
06-04 16:18:53.716 I/chatty  ( 1690): uid=1000(system) Binder:1690_8 expire 4 lines
06-04 16:18:53.722 I/chatty  ( 1690): uid=1000(system) Binder:1690_19 expire 1 line
06-04 16:18:53.724 I/chatty  ( 1690): uid=1000(system) Binder:1690_14 expire 7 lines
06-04 16:18:53.733 I/chatty  ( 1690): uid=1000(system) Binder:1690_9 expire 6 lines
06-04 16:18:53.738 I/chatty  ( 1690): uid=1000(system) Binder:1690_7 expire 4 lines
06-04 16:18:53.748 I/chatty  ( 1690): uid=1000(system) Binder:1690_D expire 5 lines
06-04 16:18:53.762 I/chatty  ( 1690): uid=1000(system) Binder:1690_1C expire 4 lines
06-04 16:18:53.771 I/chatty  ( 1690): uid=1000(system) Binder:1690_12 expire 2 lines
06-04 16:18:53.785 I/chatty  ( 1690): uid=1000(system) android.display expire 4 lines
06-04 16:18:53.815 I/chatty  ( 1690): uid=1000(system) Binder:1690_17 expire 7 lines
06-04 16:18:53.851 I/chatty  ( 1690): uid=1000(system) Binder:1690_2 expire 2 lines
06-04 16:18:53.907 I/chatty  ( 1690): uid=1000(system) Binder:1690_16 expire 7 lines
06-04 16:18:53.915 I/chatty  ( 1690): uid=1000(system) Binder:1690_E expire 3 lines
06-04 16:18:54.160 I/chatty  ( 1690): uid=1000(system) Binder:1690_3 expire 2 lines
06-04 16:18:54.518 I/chatty  ( 1690): uid=1000(system) Binder:1690_5 expire 1 line
06-04 16:18:54.522 I/chatty  ( 1690): uid=1000(system) Binder:1690_13 expire 4 lines
06-04 16:18:54.524 I/chatty  ( 1690): uid=1000(system) Binder:1690_B expire 2 lines
06-04 16:18:54.548 I/chatty  ( 1690): uid=1000(system) WifiService expire 2 lines
06-04 16:18:54.578 I/chatty  ( 1690): uid=1000(system) ConnectivitySer expire 22 lines
06-04 16:18:54.600 I/chatty  ( 1690): uid=1000(system) Binder:1690_15 expire 2 lines
06-04 16:18:54.695 I/chatty  ( 1690): uid=1000(system) WifiStateMachin expire 2 lines
06-04 16:18:55.068 I/chatty  ( 1690): uid=1000(system) BroadcastQueue expire 12 lines
06-04 16:18:55.081 I/chatty  ( 1690): uid=1000 system_server expire 8 lines
06-04 16:18:55.098 I/chatty  ( 1690): uid=1000(system) Binder:1690_A expire 1 line
06-04 16:18:55.105 I/chatty  ( 1690): uid=1000(system) Binder:1690_1F expire 2 lines
06-04 16:18:55.135 I/chatty  ( 1690): uid=1000(system) pool-3-thread-1 expire 13 lines
06-04 16:18:55.141 I/chatty  ( 1690): uid=1000(system) android.bg expire 6 lines
06-04 16:18:57.657 I/chatty  ( 1690): uid=1000(system) Binder:1690_1E expire 3 lines
06-04 16:18:57.663 I/chatty  ( 1690): uid=1000(system) Binder:1690_1D expire 1 line
06-04 16:18:57.674 I/chatty  ( 1690): uid=1000(system) Binder:1690_18 expire 5 lines
06-04 16:18:57.695 I/chatty  ( 1690): uid=1000(system) Binder:1690_F expire 3 lines
06-04 16:19:00.145 I/chatty  ( 1690): uid=1000(system) Binder:1690_C expire 2 lines
06-04 16:19:25.498 I/chatty  ( 1690): uid=1000(system) Binder:1690_20 expire 4 lines
06-04 16:19:25.720 I/chatty  ( 1690): uid=1000(system) Binder:1690_1 expire 2 lines
06-04 16:19:27.350 W/FileUtils( 5624): Failed to chmod(/storage/emulated/0/.ColorOSGalleryRecycler/interal_recycle.db): android.system.ErrnoException: chmod failed: EPERM (Operation not permitted)
06-04 16:19:28.676 I/chatty  ( 1690): uid=1000(system) android.fg expire 2 lines
06-04 16:19:28.737 I/chatty  ( 1690): uid=1000(system) Binder:1690_1A expire 4 lines
06-04 16:19:29.224 I/chatty  ( 1690): uid=1000(system) Binder:1690_C expire 1 line
06-04 16:19:29.235 I/chatty  ( 1690): uid=1000(system) BroadcastQueue expire 17 lines
06-04 16:19:29.286 I/chatty  ( 1690): uid=1000(system) Binder:1690_18 expire 5 lines
06-04 16:19:29.288 I/chatty  ( 1690): uid=1000(system) Binder:1690_8 expire 3 lines
06-04 16:19:29.296 I/chatty  ( 1690): uid=1000(system) Binder:1690_1 expire 3 lines
06-04 16:19:29.359 I/chatty  ( 1690): uid=1000(system) Binder:1690_7 expire 1 line
06-04 16:19:29.371 I/chatty  ( 1690): uid=1000(system) Binder:1690_1F expire 3 lines
06-04 16:19:29.462 I/chatty  ( 1690): uid=1000(system) Binder:1690_1D expire 2 lines
06-04 16:19:29.549 I/chatty  ( 1690): uid=1000 system_server expire 6 lines
06-04 16:19:29.558 I/chatty  ( 1690): uid=1000(system) Binder:1690_E expire 1 line
06-04 16:19:30.802 I/chatty  ( 1690): uid=1000(system) BpmThread expire 2 lines
06-04 16:19:30.956 I/chatty  ( 1690): uid=1000(system) Binder:1690_15 expire 2 lines
06-04 16:19:30.978 I/chatty  ( 1690): uid=1000(system) Binder:1690_17 expire 2 lines
06-04 16:19:31.152 I/chatty  ( 1690): uid=1000(system) Binder:1690_14 expire 3 lines
06-04 16:19:31.226 I/chatty  ( 1690): uid=1000(system) ActivityManager expire 5 lines
06-04 16:19:31.227 I/chatty  ( 1690): uid=1000(system) Binder:1690_6 expire 3 lines
06-04 16:19:31.663 I/chatty  ( 1690): uid=1000(system) android.fg expire 4 lines
06-04 16:19:32.018 I/chatty  ( 1690): uid=1000(system) Binder:1690_13 expire 2 lines
06-04 16:19:32.030 I/chatty  ( 1690): uid=1000(system) Binder:1690_D expire 6 lines
06-04 16:19:33.026 I/chatty  ( 1690): uid=1000(system) Binder:1690_A expire 4 lines
06-04 16:19:33.428 I/chatty  ( 1690): uid=1000(system) android.display expire 58 lines
06-04 16:19:33.431 I/chatty  ( 1690): uid=1000(system) Binder:1690_16 expire 5 lines
06-04 16:19:33.533 I/chatty  ( 1690): uid=1000(system) Binder:1690_B expire 3 lines
06-04 16:19:33.588 I/chatty  ( 1690): uid=1000(system) Binder:1690_3 expire 5 lines
06-04 16:19:33.676 I/chatty  ( 1690): uid=1000(system) Binder:1690_4 expire 2 lines
06-04 16:19:33.790 I/chatty  ( 1690): uid=1000(system) Binder:1690_11 expire 5 lines
06-04 16:19:39.621 I/chatty  ( 1690): uid=1000(system) InputDispatcher expire 3 lines
06-04 16:19:39.675 I/chatty  ( 1690): uid=1000(system) Binder:1690_12 expire 1 line
06-04 16:19:45.407 I/chatty  ( 1690): uid=1000(system) Binder:1690_1E expire 1 line
06-04 16:19:45.575 I/chatty  ( 1690): uid=1000(system) Binder:1690_20 expire 2 lines
06-04 16:19:45.643 I/chatty  ( 1690): uid=1000(system) android.io expire 2 lines
06-04 16:19:45.779 I/chatty  ( 1690): uid=1000(system) Binder:1690_19 expire 4 lines
06-04 16:19:46.699 I/chatty  ( 1690): uid=1000(system) pool-3-thread-1 expire 1 line
06-04 16:19:46.729 I/chatty  ( 1690): uid=1000(system) Binder:1690_5 expire 2 lines
06-04 16:19:49.181 I/chatty  ( 1690): uid=1000(system) Binder:1690_F expire 1 line
06-04 16:19:50.560 I/chatty  ( 1690): uid=1000(system) Binder:1690_9 expire 1 line
06-04 16:19:50.579 I/chatty  ( 1690): uid=1000(system) Binder:1690_1B expire 1 line
06-04 16:19:50.701 I/chatty  ( 1690): uid=1000(system) Binder:1690_1C expire 1 line
06-04 16:19:50.709 I/chatty  ( 1690): uid=1000(system) Binder:1690_10 expire 2 lines
06-04 16:19:50.738 I/chatty  ( 1690): uid=1000(system) Binder:1690_14 expire 10 lines
06-04 16:19:50.794 I/chatty  ( 1690): uid=1000(system) Binder:1690_F expire 4 lines
06-04 16:19:50.801 I/chatty  ( 1690): uid=1000(system) Binder:1690_16 expire 4 lines
06-04 16:19:50.844 I/chatty  ( 1690): uid=1000(system) Binder:1690_C expire 3 lines
06-04 16:19:50.869 I/chatty  ( 1690): uid=1000(system) Binder:1690_5 expire 1 line
06-04 16:19:50.877 I/chatty  ( 1690): uid=1000(system) Binder:1690_6 expire 2 lines
06-04 16:19:50.903 I/chatty  ( 1690): uid=1000(system) Binder:1690_1B expire 3 lines
06-04 16:19:50.911 I/chatty  ( 1690): uid=1000(system) Binder:1690_19 expire 7 lines
06-04 16:19:50.919 I/chatty  ( 1690): uid=1000(system) Binder:1690_7 expire 3 lines
06-04 16:19:50.929 I/chatty  ( 1690): uid=1000(system) Binder:1690_8 expire 2 lines
06-04 16:19:50.933 I/chatty  ( 1690): uid=1000(system) Binder:1690_13 expire 3 lines
06-04 16:19:50.946 I/chatty  ( 1690): uid=1000(system) Binder:1690_18 expire 1 line
06-04 16:19:50.954 I/chatty  ( 1690): uid=1000(system) Binder:1690_1 expire 1 line
06-04 16:19:50.959 I/chatty  ( 1690): uid=1000(system) Binder:1690_E expire 4 lines
06-04 16:19:50.969 I/chatty  ( 1690): uid=1000(system) Binder:1690_17 expire 3 lines
06-04 16:19:50.990 I/chatty  ( 1690): uid=1000(system) Binder:1690_1E expire 3 lines
06-04 16:19:51.006 I/chatty  ( 1690): uid=1000(system) Binder:1690_15 expire 2 lines
06-04 16:19:51.009 I/chatty  ( 1690): uid=1000(system) Binder:1690_2 expire 3 lines
06-04 16:19:51.021 I/chatty  ( 1690): uid=1000(system) Binder:1690_A expire 2 lines
06-04 16:19:51.023 I/chatty  ( 1690): uid=1000(system) Binder:1690_9 expire 2 lines
06-04 16:19:51.031 I/chatty  ( 1690): uid=1000(system) Binder:1690_1A expire 1 line
06-04 16:19:51.059 I/chatty  ( 1690): uid=1000(system) android.bg expire 2 lines
06-04 16:19:51.433 I/chatty  ( 1690): uid=1000(system) Binder:1690_20 expire 7 lines
06-04 16:19:51.473 I/chatty  ( 1690): uid=1000(system) android.display expire 48 lines
06-04 16:19:51.489 I/chatty  ( 1690): uid=1000(system) Binder:1690_4 expire 2 lines
06-04 16:19:52.053 I/chatty  ( 1690): uid=1000(system) ActivityManager expire 4 lines
06-04 16:19:52.232 I/chatty  ( 1690): uid=1000(system) Binder:1690_1F expire 2 lines
06-04 16:19:56.419 I/chatty  ( 1690): uid=1000(system) PackageManager expire 1 line
06-04 16:19:57.283 I/chatty  ( 1690): uid=1000(system) Binder:1690_D expire 2 lines
06-04 16:19:57.373 D/VoldCryptCmdListener(  572): cryptfs isConvertibleToFBE
06-04 16:19:58.839 I/chatty  ( 1690): uid=1000 system_server expire 5 lines
06-04 16:20:01.819 I/chatty  ( 1690): uid=1000(system) android.fg expire 4 lines
06-04 16:20:01.842 D/        (  525): findAdb is 1
06-04 16:20:02.130 I/chatty  ( 1690): uid=1000(system) android.display expire 20 lines
06-04 16:20:02.262 D/        (  525): findAdb is 1
06-04 16:20:02.303 I/chatty  ( 1690): uid=1000(system) BroadcastQueue expire 10 lines
06-04 16:20:03.853 I/chatty  ( 1690): uid=1000(system) InputDispatcher expire 2 lines
06-04 16:20:03.959 D/        (  525): findAdb is 1
06-04 16:20:04.249 I/chatty  ( 1690): uid=1000(system) Binder:1690_1D expire 7 lines
06-04 16:20:04.260 I/chatty  ( 1690): uid=1000(system) Binder:1690_E expire 4 lines
06-04 16:20:04.953 I/chatty  ( 1690): uid=1000(system) android.fg expire 3 lines
06-04 16:20:04.971 I/chatty  ( 1690): uid=1000(system) android.display expire 55 lines
06-04 16:20:04.972 I/chatty  ( 1690): uid=1000 system_server expire 3 lines
06-04 16:20:04.973 I/chatty  ( 1690): uid=1000(system) BroadcastQueue expire 6 lines
06-04 16:20:04.999 I/chatty  ( 1690): uid=1000(system) Binder:1690_14 expire 6 lines
06-04 16:20:05.026 I/chatty  ( 1690): uid=1000(system) Binder:1690_20 expire 5 lines
06-04 16:20:05.706 E/ActivityThread(21213): Failed to find provider info for smartisanos_gallery
06-04 16:20:05.708 I/chatty  ( 1690): uid=1000(system) Binder:1690_6 expire 7 lines
06-04 16:20:05.728 I/chatty  ( 1690): uid=1000(system) Binder:1690_A expire 6 lines
06-04 16:20:05.763 I/chatty  ( 1690): uid=1000(system) Binder:1690_4 expire 3 lines
06-04 16:20:05.779 I/chatty  ( 1690): uid=1000(system) Binder:1690_10 expire 1 line
06-04 16:20:05.783 E/ActivityThread(21213): Failed to find provider info for com.smartisan.music.provider.TrackAddonsProvider
06-04 16:20:05.800 I/chatty  ( 1690): uid=1000(system) ActivityManager expire 1 line
06-04 16:20:05.806 I/chatty  ( 1690): uid=1000(system) Binder:1690_B expire 4 lines
06-04 16:20:05.829 E/ActivityThread(21213): Failed to find provider info for smartisanos_gallery
06-04 16:20:05.831 I/chatty  ( 1690): uid=1000(system) Binder:1690_16 expire 4 lines
06-04 16:20:08.471 I/chatty  ( 1690): uid=1000(system) PackageManager expire 1 line
06-04 16:20:08.838 I/chatty  ( 1690): uid=1000(system) Binder:1690_2 expire 7 lines
06-04 16:20:08.926 I/chatty  ( 1690): uid=1000(system) Binder:1690_7 expire 2 lines
06-04 16:20:08.939 I/chatty  ( 1690): uid=1000(system) Binder:1690_1C expire 7 lines
06-04 16:20:09.022 I/chatty  ( 1690): uid=1000(system) Binder:1690_1 expire 3 lines
06-04 16:20:09.062 I/chatty  ( 1690): uid=1000(system) Binder:1690_D expire 1 line
06-04 16:20:09.959 I/chatty  ( 1690): uid=1000(system) Binder:1690_1A expire 4 lines
06-04 16:20:09.960 I/chatty  ( 1690): uid=1000(system) Binder:1690_12 expire 8 lines
06-04 16:20:10.012 I/chatty  ( 1690): uid=1000(system) Binder:1690_19 expire 5 lines
06-04 16:20:10.432 I/chatty  ( 1690): uid=1000(system) Binder:1690_15 expire 5 lines
06-04 16:20:10.871 I/chatty  ( 1690): uid=1000(system) Binder:1690_13 expire 3 lines
06-04 16:20:10.932 I/chatty  ( 1690): uid=1000(system) Binder:1690_5 expire 1 line
06-04 16:20:10.969 I/chatty  ( 1690): uid=1000(system) Binder:1690_1F expire 2 lines
06-04 16:20:10.972 I/chatty  ( 1690): uid=1000(system) Binder:1690_1B expire 1 line
06-04 16:20:10.977 I/chatty  ( 1690): uid=1000(system) Binder:1690_F expire 3 lines
06-04 16:20:12.490 D/ViewRootImpl( 4070): swipeFromBottom mIgnoring true downY 1885 mScreenHeight 1920 mStatusBarHeight 54 globalScale -1.0
06-04 16:20:12.579 D/ViewRootImpl( 4070): swipeFromBottom mIgnoring true downY 1885 mScreenHeight 1920 mStatusBarHeight 54 globalScale -1.0
06-04 16:20:12.579 D/ViewRootImpl( 4070): swipeFromBottom mIgnoring === false downY 1885 mStatusBarHeight 54
06-04 16:20:12.667 I/chatty  ( 1690): uid=1000(system) Binder:1690_3 expire 3 lines
06-04 16:20:12.686 I/chatty  ( 1690): uid=1000(system) Binder:1690_17 expire 1 line
06-04 16:20:12.693 I/chatty  ( 1690): uid=1000(system) Binder:1690_C expire 3 lines
06-04 16:20:12.781 E/ActivityThread( 4070): Failed to find provider info for com.coloros.personalassistant
06-04 16:20:12.960 I/chatty  ( 1690): uid=1000(system) Binder:1690_2 expire 5 lines
06-04 16:20:12.963 I/chatty  ( 1690): uid=1000(system) android.display expire 30 lines
06-04 16:20:13.186 I/chatty  ( 1690): uid=1000(system) ActivityManager expire 17 lines
06-04 16:20:14.508 I/chatty  ( 1690): uid=1000(system) Binder:1690_6 expire 4 lines
06-04 16:20:14.672 I/chatty  ( 1690): uid=1000(system) Binder:1690_1 expire 4 lines
06-04 16:20:14.682 I/chatty  ( 1690): uid=1000(system) Binder:1690_12 expire 2 lines
06-04 16:20:14.703 I/chatty  ( 1690): uid=1000(system) Binder:1690_D expire 3 lines
06-04 16:20:14.737 I/chatty  ( 1690): uid=1000(system) Binder:1690_4 expire 1 line
06-04 16:20:14.745 I/chatty  ( 1690): uid=1000(system) Binder:1690_13 expire 5 lines
06-04 16:20:14.750 I/chatty  ( 1690): uid=1000(system) Binder:1690_8 expire 5 lines
06-04 16:20:14.757 I/chatty  ( 1690): uid=1000(system) Binder:1690_A expire 5 lines
06-04 16:20:14.771 I/chatty  ( 1690): uid=1000(system) Binder:1690_19 expire 2 lines
06-04 16:20:14.802 I/chatty  ( 1690): uid=1000(system) Binder:1690_B expire 5 lines
06-04 16:20:14.807 I/chatty  ( 1690): uid=1000(system) Binder:1690_5 expire 2 lines
06-04 16:20:14.890 I/chatty  ( 1690): uid=1000(system) Binder:1690_15 expire 2 lines
06-04 16:20:15.166 I/chatty  ( 1690): uid=1000(system) Binder:1690_18 expire 4 lines
06-04 16:20:15.187 I/chatty  ( 1690): uid=1000(system) Binder:1690_7 expire 3 lines
06-04 16:20:15.255 I/chatty  ( 1690): uid=1000(system) Binder:1690_20 expire 3 lines
06-04 16:20:15.811 I/chatty  ( 1690): uid=1000(system) Binder:1690_1C expire 3 lines
06-04 16:20:15.819 I/chatty  ( 1690): uid=1000(system) Binder:1690_1D expire 1 line
06-04 16:20:15.831 I/chatty  ( 1690): uid=1000(system) Binder:1690_9 expire 6 lines
06-04 16:20:16.063 I/chatty  ( 1690): uid=1000(system) Binder:1690_1B expire 1 line
06-04 16:20:16.066 I/chatty  ( 1690): uid=1000(system) Binder:1690_10 expire 1 line
06-04 16:20:16.079 I/chatty  ( 1690): uid=1000(system) Binder:1690_16 expire 3 lines
06-04 16:20:16.819 I/chatty  ( 1690): uid=1000 system_server expire 4 lines
06-04 16:20:28.903 I/chatty  ( 1690): uid=1000 system_server expire 1 line
06-04 16:20:35.072 I/chatty  ( 1690): uid=1000(system) pool-3-thread-1 expire 2 lines
06-04 16:20:35.101 I/chatty  ( 1690): uid=1000(system) Binder:1690_F expire 2 lines
06-04 16:21:33.286 I/chatty  ( 1690): uid=1000(system) Binder:1690_1E expire 1 line
06-04 16:21:33.343 I/chatty  ( 1690): uid=1000(system) Binder:1690_11 expire 3 lines
06-04 16:21:33.346 I/chatty  ( 1690): uid=1000(system) ConnectivitySer expire 1 line
06-04 16:21:33.846 I/chatty  ( 1690): uid=1000(system) Binder:1690_3 expire 4 lines
06-04 16:21:44.804 I/chatty  ( 1690): uid=1000(system) Binder:1690_14 expire 3 lines
06-04 16:21:45.167 I/chatty  ( 1690): uid=1000(system) Binder:1690_17 expire 1 line
06-04 16:21:55.727 I/chatty  ( 1690): uid=1000(system) Binder:1690_E expire 2 lines
06-04 16:21:56.122 E/ActivityThread( 3118): Activity com.nearme.instant.LauncherActivity$Launcher0 has leaked ServiceConnection com.oppo.ohome.api.ipc.IotIpcApi$2@df91b54 that was originally bound here
06-04 16:21:56.122 E/ActivityThread( 3118): android.app.ServiceConnectionLeaked: Activity com.nearme.instant.LauncherActivity$Launcher0 has leaked ServiceConnection com.oppo.ohome.api.ipc.IotIpcApi$2@df91b54 that was originally bound here
06-04 16:21:56.122 E/ActivityThread( 3118): 	at android.app.LoadedApk$ServiceDispatcher.<init>(LoadedApk.java:1449)
06-04 16:21:56.122 E/ActivityThread( 3118): 	at android.app.LoadedApk.getServiceDispatcher(LoadedApk.java:1344)
06-04 16:21:56.122 E/ActivityThread( 3118): 	at android.app.ContextImpl.bindServiceCommon(ContextImpl.java:1578)
06-04 16:21:56.122 E/ActivityThread( 3118): 	at android.app.ContextImpl.bindService(ContextImpl.java:1550)
06-04 16:21:56.122 E/ActivityThread( 3118): 	at android.content.ContextWrapper.bindService(ContextWrapper.java:647)
06-04 16:21:56.122 E/ActivityThread( 3118): 	at com.oppo.ohome.api.ipc.IotIpcApi.bindService(SourceFile:119)
06-04 16:21:56.122 E/ActivityThread( 3118): 	at com.oppo.ohome.api.ipc.IotIpcApi.request(SourceFile:99)
06-04 16:21:56.122 E/ActivityThread( 3118): 	at com.nearme.instant.features.IOT.a(SourceFile:139)
06-04 16:21:56.122 E/ActivityThread( 3118): 	at com.nearme.instant.features.IOT.invokeInner(SourceFile:95)
06-04 16:21:56.122 E/ActivityThread( 3118): 	at com.nearme.instant.bridge.AbstractHybridFeature.invoke(SourceFile:66)
06-04 16:21:56.122 E/ActivityThread( 3118): 	at com.nearme.instant.bridge.k$a.run(SourceFile:318)
06-04 16:21:56.122 E/ActivityThread( 3118): 	at java.util.concurrent.ThreadPoolExecutor.runWorker(ThreadPoolExecutor.java:1133)
06-04 16:21:56.122 E/ActivityThread( 3118): 	at java.util.concurrent.ThreadPoolExecutor$Worker.run(ThreadPoolExecutor.java:607)
06-04 16:21:56.122 E/ActivityThread( 3118): 	at java.lang.Thread.run(Thread.java:761)
06-04 16:21:56.244 I/chatty  ( 1690): uid=1000(system) android.display expire 27 lines
06-04 16:21:56.250 E/ActivityThread( 4070): Failed to find provider info for com.coloros.personalassistant
06-04 16:21:57.689 I/chatty  ( 1690): uid=1000(system) Binder:1690_1A expire 3 lines
06-04 16:21:57.798 I/chatty  ( 1690): uid=1000(system) Binder:1690_18 expire 6 lines
06-04 16:21:57.798 I/chatty  ( 1690): uid=1000(system) Binder:1690_17 expire 3 lines
06-04 16:21:57.798 I/chatty  ( 1690): uid=1000(system) Binder:1690_5 expire 3 lines
06-04 16:21:57.798 I/chatty  ( 1690): uid=1000(system) ConnectivitySer expire 4 lines
06-04 16:21:57.942 I/chatty  ( 1690): uid=1000(system) android.display expire 54 lines
06-04 16:21:58.095 I/chatty  ( 1690): uid=1000(system) ActivityManager expire 5 lines
06-04 16:21:58.099 I/chatty  ( 1690): uid=1000 system_server expire 3 lines
06-04 16:21:59.353 I/chatty  ( 1690): uid=1000(system) Binder:1690_C expire 2 lines
06-04 16:21:59.360 I/chatty  ( 1690): uid=1000(system) Binder:1690_14 expire 3 lines
06-04 16:21:59.442 I/chatty  ( 1690): uid=1000(system) Binder:1690_7 expire 3 lines
06-04 16:21:59.485 I/chatty  ( 1690): uid=1000(system) Binder:1690_1F expire 3 lines
06-04 16:21:59.516 I/chatty  ( 1690): uid=1000(system) Binder:1690_6 expire 6 lines
06-04 16:22:00.423 I/chatty  ( 1690): uid=1000(system) Binder:1690_13 expire 2 lines
06-04 16:22:00.439 I/chatty  ( 1690): uid=1000(system) Binder:1690_1E expire 4 lines
06-04 16:22:00.447 I/chatty  ( 1690): uid=1000(system) Binder:1690_1 expire 2 lines
06-04 16:22:03.239 I/chatty  ( 1690): uid=1000(system) Binder:1690_12 expire 4 lines
06-04 16:22:03.248 I/chatty  ( 1690): uid=1000(system) Binder:1690_D expire 1 line
06-04 16:22:03.296 I/chatty  ( 1690): uid=1000(system) Binder:1690_1C expire 2 lines
06-04 16:22:03.298 I/chatty  ( 1690): uid=1000(system) Binder:1690_16 expire 2 lines
06-04 16:22:03.731 I/chatty  ( 1690): uid=1000(system) Binder:1690_10 expire 2 lines
06-04 16:22:03.733 I/chatty  ( 1690): uid=1000(system) Binder:1690_19 expire 6 lines
06-04 16:22:05.185 I/chatty  ( 1690): uid=1000(system) BroadcastQueue expire 4 lines
06-04 16:22:05.188 I/chatty  ( 1690): uid=1000(system) Binder:1690_9 expire 1 line
06-04 16:22:07.181 I/chatty  ( 1690): uid=1000(system) Binder:1690_2 expire 2 lines
06-04 16:22:07.188 I/chatty  ( 1690): uid=1000(system) Binder:1690_1B expire 3 lines
06-04 16:22:07.227 I/chatty  ( 1690): uid=1000(system) Binder:1690_1D expire 1 line
06-04 16:22:07.360 I/chatty  ( 1690): uid=1000(system) Binder:1690_8 expire 3 lines
06-04 16:22:10.662 I/chatty  ( 1690): uid=1000(system) Binder:1690_B expire 5 lines
06-04 16:22:11.741 I/chatty  ( 1690): uid=1000(system) Binder:1690_11 expire 2 lines
06-04 16:22:12.419 I/chatty  ( 1690): uid=1000(system) Binder:1690_3 expire 1 line
06-04 16:22:12.480 I/chatty  ( 1690): uid=1000(system) Binder:1690_20 expire 1 line
06-04 16:22:12.667 I/chatty  ( 1690): uid=1000(system) android.bg expire 1 line
06-04 16:22:18.379 I/chatty  ( 1690): uid=1000(system) InputDispatcher expire 2 lines
06-04 16:22:19.555 I/chatty  ( 1690): uid=1000(system) Binder:1690_F expire 1 line
06-04 16:22:22.453 I/chatty  ( 1690): uid=1000(system) PackageManager expire 1 line
06-04 16:22:39.988 E/ActivityThread(21213): Failed to find provider info for smartisanos_gallery
06-04 16:22:40.109 E/ActivityThread(21213): Failed to find provider info for com.smartisan.music.provider.TrackAddonsProvider
06-04 16:22:47.194 E/ActivityThread(21213): Failed to find provider info for smartisanos_gallery
06-04 16:22:47.307 E/ActivityThread(21213): Failed to find provider info for com.smartisan.music.provider.TrackAddonsProvider
06-04 16:22:49.240 I/chatty  ( 1690): uid=1000(system) android.display expire 62 lines
06-04 16:22:51.470 I/chatty  ( 1690): uid=1000(system) Binder:1690_C expire 3 lines
06-04 16:22:51.496 I/chatty  ( 1690): uid=1000(system) Binder:1690_10 expire 1 line
06-04 16:22:52.309 I/chatty  ( 1690): uid=1000(system) Binder:1690_A expire 6 lines
06-04 16:22:52.363 I/chatty  ( 1690): uid=1000(system) Binder:1690_9 expire 6 lines
06-04 16:22:52.436 I/chatty  ( 1690): uid=1000(system) Binder:1690_20 expire 5 lines
06-04 16:22:52.443 I/chatty  ( 1690): uid=1000(system) Binder:1690_15 expire 7 lines
06-04 16:22:52.452 W/ActivityThread( 6585): ClassLoader.loadClass: The class loader returned by Thread.getContextClassLoader() may fail for processes that host multiple applications. You should explicitly specify a context class loader. For example: Thread.setContextClassLoader(getClass().getClassLoader());
06-04 16:22:52.494 I/chatty  ( 1690): uid=1000(system) Binder:1690_1F expire 3 lines
06-04 16:22:52.520 I/chatty  ( 1690): uid=1000(system) ActivityManager expire 1 line
06-04 16:22:52.526 I/chatty  ( 1690): uid=1000(system) Binder:1690_14 expire 5 lines
06-04 16:22:52.542 I/chatty  ( 1690): uid=1000(system) Binder:1690_D expire 5 lines
06-04 16:22:52.582 I/chatty  ( 1690): uid=1000(system) Binder:1690_2 expire 5 lines
06-04 16:22:52.696 I/chatty  ( 1690): uid=1000(system) Binder:1690_1A expire 3 lines
06-04 16:22:52.730 I/chatty  ( 1690): uid=1000(system) Binder:1690_F expire 4 lines
06-04 16:22:52.743 I/chatty  ( 1690): uid=1000(system) Binder:1690_11 expire 3 lines
06-04 16:22:52.777 I/chatty  ( 1690): uid=1000(system) Binder:1690_6 expire 5 lines
06-04 16:22:52.784 W/ActivityThread( 6687): ClassLoader.loadClass: The class loader returned by Thread.getContextClassLoader() may fail for processes that host multiple applications. You should explicitly specify a context class loader. For example: Thread.setContextClassLoader(getClass().getClassLoader());
06-04 16:22:52.852 I/chatty  ( 1690): uid=1000(system) Binder:1690_18 expire 7 lines
06-04 16:22:52.858 I/chatty  ( 1690): uid=1000(system) Binder:1690_B expire 7 lines
06-04 16:22:52.942 I/chatty  ( 1690): uid=1000(system) Binder:1690_4 expire 6 lines
06-04 16:22:53.063 I/chatty  ( 1690): uid=1000(system) Binder:1690_16 expire 3 lines
06-04 16:22:53.082 I/chatty  ( 1690): uid=1000(system) Binder:1690_7 expire 6 lines
06-04 16:22:53.189 I/chatty  ( 1690): uid=1000(system) Binder:1690_13 expire 4 lines
06-04 16:22:53.195 I/chatty  ( 1690): uid=1000(system) Binder:1690_1E expire 1 line
06-04 16:22:53.332 I/chatty  ( 1690): uid=1000(system) Binder:1690_17 expire 3 lines
06-04 16:22:53.415 I/chatty  ( 1690): uid=1000(system) Binder:1690_19 expire 3 lines
06-04 16:22:53.448 I/chatty  ( 1690): uid=1000(system) Binder:1690_1 expire 4 lines
06-04 16:22:53.471 I/chatty  ( 1690): uid=1000 system_server expire 4 lines
06-04 16:22:54.756 I/chatty  ( 1690): uid=1000(system) Binder:1690_1C expire 3 lines
06-04 16:22:54.806 I/chatty  ( 1690): uid=1000(system) Binder:1690_E expire 1 line
06-04 16:22:54.808 I/chatty  ( 1690): uid=1000(system) Binder:1690_12 expire 3 lines
06-04 16:22:54.896 I/chatty  ( 1690): uid=1000(system) Binder:1690_8 expire 3 lines
06-04 16:22:55.168 I/chatty  ( 1690): uid=1000(system) Binder:1690_3 expire 4 lines
06-04 16:22:56.204 I/chatty  ( 1690): uid=1000(system) Binder:1690_1D expire 1 line
06-04 16:22:56.361 I/chatty  ( 1690): uid=1000(system) Binder:1690_5 expire 1 line
06-04 16:22:56.880 I/chatty  ( 1690): uid=1000(system) Binder:1690_1B expire 4 lines
06-04 16:23:00.344 I/chatty  ( 1690): uid=1000(system) android.display expire 42 lines
06-04 16:23:02.371 I/chatty  ( 1690): uid=1000 system_server expire 5 lines
06-04 16:23:02.704 I/chatty  ( 1690): uid=1000(system) InputDispatcher expire 2 lines
06-04 16:23:02.713 I/chatty  ( 1690): uid=1000(system) Binder:1690_9 expire 5 lines
06-04 16:23:02.763 I/chatty  ( 1690): uid=1000(system) Binder:1690_3 expire 2 lines
06-04 16:23:03.031 I/chatty  ( 1690): uid=1000(system) ActivityManager expire 4 lines
06-04 16:23:04.093 I/chatty  ( 1690): uid=1000(system) Binder:1690_11 expire 4 lines
06-04 16:23:04.119 I/chatty  ( 1690): uid=1000(system) Binder:1690_16 expire 2 lines
06-04 16:23:04.138 I/chatty  ( 1690): uid=1000(system) Binder:1690_F expire 3 lines
06-04 16:23:04.193 I/chatty  ( 1690): uid=1000(system) Binder:1690_18 expire 1 line
06-04 16:23:04.196 I/chatty  ( 1690): uid=1000(system) Binder:1690_D expire 3 lines
06-04 16:23:04.230 I/chatty  ( 1690): uid=1000(system) Binder:1690_1E expire 2 lines
06-04 16:23:04.236 I/chatty  ( 1690): uid=1000(system) Binder:1690_1D expire 5 lines
06-04 16:23:04.272 I/chatty  ( 1690): uid=1000(system) Binder:1690_15 expire 2 lines
06-04 16:23:04.273 I/chatty  ( 1690): uid=1000(system) Binder:1690_2 expire 1 line
06-04 16:23:04.275 I/chatty  ( 1690): uid=1000(system) Binder:1690_B expire 3 lines
06-04 16:23:04.278 I/chatty  ( 1690): uid=1000(system) Binder:1690_A expire 6 lines
06-04 16:23:04.385 I/chatty  ( 1690): uid=1000(system) android.io expire 2 lines
06-04 16:23:04.400 I/chatty  ( 1690): uid=1000(system) Binder:1690_8 expire 4 lines
06-04 16:23:04.403 I/chatty  ( 1690): uid=1000(system) Binder:1690_1 expire 1 line
06-04 16:23:04.475 I/chatty  ( 1690): uid=1000(system) Binder:1690_E expire 5 lines
06-04 16:23:04.589 I/chatty  ( 1690): uid=1000(system) Binder:1690_12 expire 1 line
06-04 16:23:04.909 I/chatty  ( 1690): uid=1000(system) Binder:1690_17 expire 3 lines
06-04 16:23:05.002 I/chatty  ( 1690): uid=1000(system) Binder:1690_C expire 1 line
06-04 16:23:05.024 I/chatty  ( 1690): uid=1000(system) Binder:1690_14 expire 2 lines
06-04 16:23:05.189 I/chatty  ( 1690): uid=1000(system) Binder:1690_5 expire 2 lines
06-04 16:23:20.047 I/chatty  ( 1690): uid=1000(system) Binder:1690_10 expire 2 lines
06-04 16:23:20.048 I/chatty  ( 1690): uid=1000(system) Binder:1690_4 expire 2 lines
06-04 16:23:20.115 I/chatty  ( 1690): uid=1000(system) Binder:1690_19 expire 1 line
06-04 16:23:21.462 E/ActivityThread( 6915): Failed to find provider info for com.coloros.personalassistant
06-04 16:23:27.517 E/ActivityThread( 6915): Failed to find provider info for com.coloros.personalassistant
06-04 16:23:27.597 I/chatty  ( 1690): uid=1000(system) android.display expire 14 lines
06-04 16:23:28.789 E/ActivityThread( 6915): Failed to find provider info for com.coloros.personalassistant
06-04 16:23:34.833 E/ActivityThread( 6915): Failed to find provider info for com.coloros.personalassistant
06-04 16:23:36.360 E/ActivityThread( 6915): Failed to find provider info for com.coloros.personalassistant
06-04 16:23:42.408 E/ActivityThread( 6915): Failed to find provider info for com.coloros.personalassistant
06-04 16:23:42.463 I/chatty  ( 1690): uid=1000(system) android.display expire 14 lines
06-04 16:23:43.889 D/ViewRootImpl( 6915): swipeFromBottom mIgnoring true downY 1894 mScreenHeight 1920 mStatusBarHeight 54 globalScale -1.0
06-04 16:23:43.963 D/ViewRootImpl( 6915): swipeFromBottom mIgnoring true downY 1894 mScreenHeight 1920 mStatusBarHeight 54 globalScale -1.0
06-04 16:23:43.963 D/ViewRootImpl( 6915): swipeFromBottom mIgnoring === false downY 1894 mStatusBarHeight 54
06-04 16:23:43.983 E/ActivityThread( 6915): Failed to find provider info for com.coloros.personalassistant
06-04 16:23:50.025 E/ActivityThread( 6915): Failed to find provider info for com.coloros.personalassistant
06-04 16:24:02.751 E/ActivityThread( 6915): Failed to find provider info for com.coloros.personalassistant
06-04 16:24:04.880 I/chatty  ( 1690): uid=1000(system) Binder:1690_1A expire 2 lines
06-04 16:24:06.399 I/chatty  ( 1690): uid=1000(system) Binder:1690_20 expire 1 line
06-04 16:24:06.403 I/chatty  ( 1690): uid=1000(system) android.display expire 16 lines
06-04 16:24:06.526 I/chatty  ( 1690): uid=1000(system) Binder:1690_7 expire 4 lines
06-04 16:24:06.571 E/ActivityThread( 6915): Failed to find provider info for com.coloros.personalassistant
06-04 16:24:08.133 I/chatty  ( 1690): uid=1000(system) android.display expire 22 lines
06-04 16:24:08.138 I/chatty  ( 1690): uid=1000(system) Binder:1690_20 expire 5 lines
06-04 16:24:08.143 I/chatty  ( 1690): uid=1000(system) Binder:1690_11 expire 4 lines
06-04 16:24:08.151 I/chatty  ( 1690): uid=1000(system) Binder:1690_14 expire 6 lines
06-04 16:24:08.160 I/chatty  ( 1690): uid=1000(system) Binder:1690_19 expire 3 lines
06-04 16:24:08.477 I/chatty  ( 1690): uid=1000(system) Binder:1690_D expire 3 lines
06-04 16:24:08.480 I/chatty  ( 1690): uid=1000(system) Binder:1690_2 expire 4 lines
06-04 16:24:08.482 I/chatty  ( 1690): uid=1000(system) Binder:1690_1F expire 6 lines
06-04 16:24:08.555 E/ActivityThread( 6915): Failed to find provider info for com.coloros.personalassistant
06-04 16:24:08.559 I/chatty  ( 1690): uid=1000(system) Binder:1690_1C expire 8 lines
06-04 16:24:08.626 I/chatty  ( 1690): uid=1000(system) Binder:1690_13 expire 3 lines
06-04 16:24:08.632 I/chatty  ( 1690): uid=1000(system) Binder:1690_17 expire 1 line
06-04 16:24:08.697 I/chatty  ( 1690): uid=1000(system) Binder:1690_C expire 2 lines
06-04 16:24:08.768 I/chatty  ( 1690): uid=1000(system) Binder:1690_1E expire 4 lines
06-04 16:24:08.794 I/chatty  ( 1690): uid=1000(system) Binder:1690_3 expire 1 line
06-04 16:24:08.801 E/ActivityThread( 6915): Failed to find provider info for com.coloros.personalassistant
06-04 16:24:09.128 I/chatty  ( 1690): uid=1000(system) ActivityManager expire 2 lines
06-04 16:24:12.931 I/chatty  ( 1690): uid=1000(system) Binder:1690_1D expire 3 lines
06-04 16:24:13.257 I/chatty  ( 1690): uid=1000(system) Binder:1690_10 expire 1 line
06-04 16:24:13.296 I/chatty  ( 1690): uid=1000(system) Binder:1690_12 expire 3 lines
06-04 16:24:13.301 I/chatty  ( 1690): uid=1000(system) Binder:1690_8 expire 4 lines
06-04 16:24:13.342 I/chatty  ( 1690): uid=1000(system) Binder:1690_18 expire 5 lines
06-04 16:24:13.360 I/chatty  ( 1690): uid=1000(system) Binder:1690_16 expire 3 lines
06-04 16:24:13.495 I/chatty  ( 1690): uid=1000(system) Binder:1690_5 expire 4 lines
06-04 16:24:13.900 I/chatty  ( 1690): uid=1000(system) Binder:1690_1B expire 5 lines
06-04 16:24:13.929 I/chatty  ( 1690): uid=1000(system) Binder:1690_1A expire 5 lines
06-04 16:24:13.994 I/chatty  ( 1690): uid=1000(system) WifiService expire 2 lines
06-04 16:24:14.045 I/chatty  ( 1690): uid=1000(system) ConnectivitySer expire 22 lines
06-04 16:24:14.322 I/chatty  ( 1690): uid=1000(system) BroadcastQueue expire 7 lines
06-04 16:24:14.329 I/chatty  ( 1690): uid=1000(system) Binder:1690_1 expire 2 lines
06-04 16:24:15.003 I/chatty  ( 1690): uid=1000(system) WifiStateMachin expire 2 lines
06-04 16:24:15.543 I/chatty  ( 1690): uid=1000(system) pool-3-thread-1 expire 8 lines
06-04 16:24:15.546 I/chatty  ( 1690): uid=1000(system) Binder:1690_15 expire 4 lines
06-04 16:24:15.549 I/chatty  ( 1690): uid=1000(system) android.bg expire 5 lines
06-04 16:24:17.485 I/chatty  ( 1690): uid=1000(system) Binder:1690_F expire 5 lines
06-04 16:24:17.609 I/chatty  ( 1690): uid=1000(system) Binder:1690_9 expire 2 lines
06-04 16:24:33.215 I/chatty  ( 1690): uid=1000(system) Binder:1690_E expire 8 lines
06-04 16:24:35.812 I/chatty  ( 1690): uid=1000(system) Binder:1690_11 expire 6 lines
06-04 16:24:35.936 I/chatty  ( 1690): uid=1000(system) Binder:1690_13 expire 4 lines
06-04 16:24:35.941 I/chatty  ( 1690): uid=1000(system) Binder:1690_1B expire 2 lines
06-04 16:24:35.943 I/chatty  ( 1690): uid=1000(system) Binder:1690_20 expire 3 lines
06-04 16:24:35.947 I/chatty  ( 1690): uid=1000(system) Binder:1690_1F expire 3 lines
06-04 16:24:37.044 I/chatty  ( 1690): uid=1000(system) Binder:1690_F expire 4 lines
06-04 16:24:37.046 I/chatty  ( 1690): uid=1000(system) Binder:1690_1E expire 4 lines
06-04 16:24:37.067 I/chatty  ( 1690): uid=1000(system) Binder:1690_16 expire 8 lines
06-04 16:24:37.076 I/chatty  ( 1690): uid=1000(system) Binder:1690_17 expire 4 lines
06-04 16:24:37.089 I/chatty  ( 1690): uid=1000(system) Binder:1690_2 expire 7 lines
06-04 16:24:37.090 I/chatty  ( 1690): uid=1000(system) Binder:1690_14 expire 4 lines
06-04 16:24:37.091 I/chatty  ( 1690): uid=1000(system) android.display expire 30 lines
06-04 16:24:37.095 I/chatty  ( 1690): uid=1000(system) Binder:1690_1D expire 2 lines
06-04 16:24:37.099 I/chatty  ( 1690): uid=1000(system) Binder:1690_10 expire 3 lines
06-04 16:24:37.154 I/chatty  ( 1690): uid=1000(system) Binder:1690_B expire 6 lines
06-04 16:24:37.176 E/ActivityThread( 6915): Failed to find provider info for com.coloros.personalassistant
06-04 16:24:37.180 I/chatty  ( 1690): uid=1000(system) Binder:1690_9 expire 9 lines
06-04 16:24:37.231 I/chatty  ( 1690): uid=1000(system) Binder:1690_A expire 6 lines
06-04 16:24:37.241 I/chatty  ( 1690): uid=1000(system) Binder:1690_4 expire 4 lines
06-04 16:24:37.290 I/chatty  ( 1690): uid=1000(system) Binder:1690_C expire 8 lines
06-04 16:24:37.372 I/chatty  ( 1690): uid=1000(system) Binder:1690_18 expire 4 lines
06-04 16:24:37.673 I/chatty  ( 1690): uid=1000(system) ActivityManager expire 1 line
06-04 16:24:40.828 I/chatty  ( 1690): uid=1000(system) Binder:1690_1A expire 7 lines
06-04 16:24:40.831 I/chatty  ( 1690): uid=1000(system) Binder:1690_12 expire 3 lines
06-04 16:24:40.862 I/chatty  ( 1690): uid=1000(system) Binder:1690_5 expire 3 lines
06-04 16:24:41.289 I/chatty  ( 1690): uid=1000(system) Binder:1690_1 expire 4 lines
06-04 16:24:41.381 I/chatty  ( 1690): uid=1000(system) Binder:1690_15 expire 3 lines
06-04 16:24:42.465 I/chatty  ( 1690): uid=1000(system) Binder:1690_1C expire 3 lines
06-04 16:24:42.485 I/chatty  ( 1690): uid=1000(system) Binder:1690_8 expire 6 lines
06-04 16:24:42.947 I/chatty  ( 1690): uid=1000 system_server expire 2 lines
06-04 16:25:42.000 I/chatty  ( 1690): uid=1000(system) Binder:1690_19 expire 4 lines
06-04 16:25:46.283 I/chatty  ( 1690): uid=1000(system) Binder:1690_6 expire 2 lines
06-04 16:25:46.293 I/chatty  ( 1690): uid=1000(system) Binder:1690_D expire 1 line
06-04 16:25:47.114 I/chatty  ( 1690): uid=1000(system) Binder:1690_7 expire 3 lines
06-04 16:25:56.880 I/chatty  ( 1690): uid=1000(system) Binder:1690_3 expire 4 lines
06-04 16:25:57.501 I/chatty  ( 1690): uid=1000(system) Binder:1690_11 expire 3 lines
06-04 16:25:57.507 I/chatty  ( 1690): uid=1000(system) Binder:1690_6 expire 4 lines
06-04 16:25:57.521 I/chatty  ( 1690): uid=1000(system) Binder:1690_8 expire 4 lines
06-04 16:25:57.531 I/chatty  ( 1690): uid=1000(system) Binder:1690_15 expire 2 lines
06-04 16:25:57.538 I/chatty  ( 1690): uid=1000(system) Binder:1690_2 expire 4 lines
06-04 16:25:57.548 I/chatty  ( 1690): uid=1000(system) Binder:1690_B expire 10 lines
06-04 16:25:57.707 I/chatty  ( 1690): uid=1000(system) Binder:1690_1A expire 5 lines
06-04 16:25:57.718 I/chatty  ( 1690): uid=1000(system) Binder:1690_19 expire 2 lines
06-04 16:25:57.726 I/chatty  ( 1690): uid=1000(system) Binder:1690_1D expire 5 lines
06-04 16:25:57.750 I/chatty  ( 1690): uid=1000(system) Binder:1690_F expire 9 lines
06-04 16:25:57.753 I/chatty  ( 1690): uid=1000(system) Binder:1690_C expire 6 lines
06-04 16:25:58.170 I/chatty  ( 1690): uid=1000(system) Binder:1690_10 expire 1 line
06-04 16:25:58.355 I/chatty  ( 1690): uid=1000(system) Binder:1690_7 expire 3 lines
06-04 16:25:58.666 I/chatty  ( 1690): uid=1000(system) Binder:1690_12 expire 3 lines
06-04 16:25:58.675 I/chatty  ( 1690): uid=1000(system) Binder:1690_5 expire 4 lines
06-04 16:25:58.697 I/chatty  ( 1690): uid=1000(system) Binder:1690_17 expire 4 lines
06-04 16:25:58.721 I/chatty  ( 1690): uid=1000(system) Binder:1690_9 expire 3 lines
06-04 16:25:58.917 I/chatty  ( 1690): uid=1000(system) Binder:1690_16 expire 5 lines
06-04 16:25:59.324 I/chatty  ( 1690): uid=1000(system) Binder:1690_18 expire 4 lines
06-04 16:25:59.349 I/chatty  ( 1690): uid=1000(system) Binder:1690_1 expire 4 lines
06-04 16:26:03.465 I/chatty  ( 1690): uid=1000(system) Binder:1690_14 expire 3 lines
06-04 16:26:03.598 I/chatty  ( 1690): uid=1000(system) Binder:1690_20 expire 5 lines
06-04 16:26:03.934 I/chatty  ( 1690): uid=1000(system) Binder:1690_E expire 4 lines
06-04 16:26:03.953 I/chatty  ( 1690): uid=1000(system) Binder:1690_1B expire 1 line
06-04 16:26:04.242 I/chatty  ( 1690): uid=1000(system) Binder:1690_1C expire 3 lines
06-04 16:26:04.246 I/chatty  ( 1690): uid=1000(system) Binder:1690_1E expire 4 lines
06-04 16:26:06.485 I/chatty  ( 1690): uid=1000(system) Binder:1690_13 expire 2 lines
06-04 16:26:06.923 I/chatty  ( 1690): uid=1000(system) Binder:1690_D expire 1 line
06-04 16:26:06.956 I/chatty  ( 1690): uid=1000(system) Binder:1690_4 expire 2 lines
06-04 16:26:35.961 I/chatty  ( 1690): uid=1000(system) Binder:1690_1F expire 3 lines
06-04 16:28:59.611 I/chatty  ( 1690): uid=1000(system) AlarmManager expire 2 lines
06-04 16:29:33.782 I/chatty  ( 1690): uid=1000(system) pool-3-thread-1 expire 1 line
06-04 16:31:33.589 I/chatty  ( 1690): uid=1000 system_server expire 2 lines
06-04 16:33:05.769 I/chatty  ( 1690): uid=1000(system) PackageInstalle expire 1 line
06-04 16:33:05.795 I/chatty  ( 1690): uid=1000(system) BroadcastQueue expire 1 line
06-04 16:33:05.911 W/PackageParser( 7834): Unknown element under <manifest>: meta-data at /data/app/vmdl1476653669.tmp/base.apk Binary XML file line #41
06-04 16:33:06.078 I/chatty  ( 1690): uid=1000(system) android.display expire 41 lines
06-04 16:33:06.274 W/PackageParser( 7834): Unknown element under <manifest>: meta-data at /storage/emulated/0/Android/data/com.android.packageinstaller/cache/package594193176.apk Binary XML file line #41
06-04 16:33:06.289 W/PackageParser( 7834): Unknown element under <manifest>: meta-data at /storage/emulated/0/Android/data/com.android.packageinstaller/cache/package594193176.apk Binary XML file line #41
06-04 16:33:06.305 W/PackageParser( 7834): Unknown element under <manifest>: meta-data at /storage/emulated/0/Android/data/com.android.packageinstaller/cache/package594193176.apk Binary XML file line #41
06-04 16:33:06.581 I/chatty  ( 1690): uid=1000(system) ActivityManager expire 5 lines
06-04 16:33:06.891 I/chatty  ( 1690): uid=1000(system) Binder:1690_A expire 4 lines
06-04 16:40:03.576 I/chatty  ( 1690): uid=1000(system) Binder:1690_8 expire 3 lines
06-04 16:40:03.588 I/chatty  ( 1690): uid=1000(system) Binder:1690_2 expire 5 lines
06-04 16:40:03.706 I/chatty  ( 1690): uid=1000(system) Binder:1690_1D expire 1 line
06-04 16:40:03.740 I/chatty  ( 1690): uid=1000(system) Binder:1690_19 expire 4 lines
06-04 16:40:03.751 I/chatty  ( 1690): uid=1000(system) Binder:1690_1C expire 4 lines
06-04 16:40:03.755 I/chatty  ( 1690): uid=1000(system) Binder:1690_F expire 3 lines
06-04 16:40:03.759 I/chatty  ( 1690): uid=1000(system) Binder:1690_1E expire 9 lines
06-04 16:40:03.793 I/chatty  ( 1690): uid=1000(system) android.display expire 66 lines
06-04 16:40:04.832 I/chatty  ( 1690): uid=1000(system) Binder:1690_4 expire 3 lines
06-04 16:40:04.885 I/chatty  ( 1690): uid=1000(system) Binder:1690_11 expire 4 lines
06-04 16:40:04.981 I/chatty  ( 1690): uid=1000(system) Binder:1690_12 expire 4 lines
06-04 16:40:04.990 I/chatty  ( 1690): uid=1000(system) Binder:1690_10 expire 1 line
06-04 16:40:05.001 I/chatty  ( 1690): uid=1000(system) Binder:1690_6 expire 8 lines
06-04 16:40:05.095 I/chatty  ( 1690): uid=1000(system) Binder:1690_9 expire 3 lines
06-04 16:40:05.273 I/chatty  ( 1690): uid=1000(system) ActivityManager expire 17 lines
06-04 16:40:05.398 E/ActivityThread( 6687): Activity com.nearme.instant.LauncherActivity$Launcher0 has leaked ServiceConnection com.oppo.ohome.api.ipc.IotIpcApi$2@2c3d39 that was originally bound here
06-04 16:40:05.398 E/ActivityThread( 6687): android.app.ServiceConnectionLeaked: Activity com.nearme.instant.LauncherActivity$Launcher0 has leaked ServiceConnection com.oppo.ohome.api.ipc.IotIpcApi$2@2c3d39 that was originally bound here
06-04 16:40:05.398 E/ActivityThread( 6687): 	at android.app.LoadedApk$ServiceDispatcher.<init>(LoadedApk.java:1449)
06-04 16:40:05.398 E/ActivityThread( 6687): 	at android.app.LoadedApk.getServiceDispatcher(LoadedApk.java:1344)
06-04 16:40:05.398 E/ActivityThread( 6687): 	at android.app.ContextImpl.bindServiceCommon(ContextImpl.java:1578)
06-04 16:40:05.398 E/ActivityThread( 6687): 	at android.app.ContextImpl.bindService(ContextImpl.java:1550)
06-04 16:40:05.398 E/ActivityThread( 6687): 	at android.content.ContextWrapper.bindService(ContextWrapper.java:647)
06-04 16:40:05.398 E/ActivityThread( 6687): 	at com.oppo.ohome.api.ipc.IotIpcApi.bindService(SourceFile:119)
06-04 16:40:05.398 E/ActivityThread( 6687): 	at com.oppo.ohome.api.ipc.IotIpcApi.bind(SourceFile:56)
06-04 16:40:05.398 E/ActivityThread( 6687): 	at com.nearme.instant.features.IOT.a(SourceFile:124)
06-04 16:40:05.398 E/ActivityThread( 6687): 	at com.nearme.instant.features.IOT.invokeInner(SourceFile:95)
06-04 16:40:05.398 E/ActivityThread( 6687): 	at com.nearme.instant.bridge.AbstractHybridFeature.invoke(SourceFile:66)
06-04 16:40:05.398 E/ActivityThread( 6687): 	at com.nearme.instant.bridge.k$a.run(SourceFile:318)
06-04 16:40:05.398 E/ActivityThread( 6687): 	at java.util.concurrent.ThreadPoolExecutor.runWorker(ThreadPoolExecutor.java:1133)
06-04 16:40:05.398 E/ActivityThread( 6687): 	at java.util.concurrent.ThreadPoolExecutor$Worker.run(ThreadPoolExecutor.java:607)
06-04 16:40:05.398 E/ActivityThread( 6687): 	at java.lang.Thread.run(Thread.java:761)
06-04 16:40:05.399 I/chatty  ( 1690): uid=1000(system) Binder:1690_5 expire 2 lines
06-04 16:40:05.400 E/ActivityThread( 6687): Activity com.nearme.instant.LauncherActivity$Launcher0 has leaked ServiceConnection com.oppo.ohome.api.ipc.IotIpcApi$2@e7b0ab that was originally bound here
06-04 16:40:05.400 E/ActivityThread( 6687): android.app.ServiceConnectionLeaked: Activity com.nearme.instant.LauncherActivity$Launcher0 has leaked ServiceConnection com.oppo.ohome.api.ipc.IotIpcApi$2@e7b0ab that was originally bound here
06-04 16:40:05.400 E/ActivityThread( 6687): 	at android.app.LoadedApk$ServiceDispatcher.<init>(LoadedApk.java:1449)
06-04 16:40:05.400 E/ActivityThread( 6687): 	at android.app.LoadedApk.getServiceDispatcher(LoadedApk.java:1344)
06-04 16:40:05.400 E/ActivityThread( 6687): 	at android.app.ContextImpl.bindServiceCommon(ContextImpl.java:1578)
06-04 16:40:05.400 E/ActivityThread( 6687): 	at android.app.ContextImpl.bindService(ContextImpl.java:1550)
06-04 16:40:05.400 E/ActivityThread( 6687): 	at android.content.ContextWrapper.bindService(ContextWrapper.java:647)
06-04 16:40:05.400 E/ActivityThread( 6687): 	at com.oppo.ohome.api.ipc.IotIpcApi.bindService(SourceFile:119)
06-04 16:40:05.400 E/ActivityThread( 6687): 	at com.oppo.ohome.api.ipc.IotIpcApi.request(SourceFile:99)
06-04 16:40:05.400 E/ActivityThread( 6687): 	at com.nearme.instant.features.IOT.a(SourceFile:139)
06-04 16:40:05.400 E/ActivityThread( 6687): 	at com.nearme.instant.features.IOT.invokeInner(SourceFile:95)
06-04 16:40:05.400 E/ActivityThread( 6687): 	at com.nearme.instant.bridge.AbstractHybridFeature.invoke(SourceFile:66)
06-04 16:40:05.400 E/ActivityThread( 6687): 	at com.nearme.instant.bridge.k$a.run(SourceFile:318)
06-04 16:40:05.400 E/ActivityThread( 6687): 	at java.util.concurrent.ThreadPoolExecutor.runWorker(ThreadPoolExecutor.java:1133)
06-04 16:40:05.400 E/ActivityThread( 6687): 	at java.util.concurrent.ThreadPoolExecutor$Worker.run(ThreadPoolExecutor.java:607)
06-04 16:40:05.400 E/ActivityThread( 6687): 	at java.lang.Thread.run(Thread.java:761)
06-04 16:40:05.401 E/ActivityThread( 6687): Activity com.nearme.instant.LauncherActivity$Launcher0 has leaked ServiceConnection com.oppo.ohome.api.ipc.IotIpcApi$2@87422c3 that was originally bound here
