06-05 08:07:02.794 D/bt_osi_alarm( 2401): callback_dispatch Delay in timer callback
06-05 08:07:02.794 I/WCNSS_FILTER( 2788): ibs_msm_serial_clock_vote: vote UART CLK ON using UART driver's ioctl()
06-05 08:07:02.794 D/bt_osi_alarm( 2401): callback_dispatch Delay in timer callback
06-05 08:07:02.795 D/bt_osi_alarm( 2401): callback_dispatch Delay in timer callback
06-05 08:07:02.795 D/bt_osi_alarm( 2401): callback_dispatch Delay in timer callback
06-05 08:07:02.795 D/bt_osi_alarm( 2401): callback_dispatch Delay in timer callback
06-05 08:07:02.795 D/bt_osi_alarm( 2401): callback_dispatch Delay in timer callback
06-05 08:07:02.795 D/bt_osi_alarm( 2401): callback_dispatch Delay in timer callback
06-05 08:07:02.795 D/bt_osi_alarm( 2401): callback_dispatch Delay in timer callback
06-05 08:07:02.795 D/bt_osi_alarm( 2401): callback_dispatch Delay in timer callback
06-05 08:07:02.795 D/bt_osi_alarm( 2401): callback_dispatch Delay in timer callback
06-05 08:07:02.796 D/bt_osi_alarm( 2401): callback_dispatch Delay in timer callback
06-05 08:07:02.796 D/bt_osi_alarm( 2401): callback_dispatch Delay in timer callback
06-05 08:07:02.797 D/WCNSS_FILTER( 2788): wcnss_acquire_wakelock
06-05 08:07:02.797 I/WCNSS_FILTER( 2788): ibs_bt_device_wakeup: Writing IBS_WAKE_IND
06-05 08:07:02.797 I/WCNSS_FILTER( 2788): do_write: IBS write: fd
06-05 08:07:02.800 I/WCNSS_FILTER( 2788): ibs_recv_ibs_cmd: Received IBS_WAKE_ACK: 0xFC
06-05 08:07:02.800 I/WCNSS_FILTER( 2788): ibs_recv_ibs_cmd: Received IBS_WAKE_IND: 0xFD
06-05 08:07:02.800 I/WCNSS_FILTER( 2788): ibs_recv_ibs_cmd: Writing IBS_WAKE_ACK
06-05 08:07:02.800 I/WCNSS_FILTER( 2788): do_write: IBS write: fc
06-05 08:07:02.860 I/WCNSS_FILTER( 2788): ibs_recv_ibs_cmd: Received IBS_SLEEP_IND: 0xFE
06-05 08:07:03.821 I/WCNSS_FILTER( 2788): ibs_wcnss_bt_device_sleep: TX Awake, Sending SLEEP_IND
06-05 08:07:03.822 I/WCNSS_FILTER( 2788): do_write: IBS write: fe
06-05 08:07:03.822 I/WCNSS_FILTER( 2788): ibs_msm_serial_clock_vote: vote UART CLK OFF using UART driver's ioctl()
06-05 08:07:03.974 D/WCNSS_FILTER( 2788): wcnss_release_wakelock
06-05 08:09:58.502 W/market  (25489): main|AlarmReceiver action = : com.oppo.market.broadcast.check.automatic_upgrade
06-05 08:09:58.612 W/market  (25489): CokaNew-5|autoUpdate: start
06-05 08:09:58.617 W/market  (25489): CokaNew-5|autoUpdate: true
06-05 08:09:58.622 W/AutoUpdateService(25489): CokaIO-3|- startAutoUpdateIfNeed
06-05 08:09:58.624 W/AutoUpdateService(25489): CokaIO-3|-- : true_3
06-05 08:09:58.631 W/download(25489): Thread-DownloadCallback|ReservedDownload:20963994#com.oppo.ohome#isDeltaDownload:false#url:https://istore.oppomobile.com/download/v1/20963994?type=3#preCheckCode:d92d6779019b644a6e87f69598ff1f19#12
06-05 08:09:58.631 W/download_callback:(25489): Thread-DownloadCallback|onReserveDownload#20963994#com.oppo.ohome#isDeltaDownload:false#url:https://istore.oppomobile.com/download/v1/20963994?type=3#preCheckCode:d92d6779019b644a6e87f69598ff1f19#12
06-05 08:09:58.634 W/AutoUpdateService(25489): CokaIO-3|pkg:com.coloros.compassexternel condition info list
06-05 08:09:58.634 W/AutoUpdateService(25489): CokaIO-3|CDO_PKGS:false
06-05 08:09:58.634 W/AutoUpdateService(25489): CokaIO-3|self pkgfalse
06-05 08:09:58.634 W/AutoUpdateService(25489): CokaIO-3|isIgnore:false
06-05 08:09:58.634 W/AutoUpdateService(25489): CokaIO-3|pkg in blackList:true
06-05 08:09:58.636 W/download(25489): Thread-DownloadCallback|ReservedDownload:21014501#com.nearme.gamecenter#isDeltaDownload:false#url:https://istore.oppomobile.com/download/v1/21014501?type=3#preCheckCode:e6b88361b8a225a8def7415765901626#12
06-05 08:09:58.637 W/download_callback:(25489): Thread-DownloadCallback|onReserveDownload#21014501#com.nearme.gamecenter#isDeltaDownload:false#url:https://istore.oppomobile.com/download/v1/21014501?type=3#preCheckCode:e6b88361b8a225a8def7415765901626#12
06-05 08:09:58.639 I/chatty  ( 1690): uid=1000 system_server expire 6 lines
06-05 08:11:32.114 I/WCNSS_FILTER( 2788): ibs_msm_serial_clock_vote: vote UART CLK ON using UART driver's ioctl()
06-05 08:11:32.116 D/WCNSS_FILTER( 2788): wcnss_acquire_wakelock
06-05 08:11:32.116 I/WCNSS_FILTER( 2788): ibs_bt_device_wakeup: Writing IBS_WAKE_IND
06-05 08:11:32.117 I/WCNSS_FILTER( 2788): do_write: IBS write: fd
06-05 08:11:32.120 I/WCNSS_FILTER( 2788): ibs_recv_ibs_cmd: Received IBS_WAKE_ACK: 0xFC
06-05 08:11:32.121 I/WCNSS_FILTER( 2788): ibs_recv_ibs_cmd: Received IBS_WAKE_IND: 0xFD
06-05 08:11:32.121 I/WCNSS_FILTER( 2788): ibs_recv_ibs_cmd: Writing IBS_WAKE_ACK
06-05 08:11:32.121 I/WCNSS_FILTER( 2788): do_write: IBS write: fc
06-05 08:11:32.163 I/WCNSS_FILTER( 2788): ibs_recv_ibs_cmd: Received IBS_SLEEP_IND: 0xFE
06-05 08:11:33.124 I/WCNSS_FILTER( 2788): ibs_wcnss_bt_device_sleep: TX Awake, Sending SLEEP_IND
06-05 08:11:33.125 I/WCNSS_FILTER( 2788): do_write: IBS write: fe
06-05 08:11:33.125 I/WCNSS_FILTER( 2788): ibs_msm_serial_clock_vote: vote UART CLK OFF using UART driver's ioctl()
06-05 08:11:33.276 D/WCNSS_FILTER( 2788): wcnss_release_wakelock
06-05 08:20:46.569 I/chatty  (25055): uid=1000(system) com.android.systemui expire 10 lines
06-05 08:20:52.779 E/rutils  (25983): releaseProcess gCount = 0
06-05 08:20:52.794 I/ServiceManager(  689): service 'oppo.com.IRUtils' died
06-05 08:22:03.073 I/WCNSS_FILTER( 2788): ibs_msm_serial_clock_vote: vote UART CLK ON using UART driver's ioctl()
06-05 08:22:03.082 D/WCNSS_FILTER( 2788): wcnss_acquire_wakelock
06-05 08:22:03.082 I/WCNSS_FILTER( 2788): ibs_bt_device_wakeup: Writing IBS_WAKE_IND
06-05 08:22:03.082 I/WCNSS_FILTER( 2788): do_write: IBS write: fd
06-05 08:22:03.085 I/WCNSS_FILTER( 2788): ibs_recv_ibs_cmd: Received IBS_WAKE_ACK: 0xFC
06-05 08:22:03.086 I/WCNSS_FILTER( 2788): ibs_recv_ibs_cmd: Received IBS_WAKE_IND: 0xFD
06-05 08:22:03.086 I/WCNSS_FILTER( 2788): ibs_recv_ibs_cmd: Writing IBS_WAKE_ACK
06-05 08:22:03.086 I/WCNSS_FILTER( 2788): do_write: IBS write: fc
06-05 08:22:03.148 I/WCNSS_FILTER( 2788): ibs_recv_ibs_cmd: Received IBS_SLEEP_IND: 0xFE
06-05 08:22:04.025 D/        (  683): power_monitor upthreshold 0, downthreshold 0 , temp1 307, temp2 301
06-05 08:22:04.108 I/WCNSS_FILTER( 2788): ibs_wcnss_bt_device_sleep: TX Awake, Sending SLEEP_IND
06-05 08:22:04.108 I/WCNSS_FILTER( 2788): do_write: IBS write: fe
06-05 08:22:04.108 I/WCNSS_FILTER( 2788): ibs_msm_serial_clock_vote: vote UART CLK OFF using UART driver's ioctl()
06-05 08:22:04.261 D/WCNSS_FILTER( 2788): wcnss_release_wakelock
06-05 08:26:32.586 I/WCNSS_FILTER( 2788): ibs_msm_serial_clock_vote: vote UART CLK ON using UART driver's ioctl()
06-05 08:26:32.589 D/WCNSS_FILTER( 2788): wcnss_acquire_wakelock
06-05 08:26:32.589 I/WCNSS_FILTER( 2788): ibs_bt_device_wakeup: Writing IBS_WAKE_IND
06-05 08:26:32.589 I/WCNSS_FILTER( 2788): do_write: IBS write: fd
06-05 08:26:32.592 I/WCNSS_FILTER( 2788): ibs_recv_ibs_cmd: Received IBS_WAKE_ACK: 0xFC
06-05 08:26:32.594 I/WCNSS_FILTER( 2788): ibs_recv_ibs_cmd: Received IBS_WAKE_IND: 0xFD
06-05 08:26:32.594 I/WCNSS_FILTER( 2788): ibs_recv_ibs_cmd: Writing IBS_WAKE_ACK
06-05 08:26:32.594 I/WCNSS_FILTER( 2788): do_write: IBS write: fc
06-05 08:26:32.605 I/chatty  ( 1690): uid=1000(system) NetworkPolicy expire 3 lines
06-05 08:26:32.638 I/WCNSS_FILTER( 2788): ibs_recv_ibs_cmd: Received IBS_SLEEP_IND: 0xFE
06-05 08:26:33.597 I/WCNSS_FILTER( 2788): ibs_wcnss_bt_device_sleep: TX Awake, Sending SLEEP_IND
06-05 08:26:33.598 I/WCNSS_FILTER( 2788): do_write: IBS write: fe
06-05 08:26:33.598 I/WCNSS_FILTER( 2788): ibs_msm_serial_clock_vote: vote UART CLK OFF using UART driver's ioctl()
06-05 08:26:33.749 D/WCNSS_FILTER( 2788): wcnss_release_wakelock
06-05 08:30:35.805 I/chatty  ( 1690): uid=1000(system) android.bg expire 12 lines
06-05 08:34:57.764 W/gamecenter(25809): main|AlarmReceiver action = : com.nearme.gamecenter.broadcast.check.automatic_upgrade
06-05 08:34:57.847 W/gamecenter(25809): CokaNew-4|autoUpdate: start
06-05 08:34:57.851 W/gamecenter(25809): CokaNew-4|autoUpdate: false , no data
06-05 08:34:59.114 D/HeadsetStateMachine( 2401): Disconnected process message: 10, size: 0
06-05 08:34:59.114 D/HeadsetStateMachine( 2401): Enter processIntentBatteryChanged()
06-05 08:34:59.114 D/HeadsetStateMachine( 2401): Exit processIntentBatteryChanged()
06-05 08:34:59.114 D/HeadsetStateMachine( 2401): Exit Disconnected processMessage() 
06-05 08:34:59.135 E/QtiImsExtUtils( 2581): getConfigForPhoneId subId is invalid
06-05 08:34:59.135 E/QtiImsExtUtils( 2581): isCarrierConfigEnabled bundle is null
06-05 08:37:03.389 D/bt_osi_alarm( 2401): reschedule_root_alarm alarm expiration too close for posix timers, switching to guns
06-05 08:37:03.396 I/WCNSS_FILTER( 2788): ibs_msm_serial_clock_vote: vote UART CLK ON using UART driver's ioctl()
06-05 08:37:03.405 D/WCNSS_FILTER( 2788): wcnss_acquire_wakelock
06-05 08:37:03.405 I/WCNSS_FILTER( 2788): ibs_bt_device_wakeup: Writing IBS_WAKE_IND
06-05 08:37:03.405 I/WCNSS_FILTER( 2788): do_write: IBS write: fd
06-05 08:37:03.409 I/WCNSS_FILTER( 2788): ibs_recv_ibs_cmd: Received IBS_WAKE_ACK: 0xFC
06-05 08:37:03.409 I/WCNSS_FILTER( 2788): ibs_recv_ibs_cmd: Received IBS_WAKE_IND: 0xFD
06-05 08:37:03.409 I/WCNSS_FILTER( 2788): ibs_recv_ibs_cmd: Writing IBS_WAKE_ACK
06-05 08:37:03.409 I/WCNSS_FILTER( 2788): do_write: IBS write: fc
06-05 08:37:03.469 I/WCNSS_FILTER( 2788): ibs_recv_ibs_cmd: Received IBS_SLEEP_IND: 0xFE
06-05 08:37:04.429 I/WCNSS_FILTER( 2788): ibs_wcnss_bt_device_sleep: TX Awake, Sending SLEEP_IND
06-05 08:37:04.430 I/WCNSS_FILTER( 2788): do_write: IBS write: fe
06-05 08:37:04.430 I/WCNSS_FILTER( 2788): ibs_msm_serial_clock_vote: vote UART CLK OFF using UART driver's ioctl()
06-05 08:37:04.582 D/WCNSS_FILTER( 2788): wcnss_release_wakelock
06-05 08:41:04.056 D/        (  683): power_monitor upthreshold 0, downthreshold 0 , temp1 310, temp2 304
06-05 08:41:33.047 I/WCNSS_FILTER( 2788): ibs_msm_serial_clock_vote: vote UART CLK ON using UART driver's ioctl()
06-05 08:41:33.049 D/WCNSS_FILTER( 2788): wcnss_acquire_wakelock
06-05 08:41:33.049 I/WCNSS_FILTER( 2788): ibs_bt_device_wakeup: Writing IBS_WAKE_IND
06-05 08:41:33.049 I/WCNSS_FILTER( 2788): do_write: IBS write: fd
06-05 08:41:33.053 I/WCNSS_FILTER( 2788): ibs_recv_ibs_cmd: Received IBS_WAKE_ACK: 0xFC
06-05 08:41:33.056 I/WCNSS_FILTER( 2788): ibs_recv_ibs_cmd: Received IBS_WAKE_IND: 0xFD
06-05 08:41:33.056 I/WCNSS_FILTER( 2788): ibs_recv_ibs_cmd: Writing IBS_WAKE_ACK
06-05 08:41:33.056 I/WCNSS_FILTER( 2788): do_write: IBS write: fc
06-05 08:41:33.104 I/WCNSS_FILTER( 2788): ibs_recv_ibs_cmd: Received IBS_SLEEP_IND: 0xFE
06-05 08:41:34.061 I/WCNSS_FILTER( 2788): ibs_wcnss_bt_device_sleep: TX Awake, Sending SLEEP_IND
06-05 08:41:34.061 I/WCNSS_FILTER( 2788): do_write: IBS write: fe
06-05 08:41:34.061 I/WCNSS_FILTER( 2788): ibs_msm_serial_clock_vote: vote UART CLK OFF using UART driver's ioctl()
06-05 08:41:34.214 D/WCNSS_FILTER( 2788): wcnss_release_wakelock
06-05 08:49:58.296 I/chatty  ( 1690): uid=1000(system) Binder:1690_1 expire 2 lines
06-05 08:51:06.210 I/chatty  (25055): uid=1000(system) com.android.systemui expire 11 lines
06-05 08:51:11.679 D/HeadsetStateMachine( 2401): Disconnected process message: 10, size: 0
06-05 08:51:11.679 D/HeadsetStateMachine( 2401): Enter processIntentBatteryChanged()
06-05 08:51:11.679 D/HeadsetStateMachine( 2401): Exit processIntentBatteryChanged()
06-05 08:51:11.679 D/HeadsetStateMachine( 2401): Exit Disconnected processMessage() 
06-05 08:51:11.681 E/QtiImsExtUtils( 2581): getConfigForPhoneId subId is invalid
06-05 08:51:11.681 E/QtiImsExtUtils( 2581): isCarrierConfigEnabled bundle is null
06-05 08:52:03.716 I/WCNSS_FILTER( 2788): ibs_msm_serial_clock_vote: vote UART CLK ON using UART driver's ioctl()
06-05 08:52:03.718 D/WCNSS_FILTER( 2788): wcnss_acquire_wakelock
06-05 08:52:03.718 I/WCNSS_FILTER( 2788): ibs_bt_device_wakeup: Writing IBS_WAKE_IND
06-05 08:52:03.718 I/WCNSS_FILTER( 2788): do_write: IBS write: fd
06-05 08:52:03.722 I/WCNSS_FILTER( 2788): ibs_recv_ibs_cmd: Received IBS_WAKE_ACK: 0xFC
06-05 08:52:03.722 I/WCNSS_FILTER( 2788): ibs_recv_ibs_cmd: Received IBS_WAKE_IND: 0xFD
06-05 08:52:03.722 I/WCNSS_FILTER( 2788): ibs_recv_ibs_cmd: Writing IBS_WAKE_ACK
06-05 08:52:03.723 I/WCNSS_FILTER( 2788): do_write: IBS write: fc
06-05 08:52:03.783 I/WCNSS_FILTER( 2788): ibs_recv_ibs_cmd: Received IBS_SLEEP_IND: 0xFE
06-05 08:52:04.743 I/WCNSS_FILTER( 2788): ibs_wcnss_bt_device_sleep: TX Awake, Sending SLEEP_IND
06-05 08:52:04.744 I/WCNSS_FILTER( 2788): do_write: IBS write: fe
06-05 08:52:04.744 I/WCNSS_FILTER( 2788): ibs_msm_serial_clock_vote: vote UART CLK OFF using UART driver's ioctl()
06-05 08:52:04.896 D/WCNSS_FILTER( 2788): wcnss_release_wakelock
06-05 08:55:46.938 I/chatty  ( 1690): uid=1000(system) android.bg expire 12 lines
06-05 08:55:57.332 D/SoftKeymaster(  943): system/keymaster/soft_keymaster_device.cpp, Line 700: Requested digest(s) supported for algorithm 1 and purpose 2
06-05 08:55:57.332 D/SoftKeymaster(  943): system/keymaster/soft_keymaster_device.cpp, Line 1202: Operation supported by Keymaster QTI HAL, passing through to keymaster1 module
06-05 08:55:58.439 D/HeadsetStateMachine( 2401): Disconnected process message: 10, size: 0
06-05 08:55:58.440 D/HeadsetStateMachine( 2401): Enter processIntentBatteryChanged()
06-05 08:55:58.440 D/HeadsetStateMachine( 2401): Exit processIntentBatteryChanged()
06-05 08:55:58.440 D/HeadsetStateMachine( 2401): Exit Disconnected processMessage() 
06-05 08:55:58.451 E/QtiImsExtUtils( 2581): getConfigForPhoneId subId is invalid
06-05 08:55:58.451 E/QtiImsExtUtils( 2581): isCarrierConfigEnabled bundle is null
06-05 08:56:33.771 I/WCNSS_FILTER( 2788): ibs_msm_serial_clock_vote: vote UART CLK ON using UART driver's ioctl()
06-05 08:56:33.774 D/WCNSS_FILTER( 2788): wcnss_acquire_wakelock
06-05 08:56:33.774 I/WCNSS_FILTER( 2788): ibs_bt_device_wakeup: Writing IBS_WAKE_IND
06-05 08:56:33.774 I/WCNSS_FILTER( 2788): do_write: IBS write: fd
06-05 08:56:33.777 I/WCNSS_FILTER( 2788): ibs_recv_ibs_cmd: Received IBS_WAKE_ACK: 0xFC
06-05 08:56:33.778 I/WCNSS_FILTER( 2788): ibs_recv_ibs_cmd: Received IBS_WAKE_IND: 0xFD
06-05 08:56:33.778 I/WCNSS_FILTER( 2788): ibs_recv_ibs_cmd: Writing IBS_WAKE_ACK
06-05 08:56:33.778 I/WCNSS_FILTER( 2788): do_write: IBS write: fc
06-05 08:56:33.820 I/WCNSS_FILTER( 2788): ibs_recv_ibs_cmd: Received IBS_SLEEP_IND: 0xFE
06-05 08:56:34.781 I/WCNSS_FILTER( 2788): ibs_wcnss_bt_device_sleep: TX Awake, Sending SLEEP_IND
06-05 08:56:34.782 I/WCNSS_FILTER( 2788): do_write: IBS write: fe
06-05 08:56:34.782 I/WCNSS_FILTER( 2788): ibs_msm_serial_clock_vote: vote UART CLK OFF using UART driver's ioctl()
06-05 08:56:34.933 D/WCNSS_FILTER( 2788): wcnss_release_wakelock
06-05 08:59:59.269 I/wpa_supplicant(28892): wlan0: CTRL-EVENT-SELECT-NETWORK 24
06-05 08:59:59.269 E/wpa_supplicant(28892): eap_proxy: eap_proxy_notify_config
06-05 08:59:59.270 I/chatty  ( 1690): uid=1000 system_server expire 172 lines
06-05 08:59:59.356 I/wpa_supplicant(28892): wlan0: Trying to associate with SSID 'Midea'
06-05 08:59:59.356 I/wpa_supplicant(28892): wlan0: OWN MAC adrress: 60:21:01:f6:e7:35
06-05 08:59:59.365 E/wpa_supplicant(28892): eap_proxy: eap_proxy_notify_config
06-05 08:59:59.365 E/wpa_supplicant(28892): eap_proxy: eap_proxy_allowed_method
06-05 08:59:59.365 E/wpa_supplicant(28892): eap_proxy: eap_proxy_allowed_method
06-05 08:59:59.365 E/wpa_supplicant(28892): eap_proxy: eap_proxy_allowed_method
06-05 08:59:59.373 I/chatty  ( 1690): uid=1000(system) WifiStateMachin expire 20 lines
06-05 08:59:59.376 I/chatty  ( 1690): uid=1000(system) WifiScanningSer expire 14 lines
06-05 08:59:59.410 I/wpa_supplicant(28892): wlan0: Associated with b0:f9:63:19:84:40
06-05 08:59:59.410 I/wpa_supplicant(28892): wlan0: CTRL-EVENT-EAP-STARTED EAP authentication started
06-05 08:59:59.411 I/wpa_supplicant(28892): wlan0: CTRL-EVENT-SUBNET-STATUS-UPDATE status=0
06-05 08:59:59.426 I/chatty  ( 1690): uid=1000(system) Thread-6029 expire 11 lines
06-05 08:59:59.427 I/wpa_supplicant(28892): wlan0: CTRL-EVENT-EAP-PROPOSED-METHOD vendor=0 method=25
06-05 08:59:59.427 I/wpa_supplicant(28892): wlan0: CTRL-EVENT-EAP-METHOD EAP vendor 0 method 25 (PEAP) selected
06-05 08:59:59.445 I/wpa_supplicant(28892): wlan0: CTRL-EVENT-EAP-PEER-CERT depth=1 subject='/C=CN/ST=Some-State/O=H3C/CN=H3C' hash=e1ecea452454ebc713919a6005404286611804dad1180d0cfb5995b7962394cd
06-05 08:59:59.446 I/wpa_supplicant(28892): wlan0: CTRL-EVENT-EAP-PEER-CERT depth=1 subject='/C=CN/ST=Some-State/O=H3C/CN=H3C' hash=e1ecea452454ebc713919a6005404286611804dad1180d0cfb5995b7962394cd
06-05 08:59:59.447 I/wpa_supplicant(28892): wlan0: CTRL-EVENT-EAP-PEER-CERT depth=0 subject='/C=CN/ST=Some-State/O=H3C/CN=H3C-WLAN' hash=84aeb5373ab0fe9f597a7d35169a01b7fe359a9310658374279bd1a9cb495b23
06-05 08:59:59.489 I/wpa_supplicant(28892): EAP-MSCHAPV2: Authentication succeeded
06-05 08:59:59.496 I/wpa_supplicant(28892): EAP-TLV: TLV Result - Success - EAP-TLV/Phase2 Completed
06-05 08:59:59.505 I/wpa_supplicant(28892): wlan0: CTRL-EVENT-EAP-SUCCESS EAP authentication completed successfully
06-05 08:59:59.561 I/wpa_supplicant(28892): wlan0: WPA: Key negotiation completed with b0:f9:63:19:84:40 [PTK=CCMP GTK=CCMP]
06-05 08:59:59.562 I/wpa_supplicant(28892): wlan0: CTRL-EVENT-CONNECTED - Connection to b0:f9:63:19:84:40 completed [id=24 id_str=%7B%22creatorUid%22%3A%221000%22%2C%22configKey%22%3A%22%5C%22Midea%5C%22-WPA_EAP%22%7D]
06-05 08:59:59.604 E/cnss-daemon(  963): wlan_service_core_minfreq: reset: handle not valid
06-05 08:59:59.604 I/chatty  ( 1690): uid=1000(system) WifiStateMachin expire 1 line
06-05 08:59:59.605 I/chatty  ( 1690): uid=1000(system) ConnectivitySer expire 6 lines
06-05 08:59:59.645 I/chatty  ( 1690): uid=1000 system_server expire 1 line
06-05 08:59:59.661 I/chatty  ( 1690): uid=1000 system_server expire 18 lines
06-05 08:59:59.666 I/chatty  ( 1690): uid=1000 system_server expire 4 lines
06-05 09:00:00.678 D/CommandListener(  952): Setting iface cfg
06-05 09:00:00.774 E/oiface  ( 3053): client  not found, skipped
06-05 09:00:00.872 I/chatty  ( 1690): uid=1000(system) ConnectivitySer expire 10 lines
06-05 09:00:00.876 D/QtiTetherService/IpaWrapper( 2570): peekStats()
06-05 09:00:00.882 D/QtiTetherService/IpaWrapper( 2570): getStats(false)
06-05 09:00:00.892 I/chatty  ( 1690): uid=1000(system) NetworkPolicy expire 12 lines
06-05 09:00:00.897 D/QtiTetherService/IpaWrapper( 2570): peekStats()
06-05 09:00:00.901 D/QtiTetherService/IpaWrapper( 2570): getStats(false)
06-05 09:00:00.910 I/chatty  ( 1690): uid=1000 system_server expire 6 lines
06-05 09:00:00.954 V/IdletimerController(  952): runCmd(/system/bin/ip6tables -w -W 10000 -t raw -A idletimer_raw_PREROUTING -i wlan0 -j IDLETIMER --timeout 15 --label 1 --send_nl_msg 1) res_ipv4=0, res_ipv6=0
06-05 09:00:00.998 V/IdletimerController(  952): runCmd(/system/bin/ip6tables -w -W 10000 -t mangle -A idletimer_mangle_POSTROUTING -o wlan0 -j IDLETIMER --timeout 15 --label 1 --send_nl_msg 1) res_ipv4=0, res_ipv6=0
06-05 09:00:01.009 W/QCNEJ   ( 2570): |CORE| network available: 246
06-05 09:00:01.013 W/QCNEJ   ( 2570): |CORE| onAvailable: bind the process to WIFI
06-05 09:00:01.035 I/chatty  ( 1690): uid=1000(system) ConnectivityMan expire 3 lines
06-05 09:00:01.035 I/chatty  ( 1690): uid=1000(system) android.bg expire 16 lines
06-05 09:00:01.074 I/chatty  ( 1690): uid=1000 system_server expire 22 lines
06-05 09:00:01.099 W/auto_download(25489): pool-8-thread-1|Condition change condition:NetworkCondition#status:wifi
06-05 09:00:01.130 I/chatty  ( 1690): uid=1000(system) BroadcastQueue expire 1 line
06-05 09:00:01.130 I/chatty  ( 1690): uid=1000(system) BroadcastQueue expire 1 line
06-05 09:00:01.131 W/Network_Info(25809): wifi
06-05 09:00:01.159 W/auto_download(25489): pool-8-thread-1|common condition satisfied
06-05 09:00:01.159 I/chatty  ( 1690): uid=1000(system) Binder:1690_20 expire 22 lines
06-05 09:00:01.161 I/chatty  ( 1690): uid=1000(system) Binder:1690_18 expire 13 lines
06-05 09:00:01.169 I/chatty  ( 1690): uid=1000(system) Binder:1690_10 expire 41 lines
06-05 09:00:01.169 W/download(25489): pool-8-thread-1|startDownload:20963994#com.oppo.ohome#isDeltaDownload:false#url:https://istore.oppomobile.com/download/v1/20963994?type=3#preCheckCode:d92d6779019b644a6e87f69598ff1f19#12
06-05 09:00:01.170 W/download_callback:(25489): pool-8-thread-1|onDownloadPrepared#20963994#com.oppo.ohome#isDeltaDownload:false#url:https://istore.oppomobile.com/download/v1/20963994?type=3#preCheckCode:d92d6779019b644a6e87f69598ff1f19#12
06-05 09:00:01.175 W/Download aje(25489): pool-8-thread-1|start():com.oppo.ohome44437449#20963994.apk#2#false#https://istore.oppomobile.com/download/v1/20963994?type=3#0#44437449
06-05 09:00:01.187 W/httpdns (25489): HttpDnsThread|HttpDnsQuerier::query
06-05 09:00:01.192 I/chatty  ( 1690): uid=1000(system) Binder:1690_15 expire 16 lines
06-05 09:00:01.192 W/Network_Info(25489): wifi
06-05 09:00:01.201 I/SafeCenter.DataBaseUtil(24615): oppo_cta_update_service ctaValue - 1
06-05 09:00:01.202 I/chatty  ( 1690): uid=1000(system) Binder:1690_1A expire 13 lines
06-05 09:00:01.214 I/chatty  ( 1690): uid=1000(system) Binder:1690_7 expire 26 lines
06-05 09:00:01.225 D/RUS_    (24557): [RomUpdate] Const:
06-05 09:00:01.226 W/httpdns (25809): HttpDnsThread|HttpDnsQuerier::query
06-05 09:00:01.246 W/Download aje(25489): pool-8-thread-1|start() mCurrentLength:0 mPersistenceDataV4 mId:null#mTotalLength:0#mCurrentLength:0#mETag:null index:0#startPos:0#curPos:0#endPos:0#md5:6ddcccd0b784a133ac2d3cdc546ff5b2#sid:null
06-05 09:00:01.247 W/System  (26156): ClassLoader referenced unknown path: /system/priv-app/OppoWifiSecureDetect/lib/arm64
06-05 09:00:01.247 W/download_callback:(25489): Thread-DownloadCallback|onDownloadStart#20963994#com.oppo.ohome#isDeltaDownload:false#url:https://istore.oppomobile.com/download/v1/20963994?type=3#preCheckCode:d92d6779019b644a6e87f69598ff1f19#1
06-05 09:00:01.247 D/QtiTetherService/IpaWrapper( 2570): peekStats()
06-05 09:00:01.252 D/QtiTetherService/IpaWrapper( 2570): getStats(false)
06-05 09:00:01.262 W/download(25489): pool-8-thread-1|startDownload:21014501#com.nearme.gamecenter#isDeltaDownload:false#url:https://istore.oppomobile.com/download/v1/21014501?type=3#preCheckCode:e6b88361b8a225a8def7415765901626#12
06-05 09:00:01.263 W/download_callback:(25489): pool-8-thread-1|onDownloadPrepared#21014501#com.nearme.gamecenter#isDeltaDownload:false#url:https://istore.oppomobile.com/download/v1/21014501?type=3#preCheckCode:e6b88361b8a225a8def7415765901626#12
06-05 09:00:01.264 W/Download aje(25489): pool-8-thread-1|start():com.nearme.gamecenter16128217#21014501.apk#2#false#https://istore.oppomobile.com/download/v1/21014501?type=3#0#16128217
06-05 09:00:01.272 I/SafeCenter.OppoVirusEngine(24615): Virus_detect_engine -> TMS
06-05 09:00:01.276 W/System  (26168): ClassLoader referenced unknown path: /system/app/MCS/lib/arm64
06-05 09:00:01.281 D/WF_DT_  (26156): isBootWizardCompleted:true
06-05 09:00:01.282 V/TMSDKContext(26156): TMSDK version=6.0.0 20170811100543
06-05 09:00:01.283 D/SanityUtil(26156): check proguard ok
06-05 09:00:01.284 W/Download-Read(25489): Download Read Thread-1|expected adress : com.oppo.ohome#0#null
06-05 09:00:01.285 W/Download-Read(25489): Download Read Thread-1|download client range:bytes=0-#0#com.oppo.ohome
06-05 09:00:01.286 D/McsApplication(26168): MCS- onCreate...
06-05 09:00:01.288 D/McsApplication(26168): MCS- start other process...26168
06-05 09:00:01.299 W/AbstractTaskJob(25489): Download Read Thread-1|updateUrlParam result : https://istore.oppomobile.com/download/v1/20963994?type=3&mtag=6ddcccd0b784a133ac2d3cdc546ff5b2
06-05 09:00:01.299 W/AbstractTaskJob(25489): Download Read Thread-1|url changed from  https://istore.oppomobile.com/download/v1/20963994?type=3 to https://istore.oppomobile.com/download/v1/20963994?type=3&mtag=6ddcccd0b784a133ac2d3cdc546ff5b2
06-05 09:00:01.320 I/SafeCenter.DataBaseUtil(24615): oppo_cta_update_service ctaValue - 1
06-05 09:00:01.327 V/demo    (26156): mIsSdkLibraryLoaded =true
06-05 09:00:01.331 D/AndroidHttpClient( 5373): AndroidHttpClient newInstance
06-05 09:00:01.333 I/DpmTcmClient( 5373): RegisterTcmMonitor from: org.apache.http.impl.conn.TcmIdleTimerMonitor
06-05 09:00:01.334 W/Download aje(25489): pool-8-thread-1|start() mCurrentLength:12967255 mPersistenceDataV4 mId:com.nearme.gamecenter#mTotalLength:16128217#mCurrentLength:12967255#mETag:"5cf5df68-f618d9" index:0#startPos:0#curPos:12967255#endPos:0#md5:89fb41e4d796f4b4f144d018dac0915d#sid:null
06-05 09:00:01.334 W/AbstractTaskJob(25489): pool-8-thread-1|updateUrlParam result : https://istore.oppomobile.com/download/v1/21014501?type=3&mtag=89fb41e4d796f4b4f144d018dac0915d
06-05 09:00:01.334 W/AbstractTaskJob(25489): pool-8-thread-1|url changed from  https://istore.oppomobile.com/download/v1/21014501?type=3 to https://istore.oppomobile.com/download/v1/21014501?type=3&mtag=89fb41e4d796f4b4f144d018dac0915d
06-05 09:00:01.335 I/chatty  ( 1690): uid=1000(system) Binder:1690_8 expire 5 lines
06-05 09:00:01.336 W/download_callback:(25489): Thread-DownloadCallback|onDownloadStart#21014501#com.nearme.gamecenter#isDeltaDownload:false#url:https://istore.oppomobile.com/download/v1/21014501?type=3#preCheckCode:e6b88361b8a225a8def7415765901626#1
06-05 09:00:01.339 I/chatty  ( 1690): uid=1000(system) pool-3-thread-1 expire 18 lines
06-05 09:00:01.339 D/RUtils  ( 5373): isRUtilsEnable oppo.service.rutils.enable = 0!
06-05 09:00:01.339 D/RUtils  ( 5373): setRutilsEnable times == 0
06-05 09:00:01.339 D/RUtils  ( 5373): mActivitymanager != null setRutilsEnable!
06-05 09:00:01.341 W/Download-Read(25489): Download Read Thread-2|expected adress : com.nearme.gamecenter#0#null
06-05 09:00:01.342 W/Download-Read(25489): Download Read Thread-2|download client range:bytes=12967255-#0#com.nearme.gamecenter
06-05 09:00:01.343 I/chatty  ( 7450): uid=1000(system) SAUAppService expire 5 lines
06-05 09:00:01.344 I/chatty  ( 1690): uid=1000(system) SensorService expire 1 line
06-05 09:00:01.350 W/AbstractTaskJob(25489): Download Read Thread-2|updateUrlParam result : https://istore.oppomobile.com/download/v1/21014501?type=3&mtag=89fb41e4d796f4b4f144d018dac0915d
06-05 09:00:01.363 I/chatty  ( 1690): uid=1000(system) Binder:1690_1A expire 1 line
06-05 09:00:01.370 I/chatty  ( 1690): uid=1000(system) Binder:1690_C expire 2 lines
06-05 09:00:01.371 I/rutils  (26234): BpServiceManager->addService
06-05 09:00:01.371 I/rutils  (26234): ServiceManager:0x7f9463d200
06-05 09:00:01.371 I/rutils  (26234): RUtils init
06-05 09:00:01.371 D/rutils  (26234): workthread procMonitor begin to run, processName = rutilsdaemon!
06-05 09:00:01.372 D/rutils  (26234): nR = 0
06-05 09:00:01.372 I/chatty  ( 1690): uid=1000(system) Binder:1690_3 expire 3 lines
06-05 09:00:01.377 W/System  (26221): ClassLoader referenced unknown path: /system/app/SafeSdkProxy/lib/arm64
06-05 09:00:01.380 I/chatty  (24889): uid=1000(system) pool-1-thread-1 expire 1 line
06-05 09:00:01.380 I/chatty  ( 1690): uid=1000(system) Binder:1690_7 expire 4 lines
06-05 09:00:01.391 D/RUtils  ( 5373): isRUtilsEnable oppo.service.rutils.enable = 1!
06-05 09:00:01.391 D/RUtils  ( 5373): waitForRUtilsEnable OK!
06-05 09:00:01.391 E/RUtils  ( 5373): RUtils CompareSystemMD5 enter!!!
06-05 09:00:01.403 D/SanityUtil(26221): check proguard ok
06-05 09:00:01.404 D/SanityUtil(26221): has READ_PHONE_STATE permission
06-05 09:00:01.448 I/chatty  ( 1690): uid=1000(system) Binder:1690_F expire 3 lines
06-05 09:00:01.458 D/TMSDKContext(26156): appId:[10020]
06-05 09:00:01.462 D/TrafficCorrection(26156): TrafficCorrectionManagerImpl-OnCreate-context:[com.coloros.wifisecuredetect.OppoWifiSecureDetectApp@b6cccc4]
06-05 09:00:01.464 D/TrafficCorrection(26156): [push listener]
06-05 09:00:01.464 V/demo    (26156): handler 000 : 1559696401464  msg.what = 2
06-05 09:00:01.466 D/AVLSDK  (26156): sdk version:1.1.2
06-05 09:00:01.524 I/chatty  ( 1690): uid=1000(system) Binder:1690_B expire 2 lines
06-05 09:00:01.534 I/AutoUpdateWeatherService(24922): onStartJob JobId:576727823
06-05 09:00:01.537 V/demo    (26156): handler 001 : 1559696401537
06-05 09:00:01.537 V/demo    (26156): handler 000 : 1559696401537  msg.what = 4
06-05 09:00:01.538 V/demo    (26156): handler 001 : 1559696401538
06-05 09:00:01.544 I/SafeSdkProxy(26221): OppoLog, isQELogOn = false, isQELogOnMTK = false, isDebugTagOn = false
06-05 09:00:01.546 I/chatty  ( 1690): uid=1000(system) Binder:1690_6 expire 23 lines
06-05 09:00:01.556 I/ServiceAutoUpdateWeather(24922): 576727823, net = 1, max = 0, min = 0
06-05 09:00:01.556 I/ServiceAutoUpdateWeather(24922): list ()1
06-05 09:00:01.556 I/ServiceAutoUpdateWeather(24922): launchUpdateWeatherServiceInDelayTime delay time:21600000
06-05 09:00:01.567 I/SafeCenter.DataBaseUtil(24615): oppo_cta_update_service ctaValue - 1
06-05 09:00:01.569 I/chatty  ( 1690): uid=1000(system) Binder:1690_2 expire 18 lines
06-05 09:00:01.587 I/SafeCenter.OppoQScanManager(24615): getVirusBaseVersion tms = 
06-05 09:00:01.587 I/SafeCenter.UpdateListenerImpl(24615): onCheckStarted(), old virus-db-version: 
06-05 09:00:01.595 D/WF_DT_  (26156): isBootWizardCompleted:true
06-05 09:00:01.609 D/NetworkSecurityConfig(26156): No Network Security Config specified, using platform default
06-05 09:00:01.610 I/DpmTcmClient(26156): RegisterTcmMonitor from: com.android.okhttp.TcmIdleTimerMonitor
06-05 09:00:01.634 D/WifiDetectManager(26156): OnCreate-context:[com.coloros.wifisecuredetect.OppoWifiSecureDetectApp@b6cccc4]
06-05 09:00:01.634 V/WifiDetectManager(26156): init
06-05 09:00:01.634 D/SanityUtil(26156): pkgName:[com.coloros.wifisecuredetect]uid: [10020]android version:[25]
06-05 09:00:01.634 D/SanityUtil(26156): appId:[10020]
06-05 09:00:01.649 I/chatty  ( 1690): uid=1000(system) Binder:1690_F expire 3 lines
06-05 09:00:01.660 V/WifiDetectManager(26156): free
06-05 09:00:01.675 I/System.out(26156): Not need to boost!
06-05 09:00:01.771 I/chatty  ( 1690): uid=1000(system) Binder:1690_18 expire 2 lines
06-05 09:00:01.797 I/chatty  ( 1690): uid=1000(system) Binder:1690_15 expire 7 lines
06-05 09:00:01.805 I/chatty  ( 1690): uid=1000(system) Binder:1690_6 expire 5 lines
06-05 09:00:01.888 E/RUtils  ( 5373): orcsmd5, buffer[32]-->0x0, flag-->0
06-05 09:00:01.888 W/RUtils  ( 5373): Read 33 char is: 33381b17db17ff8b9be45e80ba7ad60b
06-05 09:00:01.888 E/RUtils  ( 5373): orcsmd5, buffer[32]-->0x0, flag-->1
06-05 09:00:01.888 W/RUtils  ( 5373): Read 33 char is: 33381b17db17ff8b9be45e80ba7ad60b
06-05 09:00:01.888 W/RUtils  ( 5373): System partition has't been modified
06-05 09:00:01.947 I/chatty  ( 1690): uid=1000(system) Binder:1690_5 expire 1 line
06-05 09:00:02.051 I/chatty  ( 1690): uid=1000(system) Binder:1690_1E expire 3 lines
06-05 09:00:02.076 I/chatty  ( 1690): uid=1000(system) NetworkTimeUpda expire 3 lines
06-05 09:00:02.242 I/chatty  ( 7450): uid=1000(system) com.coloros.sau expire 62 lines
06-05 09:00:02.406 D/        (  683): power_monitor upthreshold 0, downthreshold 0 , temp1 359, temp2 330
06-05 09:00:02.436 W/System.err(25489): java.net.NoRouteToHostException: No route to host
06-05 09:00:02.437 W/System.err(25489): 	at java.net.PlainSocketImpl.socketConnect(Native Method)
06-05 09:00:02.437 W/System.err(25489): 	at java.net.AbstractPlainSocketImpl.doConnect(AbstractPlainSocketImpl.java:334)
06-05 09:00:02.437 W/System.err(25489): 	at java.net.AbstractPlainSocketImpl.connectToAddress(AbstractPlainSocketImpl.java:196)
06-05 09:00:02.437 W/System.err(25489): 	at java.net.AbstractPlainSocketImpl.connect(AbstractPlainSocketImpl.java:178)
06-05 09:00:02.437 W/System.err(25489): 	at java.net.SocksSocketImpl.connect(SocksSocketImpl.java:356)
06-05 09:00:02.437 W/System.err(25489): 	at java.net.Socket.connect(Socket.java:605)
06-05 09:00:02.437 W/System.err(25489): 	at a.a.a.cgv.(AndroidPlatform.java:66)
06-05 09:00:02.437 W/System.err(25489): 	at okhttp3.internal.connection.c.(RealConnection.java:237)
06-05 09:00:02.437 W/System.err(25489): 	at okhttp3.internal.connection.c.(RealConnection.java:156)
06-05 09:00:02.437 W/System.err(25489): 	at okhttp3.internal.connection.f.(StreamAllocation.java:207)
06-05 09:00:02.437 W/System.err(25489): 	at okhttp3.internal.connection.f.(StreamAllocation.java:130)
06-05 09:00:02.437 W/System.err(25489): 	at okhttp3.internal.connection.f.(StreamAllocation.java:109)
06-05 09:00:02.437 W/System.err(25489): 	at okhttp3.internal.connection.a.(ConnectInterceptor.java:43)
06-05 09:00:02.437 W/System.err(25489): 	at a.a.a.cgn.(RealInterceptorChain.java:109)
06-05 09:00:02.437 W/System.err(25489): 	at a.a.a.cgn.(RealInterceptorChain.java:83)
06-05 09:00:02.437 W/System.err(25489): 	at a.a.a.cgc.(CacheInterceptor.java:92)
06-05 09:00:02.437 W/System.err(25489): 	at a.a.a.cgn.(RealInterceptorChain.java:109)
06-05 09:00:02.437 W/System.err(25489): 	at a.a.a.cgn.(RealInterceptorChain.java:83)
06-05 09:00:02.437 W/System.err(25489): 	at a.a.a.cgh.(BridgeInterceptor.java:92)
06-05 09:00:02.438 W/System.err(25489): 	at a.a.a.cgn.(RealInterceptorChain.java:109)
06-05 09:00:02.438 W/System.err(25489): 	at a.a.a.cgq.(RetryAndFollowUpInterceptor.java:135)
06-05 09:00:02.438 W/System.err(25489): 	at a.a.a.cgn.(RealInterceptorChain.java:109)
06-05 09:00:02.438 W/System.err(25489): 	at a.a.a.cgn.(RealInterceptorChain.java:83)
06-05 09:00:02.438 W/System.err(25489): 	at okhttp3.v.(RealCall.java:208)
06-05 09:00:02.438 W/System.err(25489): 	at okhttp3.v.(RealCall.java:86)
06-05 09:00:02.438 W/System.err(25489): 	at a.a.a.akd.(OkHttpEngine.java:277)
06-05 09:00:02.438 W/System.err(25489): 	at a.a.a.ajz.(CacheHttpEngine.java:43)
06-05 09:00:02.438 W/System.err(25489): 	at com.nearme.network.c.(NetRequestEngine.java:143)
06-05 09:00:02.438 W/System.err(25489): 	at a.a.a.aki.execute(NetworkModule.java:171)
06-05 09:00:02.438 W/System.err(25489): 	at a.a.a.bmh.executeGet(DownloadHttpStack.java:55)
06-05 09:00:02.438 W/System.err(25489): 	at a.a.a.ajg.(DownloadThread.java:123)
06-05 09:00:02.438 W/System.err(25489): 	at a.a.a.ajg.run(DownloadThread.java:72)
06-05 09:00:02.438 W/System.err(25489): 	at java.util.concurrent.Executors$RunnableAdapter.call(Executors.java:428)
06-05 09:00:02.438 W/System.err(25489): 	at java.util.concurrent.FutureTask.run(FutureTask.java:237)
06-05 09:00:02.438 W/System.err(25489): 	at java.util.concurrent.ThreadPoolExecutor.runWorker(ThreadPoolExecutor.java:1133)
06-05 09:00:02.438 W/System.err(25489): 	at java.util.concurrent.ThreadPoolExecutor$Worker.run(ThreadPoolExecutor.java:607)
06-05 09:00:02.438 W/System.err(25489): 	at java.lang.Thread.run(Thread.java:761)
06-05 09:00:02.439 W/System.err(25489): java.net.NoRouteToHostException: No route to host
06-05 09:00:02.444 W/System.err(25489): 	at java.net.PlainSocketImpl.socketConnect(Native Method)
06-05 09:00:02.445 W/System.err(25489): 	at java.net.AbstractPlainSocketImpl.doConnect(AbstractPlainSocketImpl.java:334)
06-05 09:00:02.445 W/System.err(25489): 	at java.net.AbstractPlainSocketImpl.connectToAddress(AbstractPlainSocketImpl.java:196)
06-05 09:00:02.445 W/System.err(25489): 	at java.net.AbstractPlainSocketImpl.connect(AbstractPlainSocketImpl.java:178)
06-05 09:00:02.445 W/System.err(25489): 	at java.net.SocksSocketImpl.connect(SocksSocketImpl.java:356)
06-05 09:00:02.445 W/System.err(25489): 	at java.net.Socket.connect(Socket.java:605)
06-05 09:00:02.445 W/System.err(25489): 	at a.a.a.cgv.(AndroidPlatform.java:66)
06-05 09:00:02.445 W/System.err(25489): 	at okhttp3.internal.connection.c.(RealConnection.java:237)
06-05 09:00:02.445 W/System.err(25489): 	at okhttp3.internal.connection.c.(RealConnection.java:156)
06-05 09:00:02.445 W/System.err(25489): 	at okhttp3.internal.connection.f.(StreamAllocation.java:207)
06-05 09:00:02.445 W/System.err(25489): 	at okhttp3.internal.connection.f.(StreamAllocation.java:130)
06-05 09:00:02.445 W/System.err(25489): 	at okhttp3.internal.connection.f.(StreamAllocation.java:109)
06-05 09:00:02.445 W/System.err(25489): 	at okhttp3.internal.connection.a.(ConnectInterceptor.java:43)
06-05 09:00:02.445 W/System.err(25489): 	at a.a.a.cgn.(RealInterceptorChain.java:109)
06-05 09:00:02.445 W/System.err(25489): 	at a.a.a.cgn.(RealInterceptorChain.java:83)
06-05 09:00:02.445 W/System.err(25489): 	at a.a.a.cgc.(CacheInterceptor.java:92)
06-05 09:00:02.445 W/System.err(25489): 	at a.a.a.cgn.(RealInterceptorChain.java:109)
06-05 09:00:02.445 W/System.err(25489): 	at a.a.a.cgn.(RealInterceptorChain.java:83)
06-05 09:00:02.445 W/System.err(25489): 	at a.a.a.cgh.(BridgeInterceptor.java:92)
06-05 09:00:02.445 W/System.err(25489): 	at a.a.a.cgn.(RealInterceptorChain.java:109)
06-05 09:00:02.445 W/System.err(25489): 	at a.a.a.cgq.(RetryAndFollowUpInterceptor.java:135)
06-05 09:00:02.445 W/System.err(25489): 	at a.a.a.cgn.(RealInterceptorChain.java:109)
06-05 09:00:02.445 W/System.err(25489): 	at a.a.a.cgn.(RealInterceptorChain.java:83)
06-05 09:00:02.445 W/System.err(25489): 	at okhttp3.v.(RealCall.java:208)
06-05 09:00:02.445 W/System.err(25489): 	at okhttp3.v.(RealCall.java:86)
06-05 09:00:02.445 W/System.err(25489): 	at a.a.a.akd.(OkHttpEngine.java:277)
06-05 09:00:02.445 W/System.err(25489): 	at a.a.a.ajz.(CacheHttpEngine.java:43)
06-05 09:00:02.445 W/System.err(25489): 	at com.nearme.network.c.(NetRequestEngine.java:143)
06-05 09:00:02.445 W/System.err(25489): 	at a.a.a.aki.execute(NetworkModule.java:171)
06-05 09:00:02.445 W/System.err(25489): 	at a.a.a.bmh.executeGet(DownloadHttpStack.java:55)
06-05 09:00:02.445 W/System.err(25489): 	at a.a.a.ajg.(DownloadThread.java:123)
06-05 09:00:02.445 W/System.err(25489): 	at a.a.a.ajg.run(DownloadThread.java:72)
06-05 09:00:02.445 W/System.err(25489): 	at java.util.concurrent.Executors$RunnableAdapter.call(Executors.java:428)
06-05 09:00:02.446 W/System.err(25489): 	at java.util.concurrent.FutureTask.run(FutureTask.java:237)
06-05 09:00:02.446 W/System.err(25489): 	at java.util.concurrent.ThreadPoolExecutor.runWorker(ThreadPoolExecutor.java:1133)
06-05 09:00:02.446 W/System.err(25489): 	at java.util.concurrent.ThreadPoolExecutor$Worker.run(ThreadPoolExecutor.java:607)
06-05 09:00:02.446 W/System.err(25489): 	at java.lang.Thread.run(Thread.java:761)
06-05 09:00:02.446 E/cnss-daemon(  963): gateway ipv4 address: 10.73.111.1
06-05 09:00:02.447 E/cnss-daemon(  963): gateway mac address: 5c:dd:70:ed:b9:ff
06-05 09:00:02.447 E/cnss-daemon(  963): nl ctrl resolve failed
06-05 09:00:02.451 D/libc    (  952): recvfrom and anhp->ancount == 0 , code 0 iptype 1 
06-05 09:00:02.459 D/libc    (  952): recvfrom and anhp->ancount == 0 , code 0 iptype 1 
06-05 09:00:02.459 D/libc    (  952): using send_dg ignore server  0 
06-05 09:00:02.459 D/libc    (  952): using send_dg ignore server  1 
06-05 09:00:02.463 D/libc    (  952): recvfrom and anhp->ancount == 0 , code 0 iptype 1 
06-05 09:00:02.467 D/libc    (  952): recvfrom and anhp->ancount == 0 , code 0 iptype 1 
06-05 09:00:02.467 D/libc    (  952): using send_dg ignore server  0 
06-05 09:00:02.467 D/libc    (  952): using send_dg ignore server  1 
06-05 09:00:02.468 I/chatty  (24889): uid=1000(system) pool-7-thread-1 expire 29 lines
06-05 09:00:02.472 W/System.err(24889): 	at neton.client.Utils.HttpRequestHelper.getResponseFromServer(HttpRequestHelper.java:83)
06-05 09:00:02.472 W/System.err(24889): 	at neton.client.Utils.HttpRequestHelper.getRequestDns(HttpRequestHelper.java:57)
06-05 09:00:02.472 W/System.err(24889): 	at neton.client.dns.HttpDns.initAddressInfo(HttpDns.java:127)
06-05 09:00:02.472 W/System.err(24889): 	at neton.client.dns.HttpDns$1.run(HttpDns.java:81)
06-05 09:00:02.472 W/System.err(24889): 	at java.util.concurrent.ThreadPoolExecutor.runWorker(ThreadPoolExecutor.java:1133)
06-05 09:00:02.472 W/System.err(24889): 	at java.util.concurrent.ThreadPoolExecutor$Worker.run(ThreadPoolExecutor.java:607)
06-05 09:00:02.472 W/System.err(24889): 	at java.lang.Thread.run(Thread.java:761)
06-05 09:00:02.473 W/System.err(24889): Caused by: android.system.GaiException: android_getaddrinfo failed: EAI_NODATA (No address associated with hostname)
06-05 09:00:02.473 W/System.err(24889): 	at libcore.io.Posix.android_getaddrinfo(Native Method)
06-05 09:00:02.473 W/System.err(24889): 	at libcore.io.ForwardingOs.android_getaddrinfo(ForwardingOs.java:55)
06-05 09:00:02.473 W/System.err(24889): 	at java.net.Inet6AddressImpl.lookupHostByName(Inet6AddressImpl.java:106)
06-05 09:00:02.473 W/System.err(24889): 	... 33 more
06-05 09:00:02.549 D/fpc_tac (  959): fpc_tee_set_zone, status code: 0
06-05 09:00:02.549 D/fpc_hal (  959): nav_event_report_keydown
06-05 09:00:02.550 D/fpc_tac (  959): fpc_tee_wait_finger_lost_without_interrupt
06-05 09:00:02.626 D/fpc_tac (  959): monitor_trigger before there is no touch down
06-05 09:00:02.626 D/fpc_hal (  959): nav_event_report_keyup
06-05 09:00:02.626 I/chatty  ( 1690): uid=1000(system) InputReader expire 2 lines
06-05 09:00:02.632 D/fpc_tac (  959): fpc_irq_wait
06-05 09:00:02.699 I/chatty  ( 1690): uid=1000(system) CheckInternetAc expire 9 lines
06-05 09:00:02.699 D/fpc_tac (  959): fpc_tee_set_zone, status code: 3
06-05 09:00:02.699 D/fpc_tac (  959): fpc_tee_get_screen_state 0
06-05 09:00:02.699 D/fpc_hal (  959): nav_event_report_keydown
06-05 09:00:02.699 D/fpc_hal (  959): nav_event_report_keyup
06-05 09:00:02.703 I/chatty  ( 1690): uid=1000(system) TouchSensorUnlo expire 3 lines
06-05 09:00:02.703 I/chatty  ( 1690): uid=1000(system) TouchSensorUnlo expire 2 lines
06-05 09:00:02.704 I/Kgd.KeyguardService(19034): requestKeyguard, command = wakeUpByOther
06-05 09:00:02.706 I/chatty  ( 1690): uid=1000(system) OppoWakeLockChe expire 1 line
06-05 09:00:02.709 D/fpc_tac (  959): fpc_irq_wait
06-05 09:00:02.718 I/chatty  ( 1690): uid=1000(system) Binder:1690_20 expire 3 lines
06-05 09:00:02.722 D/fpc_tac (  959): fpc_tee_set_zone, status code: 3
06-05 09:00:02.722 D/fpc_tac (  959): fpc_tee_get_screen_state 0
06-05 09:00:02.722 D/fpc_hal (  959): nav_event_report_keydown
06-05 09:00:02.722 D/fpc_hal (  959): nav_event_report_keyup
06-05 09:00:02.723 I/chatty  ( 1690): uid=1000(system) PowerManagerSer expire 4 lines
06-05 09:00:02.725 I/chatty  ( 1690): uid=1000(system) PowerManagerSer expire 5 lines
06-05 09:00:02.726 I/chatty  ( 1690): uid=1000 system_server expire 28 lines
06-05 09:00:02.728 D/fpc_tac (  959): fpc_irq_wait
06-05 09:00:02.732 I/chatty  ( 1690): uid=1000(system) PhotonicModulat expire 2 lines
06-05 09:00:02.735 D/SurfaceFlinger(  690): Set power mode=2, type=0 flinger=0x7f88e48000
06-05 09:00:02.735 I/SDM     (  690): HWCDisplay::SetPowerMode: display = 0, mode = 2
06-05 09:00:02.735 I/SDM     (  690): DisplayBase::SetDisplayState: Set state = 1, display 0
06-05 09:00:02.737 I/chatty  ( 1690): uid=1000(system) android.display expire 7 lines
06-05 09:00:02.747 I/chatty  ( 1690): uid=1000(system) Binder:1690_B expire 21 lines
06-05 09:00:02.748 D/fpc_tac (  959): fpc_tee_set_zone, status code: 0
06-05 09:00:02.748 D/fpc_hal (  959): nav_event_report_keydown
06-05 09:00:02.748 D/fpc_tac (  959): fpc_tee_wait_finger_lost_without_interrupt
06-05 09:00:02.758 I/chatty  ( 1690): uid=1000(system) PhoneWinHandler expire 1 line
06-05 09:00:02.760 D/audio_hw_primary(  939): adev_set_parameters: enter: screen_state=on
06-05 09:00:02.760 D/msm8916_platform(  939): ZZZ, parse_audiocal_cfg, 2188, ret = 0
06-05 09:00:02.760 D/audio_hw_extn(  939): audio_extn_set_anc_parameters: anc_enabled:0
06-05 09:00:02.760 D/audio_hw_spkr_prot(  939): audio_extn_fbsp_set_parameters: Speaker protection disabled
06-05 09:00:02.774 D/BtOppService( 2401):  action :android.intent.action.SCREEN_ON
06-05 09:00:02.809 I/chatty  ( 1690): uid=1000 system_server expire 8 lines
06-05 09:00:02.816 I/chatty  ( 1690): uid=1000(system) PhoneWinHandler expire 1 line
06-05 09:00:02.825 D/fpc_tac (  959): fpc_tee_set_screen_state 1
06-05 09:00:02.844 D/ColorServicesMonitor(24535): enableProximitySensor
06-05 09:00:02.844 V/SensorManager(24535): RegisterListener stk3210 PRX type:8 delay:0us by com.coloros.appmanager.j
06-05 09:00:02.846 I/chatty  ( 1690): uid=1000(system) Binder:1690_1B expire 35 lines
06-05 09:00:02.846 D/ColorServicesMonitor(24535): mProximityListener.onSensorChanged values[0]:0.0
06-05 09:00:02.847 D/ColorServicesMonitor(24535): mProximityListener.onSensorChanged active: true
06-05 09:00:02.847 D/ColorServicesMonitor(24535): mProximitySensorActive = true
06-05 09:00:02.847 D/ColorServicesMonitor(24535): disableProximitySensor
06-05 09:00:02.848 V/SensorManager(24535): unRegisterListener by com.coloros.appmanager.j
06-05 09:00:02.858 W/AlarmManager(24656): Unrecognized alarm listener com.coloros.powermanager.fuelgaue.u@7eeef4
06-05 09:00:02.904 D/fpc_tac (  959): monitor_trigger before there is no touch down
06-05 09:00:02.904 D/fpc_hal (  959): nav_event_report_keyup
06-05 09:00:02.905 I/chatty  ( 1690): uid=1000(system) android.io expire 4 lines
06-05 09:00:02.912 D/fpc_tac (  959): fpc_irq_wait
06-05 09:00:02.948 I/RemoteConfig(25489): RemoteConfig updateRemoteConfig
06-05 09:00:02.959 D/libc-netbsd(25489): [getaddrinfo]:  hostname=storedl5.nearme.com.cn;  servname=(null);  app_pid=25489;  app_uid=10093;  ai_flags=1024;  ai_family=0; ai_socktype=1 from prox result 0
06-05 09:00:02.959 D/libc-netbsd(25489): [getaddrinfo]:  hostname=storedl5.nearme.com.cn;  servname=(null);  app_pid=25489;  app_uid=10093;  ai_flags=1024;  ai_family=0; ai_socktype=1 from prox result 0
06-05 09:00:02.961 D/libc-netbsd(25489): [getaddrinfo]:  hostname=api.cdo.oppomobile.com;  servname=(null);  app_pid=25489;  app_uid=10093;  ai_flags=1024;  ai_family=0; ai_socktype=1 from prox result 0
06-05 09:00:03.013 W/auto_download(25489): pool-6-thread-1|Condition change condition:ScreenOffCondition#status:ScreenOn
06-05 09:00:03.032 W/auto_download(25489): pool-6-thread-1|common condition satisfied
06-05 09:00:03.035 W/download_callback:(25489): pool-6-thread-1|downloadFailed#20963994#com.oppo.ohome#isDeltaDownload:false#url:https://istore.oppomobile.com/download/v1/20963994?type=3#preCheckCode:d92d6779019b644a6e87f69598ff1f19#8#exception:ScreenOffCondition#expected : ScreenOff but real : ScreenOn#realurl:https://istore.oppomobile.com/download/v1/20963994?type=3
06-05 09:00:03.048 W/stat_m1 (25489): pool-6-thread-1|onDownloadFailStat#20963994#com.oppo.ohome#isDeltaDownload:false#url:https://istore.oppomobile.com/download/v1/20963994?type=3#preCheckCode:d92d6779019b644a6e87f69598ff1f19#8#realurl:https://istore.oppomobile.com/download/v1/20963994?type=3#netName:0#netType:wifi
06-05 09:00:03.049 W/download_callback:(25489): pool-6-thread-1|downloadFailed#21014501#com.nearme.gamecenter#isDeltaDownload:false#url:https://istore.oppomobile.com/download/v1/21014501?type=3#preCheckCode:e6b88361b8a225a8def7415765901626#8#exception:ScreenOffCondition#expected : ScreenOff but real : ScreenOn#realurl:https://istore.oppomobile.com/download/v1/21014501?type=3
06-05 09:00:03.058 W/stat_m1 (25489): pool-6-thread-1|onDownloadFailStat#21014501#com.nearme.gamecenter#isDeltaDownload:false#url:https://istore.oppomobile.com/download/v1/21014501?type=3#preCheckCode:e6b88361b8a225a8def7415765901626#8#realurl:https://istore.oppomobile.com/download/v1/21014501?type=3#netName:0#netType:wifi
06-05 09:00:03.069 I/RemoteConfig(25489): RemoteConfig updateRemoteConfig succ
06-05 09:00:03.072 I/RemoteConfig(25489): RemoteConfig updateRemoteConfig savedata: null
06-05 09:00:03.094 I/DpmTcmClient(25489): RegisterTcmMonitor from: org.apache.http.impl.conn.TcmIdleTimerMonitor
06-05 09:00:03.110 D/libc-netbsd(25489): [getaddrinfo]:  hostname=kv.stat.nearme.com.cn;  servname=(null);  app_pid=25489;  app_uid=10093;  ai_flags=1024;  ai_family=0; ai_socktype=1 from prox result 0
06-05 09:00:03.123 E/ANDR-PERF-MPCTL(  592): Invalid profile no. 0, total profiles 0 only
06-05 09:00:03.204 E/ANDR-PERF-RESOURCEQS(  592): Failed to reset optimization [3, 0]
06-05 09:00:03.698 W/Download-Read(25489): Download Read Thread-2|download real adress :com.nearme.gamecenter#0#https://istore.oppomobile.com/download/v1/21014501?type=3&mtag=89fb41e4d796f4b4f144d018dac0915d#https://storedl5.nearme.com.cn/apk/201906/04/da158847d586ac848c03d2dee5e6c101.apk#113.105.165.172#0.0
06-05 09:00:03.986 W/Download-Read(25489): Download Read Thread-1|download real adress :com.oppo.ohome#0#https://istore.oppomobile.com/download/v1/20963994?type=3&mtag=6ddcccd0b784a133ac2d3cdc546ff5b2#https://storedl5.nearme.com.cn/apk/201905/05/2a0cb1bf6abe35f32e83d7a00e172d4f.apk#113.105.165.172#0.0
06-05 09:00:04.067 E/ANDR-PERF-MPCTL(  592): Invalid profile no. 0, total profiles 0 only
06-05 09:00:04.072 I/chatty  (25055): uid=1000(system) Timer-0 expire 24 lines
06-05 09:00:04.320 E/ANDR-PERF-RESOURCEQS(  592): Failed to reset optimization [3, 0]
06-05 09:00:04.340 D/Kgd.KeyguardWallpaperContainer(19034): endMoving, mCurrentSrollDistance:0.0
06-05 09:00:04.425 E/ANDR-PERF-MPCTL(  592): Invalid profile no. 0, total profiles 0 only
06-05 09:00:04.476 V/ImsiChecker(26156): [API]onImsiChanged
06-05 09:00:04.476 D/ImsiChecker(26156): isImsiChanged [Beg]
06-05 09:00:04.487 D/ImsiChecker(26156): isImsiChanged-lastImsi:[000000000000000][]
06-05 09:00:04.487 D/ImsiChecker(26156): isImsiChanged-currImsi:[000000000000000][]
06-05 09:00:04.488 D/ImsiChecker(26156): isImsiChanged [End][false]
06-05 09:00:04.509 E/ANDR-PERF-RESOURCEQS(  592): Failed to reset optimization [3, 0]
06-05 09:00:04.512 E/ANDR-PERF-MPCTL(  592): Invalid profile no. 0, total profiles 0 only
06-05 09:00:04.564 D/EnvUtil (26156): CPU Count: 8
06-05 09:00:04.766 E/ANDR-PERF-RESOURCEQS(  592): Failed to reset optimization [3, 0]
06-05 09:00:04.775 D/Kgd.Face.KeyguardFaceUnlockMediator(19034): ++++++++ stopFaceCheck, mFaceChecking=false, stopBacklightControl=true
06-05 09:00:04.775 D/Kgd.KeyguardWallpaperContainer(19034): endMoving, mCurrentSrollDistance:1920.0
06-05 09:00:04.977 I/Kgd.KeyguardViewMediator(19034): ColorViewMediatorCallback:keyguardDone, authenticated = true ---- fingerprintMatch = false
