06-04 16:40:05.401 E/ActivityThread( 6687): android.app.ServiceConnectionLeaked: Activity com.nearme.instant.LauncherActivity$Launcher0 has leaked ServiceConnection com.oppo.ohome.api.ipc.IotIpcApi$2@87422c3 that was originally bound here
06-04 16:40:05.401 E/ActivityThread( 6687): 	at android.app.LoadedApk$ServiceDispatcher.<init>(LoadedApk.java:1449)
06-04 16:40:05.401 E/ActivityThread( 6687): 	at android.app.LoadedApk.getServiceDispatcher(LoadedApk.java:1344)
06-04 16:40:05.401 E/ActivityThread( 6687): 	at android.app.ContextImpl.bindServiceCommon(ContextImpl.java:1578)
06-04 16:40:05.401 E/ActivityThread( 6687): 	at android.app.ContextImpl.bindService(ContextImpl.java:1550)
06-04 16:40:05.401 E/ActivityThread( 6687): 	at android.content.ContextWrapper.bindService(ContextWrapper.java:647)
06-04 16:40:05.401 E/ActivityThread( 6687): 	at com.oppo.ohome.api.ipc.IotIpcApi.bindService(SourceFile:119)
06-04 16:40:05.401 E/ActivityThread( 6687): 	at com.oppo.ohome.api.ipc.IotIpcApi.bind(SourceFile:56)
06-04 16:40:05.401 E/ActivityThread( 6687): 	at com.nearme.instant.features.IOT.a(SourceFile:124)
06-04 16:40:05.401 E/ActivityThread( 6687): 	at com.nearme.instant.features.IOT.invokeInner(SourceFile:95)
06-04 16:40:05.401 E/ActivityThread( 6687): 	at com.nearme.instant.bridge.AbstractHybridFeature.invoke(SourceFile:66)
06-04 16:40:05.401 E/ActivityThread( 6687): 	at com.nearme.instant.bridge.k$a.run(SourceFile:318)
06-04 16:40:05.401 E/ActivityThread( 6687): 	at java.util.concurrent.ThreadPoolExecutor.runWorker(ThreadPoolExecutor.java:1133)
06-04 16:40:05.401 E/ActivityThread( 6687): 	at java.util.concurrent.ThreadPoolExecutor$Worker.run(ThreadPoolExecutor.java:607)
06-04 16:40:05.401 E/ActivityThread( 6687): 	at java.lang.Thread.run(Thread.java:761)
06-04 16:40:05.402 I/chatty  ( 1690): uid=1000(system) Binder:1690_13 expire 1 line
06-04 16:40:05.893 E/ActivityThread( 6915): Failed to find provider info for com.coloros.personalassistant
06-04 16:40:05.940 I/chatty  ( 1690): uid=1000(system) Binder:1690_C expire 5 lines
06-04 16:40:05.962 I/chatty  ( 1690): uid=1000(system) Binder:1690_20 expire 2 lines
06-04 16:40:05.980 I/chatty  ( 1690): uid=1000(system) Binder:1690_7 expire 2 lines
06-04 16:40:05.993 I/chatty  ( 1690): uid=1000(system) Binder:1690_E expire 4 lines
06-04 16:40:07.453 I/chatty  ( 1690): uid=1000 system_server expire 3 lines
06-04 16:40:07.482 I/chatty  ( 1690): uid=1000(system) Binder:1690_1 expire 1 line
06-04 16:40:07.483 I/chatty  ( 1690): uid=1000(system) Binder:1690_17 expire 2 lines
06-04 16:40:07.484 I/chatty  ( 1690): uid=1000(system) ConnectivitySer expire 4 lines
06-04 16:40:07.664 I/chatty  ( 1690): uid=1000(system) Binder:1690_16 expire 2 lines
06-04 16:40:08.807 I/chatty  ( 1690): uid=1000(system) Binder:1690_1B expire 1 line
06-04 16:40:08.966 I/chatty  ( 1690): uid=1000(system) Binder:1690_14 expire 2 lines
06-04 16:40:10.763 I/chatty  ( 1690): uid=1000(system) Binder:1690_1F expire 1 line
06-04 16:40:10.772 I/chatty  ( 1690): uid=1000(system) Binder:1690_B expire 6 lines
06-04 16:40:14.392 I/chatty  ( 1690): uid=1000 system_server expire 2 lines
06-04 16:40:14.400 I/chatty  ( 1690): uid=1000(system) Binder:1690_16 expire 5 lines
06-04 16:40:14.421 I/chatty  ( 1690): uid=1000(system) Binder:1690_20 expire 2 lines
06-04 16:40:14.692 I/chatty  ( 1690): uid=1000(system) android.display expire 13 lines
06-04 16:40:15.038 I/chatty  ( 1690): uid=1000(system) InputDispatcher expire 2 lines
06-04 16:40:15.046 I/chatty  ( 1690): uid=1000(system) Binder:1690_1E expire 8 lines
06-04 16:40:15.101 I/chatty  ( 1690): uid=1000(system) Binder:1690_14 expire 6 lines
06-04 16:40:15.369 I/chatty  ( 1690): uid=1000(system) ActivityManager expire 2 lines
06-04 16:40:24.935 I/chatty  ( 1690): uid=1000(system) PackageManager expire 1 line
06-04 16:40:27.561 I/chatty  ( 1690): uid=1000(system) Binder:1690_11 expire 3 lines
06-04 16:40:27.565 I/chatty  ( 1690): uid=1000(system) Binder:1690_8 expire 3 lines
06-04 16:40:28.567 E/ActivityThread(21213): Failed to find provider info for smartisanos_gallery
06-04 16:40:28.688 E/ActivityThread(21213): Failed to find provider info for com.smartisan.music.provider.TrackAddonsProvider
06-04 16:40:36.317 E/ActivityThread(21213): Failed to find provider info for smartisanos_gallery
06-04 16:40:36.422 E/ActivityThread(21213): Failed to find provider info for com.smartisan.music.provider.TrackAddonsProvider
06-04 16:40:37.699 I/chatty  ( 1690): uid=1000(system) Binder:1690_2 expire 6 lines
06-04 16:40:37.711 I/chatty  ( 1690): uid=1000(system) android.display expire 49 lines
06-04 16:40:37.742 I/chatty  ( 1690): uid=1000(system) BroadcastQueue expire 1 line
06-04 16:40:37.751 I/chatty  ( 1690): uid=1000(system) Binder:1690_13 expire 3 lines
06-04 16:40:37.930 I/chatty  ( 1690): uid=1000(system) Binder:1690_D expire 3 lines
06-04 16:40:38.178 I/chatty  ( 1690): uid=1000(system) Binder:1690_18 expire 2 lines
06-04 16:40:39.464 I/chatty  ( 1690): uid=1000(system) Binder:1690_6 expire 5 lines
06-04 16:40:39.490 I/chatty  ( 1690): uid=1000(system) Binder:1690_1B expire 4 lines
06-04 16:40:40.323 I/chatty  ( 1690): uid=1000(system) Binder:1690_4 expire 4 lines
06-04 16:40:40.410 W/ActivityThread( 8087): ClassLoader.loadClass: The class loader returned by Thread.getContextClassLoader() may fail for processes that host multiple applications. You should explicitly specify a context class loader. For example: Thread.setContextClassLoader(getClass().getClassLoader());
06-04 16:40:40.457 I/chatty  ( 1690): uid=1000(system) Binder:1690_19 expire 3 lines
06-04 16:40:40.495 I/chatty  ( 1690): uid=1000(system) Binder:1690_12 expire 5 lines
06-04 16:40:40.531 I/chatty  ( 1690): uid=1000(system) Binder:1690_1C expire 3 lines
06-04 16:40:40.708 I/chatty  ( 1690): uid=1000(system) Binder:1690_7 expire 4 lines
06-04 16:40:40.717 I/chatty  ( 1690): uid=1000(system) Binder:1690_F expire 2 lines
06-04 16:40:40.802 I/chatty  ( 1690): uid=1000(system) Binder:1690_10 expire 1 line
06-04 16:40:40.807 W/ActivityThread( 8178): ClassLoader.loadClass: The class loader returned by Thread.getContextClassLoader() may fail for processes that host multiple applications. You should explicitly specify a context class loader. For example: Thread.setContextClassLoader(getClass().getClassLoader());
06-04 16:40:40.832 I/chatty  ( 1690): uid=1000(system) Binder:1690_5 expire 3 lines
06-04 16:40:40.839 I/chatty  ( 1690): uid=1000(system) Binder:1690_A expire 2 lines
06-04 16:40:40.877 I/chatty  ( 1690): uid=1000(system) Binder:1690_1 expire 4 lines
06-04 16:40:40.888 I/chatty  ( 1690): uid=1000(system) Binder:1690_17 expire 2 lines
06-04 16:40:40.992 I/chatty  ( 1690): uid=1000(system) Binder:1690_1A expire 3 lines
06-04 16:40:41.286 I/chatty  ( 1690): uid=1000(system) Binder:1690_C expire 3 lines
06-04 16:40:41.308 I/chatty  ( 1690): uid=1000(system) Binder:1690_3 expire 2 lines
06-04 16:40:41.398 I/chatty  ( 1690): uid=1000(system) Binder:1690_E expire 3 lines
06-04 16:40:42.628 I/chatty  ( 1690): uid=1000(system) Binder:1690_1D expire 2 lines
06-04 16:40:42.873 I/chatty  ( 1690): uid=1000(system) Binder:1690_15 expire 1 line
06-04 16:40:43.263 I/chatty  ( 1690): uid=1000(system) Binder:1690_9 expire 4 lines
06-04 16:40:43.861 I/chatty  ( 1690): uid=1000(system) Binder:1690_3 expire 5 lines
06-04 16:40:43.863 I/chatty  ( 1690): uid=1000(system) Binder:1690_7 expire 3 lines
06-04 16:40:43.866 I/chatty  ( 1690): uid=1000(system) Binder:1690_12 expire 7 lines
06-04 16:40:43.878 I/chatty  ( 1690): uid=1000(system) Binder:1690_6 expire 3 lines
06-04 16:40:43.882 I/chatty  ( 1690): uid=1000(system) Binder:1690_13 expire 3 lines
06-04 16:40:44.168 I/chatty  ( 1690): uid=1000(system) Binder:1690_D expire 6 lines
06-04 16:40:44.170 I/chatty  ( 1690): uid=1000(system) Binder:1690_16 expire 3 lines
06-04 16:40:44.183 I/chatty  ( 1690): uid=1000(system) Binder:1690_1 expire 3 lines
06-04 16:40:44.197 I/chatty  ( 1690): uid=1000(system) Binder:1690_1D expire 2 lines
06-04 16:40:44.206 I/chatty  ( 1690): uid=1000(system) Binder:1690_20 expire 5 lines
06-04 16:40:44.213 I/chatty  ( 1690): uid=1000(system) Binder:1690_8 expire 2 lines
06-04 16:40:44.242 I/chatty  ( 1690): uid=1000(system) Binder:1690_1A expire 4 lines
06-04 16:40:44.253 I/chatty  ( 1690): uid=1000(system) Binder:1690_11 expire 3 lines
06-04 16:40:44.276 I/chatty  ( 1690): uid=1000(system) Binder:1690_2 expire 3 lines
06-04 16:40:44.284 I/chatty  ( 1690): uid=1000(system) Binder:1690_1E expire 2 lines
06-04 16:40:44.301 I/chatty  ( 1690): uid=1000(system) Binder:1690_19 expire 5 lines
06-04 16:40:44.312 I/chatty  ( 1690): uid=1000(system) Binder:1690_A expire 4 lines
06-04 16:40:44.357 I/chatty  ( 1690): uid=1000(system) Binder:1690_4 expire 3 lines
06-04 16:40:44.364 I/chatty  ( 1690): uid=1000(system) Binder:1690_5 expire 5 lines
06-04 16:40:44.367 I/chatty  ( 1690): uid=1000(system) Binder:1690_F expire 3 lines
06-04 16:40:44.798 I/chatty  ( 1690): uid=1000 system_server expire 4 lines
06-04 16:40:44.798 I/chatty  ( 1690): uid=1000(system) android.display expire 56 lines
06-04 16:40:47.831 I/chatty  ( 1690): uid=1000(system) Binder:1690_E expire 5 lines
06-04 16:40:56.734 I/chatty  ( 1690): uid=1000(system) InputDispatcher expire 2 lines
06-04 16:40:57.055 I/chatty  ( 1690): uid=1000(system) ActivityManager expire 3 lines
06-04 16:40:58.209 I/chatty  ( 1690): uid=1000(system) BroadcastQueue expire 1 line
06-04 16:40:58.216 I/chatty  ( 1690): uid=1000(system) Binder:1690_B expire 2 lines
06-04 16:40:58.270 I/chatty  ( 1690): uid=1000(system) Binder:1690_17 expire 3 lines
06-04 16:40:58.463 I/chatty  ( 1690): uid=1000(system) android.io expire 2 lines
06-04 16:40:58.641 I/chatty  ( 1690): uid=1000(system) Binder:1690_14 expire 1 line
06-04 16:40:58.926 I/chatty  ( 1690): uid=1000(system) Binder:1690_10 expire 2 lines
06-04 16:41:25.620 E/ActivityThread( 8412): Failed to find provider info for com.coloros.personalassistant
06-04 16:41:31.670 E/ActivityThread( 8412): Failed to find provider info for com.coloros.personalassistant
06-04 16:41:31.744 I/chatty  ( 1690): uid=1000(system) android.display expire 13 lines
06-04 16:41:32.538 E/ActivityThread( 8412): Failed to find provider info for com.coloros.personalassistant
06-04 16:41:37.717 I/chatty  ( 1690): uid=1000(system) Binder:1690_1C expire 5 lines
06-04 16:41:37.728 E/ActivityThread( 8412): Failed to find provider info for com.coloros.personalassistant
06-04 16:41:37.805 I/chatty  ( 1690): uid=1000(system) android.display expire 45 lines
06-04 16:41:37.818 I/chatty  ( 1690): uid=1000(system) Binder:1690_1E expire 2 lines
06-04 16:41:38.573 E/ActivityThread( 8412): Failed to find provider info for com.coloros.personalassistant
06-04 16:41:41.530 I/chatty  ( 1690): uid=1000(system) Binder:1690_11 expire 7 lines
06-04 16:41:41.541 I/chatty  ( 1690): uid=1000(system) Binder:1690_1D expire 1 line
06-04 16:41:41.542 I/chatty  ( 1690): uid=1000(system) Binder:1690_13 expire 3 lines
06-04 16:41:41.552 I/chatty  ( 1690): uid=1000(system) Binder:1690_2 expire 1 line
06-04 16:41:41.557 I/chatty  ( 1690): uid=1000(system) Binder:1690_E expire 3 lines
06-04 16:41:41.563 I/chatty  ( 1690): uid=1000(system) Binder:1690_1B expire 5 lines
06-04 16:41:41.567 I/chatty  ( 1690): uid=1000(system) Binder:1690_16 expire 4 lines
06-04 16:41:41.572 I/chatty  ( 1690): uid=1000 system_server expire 1 line
06-04 16:41:42.036 E/ActivityThread( 8412): Failed to find provider info for com.coloros.personalassistant
06-04 16:41:42.040 I/chatty  ( 1690): uid=1000(system) Binder:1690_8 expire 6 lines
06-04 16:41:42.100 I/chatty  ( 1690): uid=1000(system) Binder:1690_5 expire 2 lines
06-04 16:41:42.140 I/chatty  ( 1690): uid=1000(system) Binder:1690_F expire 2 lines
06-04 16:41:42.194 I/chatty  ( 1690): uid=1000(system) Binder:1690_4 expire 1 line
06-04 16:41:42.444 I/chatty  ( 1690): uid=1000(system) Binder:1690_1A expire 1 line
06-04 16:41:42.450 I/chatty  ( 1690): uid=1000(system) Binder:1690_12 expire 2 lines
06-04 16:41:42.535 I/chatty  ( 1690): uid=1000(system) ActivityManager expire 6 lines
06-04 16:41:45.931 I/chatty  ( 1690): uid=1000(system) Binder:1690_B expire 2 lines
06-04 16:41:45.941 I/chatty  ( 1690): uid=1000(system) Binder:1690_15 expire 2 lines
06-04 16:41:45.944 I/chatty  ( 1690): uid=1000(system) Binder:1690_19 expire 4 lines
06-04 16:41:45.982 I/chatty  ( 1690): uid=1000(system) Binder:1690_7 expire 2 lines
06-04 16:41:46.294 I/chatty  ( 1690): uid=1000(system) Binder:1690_C expire 4 lines
06-04 16:41:46.421 I/chatty  ( 1690): uid=1000(system) Binder:1690_D expire 3 lines
06-04 16:41:46.534 I/chatty  ( 1690): uid=1000(system) Binder:1690_3 expire 4 lines
06-04 16:42:03.183 I/chatty  ( 1690): uid=1000(system) Binder:1690_6 expire 6 lines
06-04 16:42:03.257 I/chatty  ( 1690): uid=1000(system) Binder:1690_17 expire 6 lines
06-04 16:42:04.275 I/chatty  ( 1690): uid=1000(system) Binder:1690_14 expire 2 lines
06-04 16:42:04.742 E/ActivityThread( 8178): Activity com.nearme.instant.LauncherActivity$Launcher0 has leaked ServiceConnection com.oppo.ohome.api.ipc.IotIpcApi$2@5767a78 that was originally bound here
06-04 16:42:04.742 E/ActivityThread( 8178): android.app.ServiceConnectionLeaked: Activity com.nearme.instant.LauncherActivity$Launcher0 has leaked ServiceConnection com.oppo.ohome.api.ipc.IotIpcApi$2@5767a78 that was originally bound here
06-04 16:42:04.742 E/ActivityThread( 8178): 	at android.app.LoadedApk$ServiceDispatcher.<init>(LoadedApk.java:1449)
06-04 16:42:04.742 E/ActivityThread( 8178): 	at android.app.LoadedApk.getServiceDispatcher(LoadedApk.java:1344)
06-04 16:42:04.742 E/ActivityThread( 8178): 	at android.app.ContextImpl.bindServiceCommon(ContextImpl.java:1578)
06-04 16:42:04.742 E/ActivityThread( 8178): 	at android.app.ContextImpl.bindService(ContextImpl.java:1550)
06-04 16:42:04.742 E/ActivityThread( 8178): 	at android.content.ContextWrapper.bindService(ContextWrapper.java:647)
06-04 16:42:04.742 E/ActivityThread( 8178): 	at com.oppo.ohome.api.ipc.IotIpcApi.bindService(SourceFile:119)
06-04 16:42:04.742 E/ActivityThread( 8178): 	at com.oppo.ohome.api.ipc.IotIpcApi.bind(SourceFile:56)
06-04 16:42:04.742 E/ActivityThread( 8178): 	at com.nearme.instant.features.IOT.a(SourceFile:124)
06-04 16:42:04.742 E/ActivityThread( 8178): 	at com.nearme.instant.features.IOT.invokeInner(SourceFile:95)
06-04 16:42:04.742 E/ActivityThread( 8178): 	at com.nearme.instant.bridge.AbstractHybridFeature.invoke(SourceFile:66)
06-04 16:42:04.742 E/ActivityThread( 8178): 	at com.nearme.instant.bridge.k$a.run(SourceFile:318)
06-04 16:42:04.742 E/ActivityThread( 8178): 	at java.util.concurrent.ThreadPoolExecutor.runWorker(ThreadPoolExecutor.java:1133)
06-04 16:42:04.742 E/ActivityThread( 8178): 	at java.util.concurrent.ThreadPoolExecutor$Worker.run(ThreadPoolExecutor.java:607)
06-04 16:42:04.742 E/ActivityThread( 8178): 	at java.lang.Thread.run(Thread.java:761)
06-04 16:42:04.743 I/chatty  ( 1690): uid=1000(system) Binder:1690_10 expire 3 lines
06-04 16:42:06.075 I/chatty  ( 1690): uid=1000(system) android.display expire 33 lines
06-04 16:42:06.082 E/ActivityThread( 8412): Failed to find provider info for com.coloros.personalassistant
06-04 16:42:06.184 I/chatty  ( 1690): uid=1000(system) Binder:1690_1 expire 2 lines
06-04 16:42:07.166 I/chatty  ( 1690): uid=1000(system) Binder:1690_18 expire 1 line
06-04 16:42:08.088 I/chatty  ( 1690): uid=1000(system) Binder:1690_9 expire 1 line
06-04 16:42:11.514 I/chatty  ( 1690): uid=1000(system) InputDispatcher expire 4 lines
06-04 16:42:14.298 I/chatty  ( 1690): uid=1000(system) Binder:1690_B expire 6 lines
06-04 16:42:14.321 I/chatty  ( 1690): uid=1000(system) android.display expire 27 lines
06-04 16:42:14.341 I/chatty  ( 1690): uid=1000(system) Binder:1690_3 expire 2 lines
06-04 16:42:14.612 I/chatty  ( 1690): uid=1000(system) ActivityManager expire 4 lines
06-04 16:42:14.993 I/chatty  ( 1690): uid=1000(system) Binder:1690_2 expire 5 lines
06-04 16:42:15.006 I/chatty  ( 1690): uid=1000(system) Binder:1690_13 expire 12 lines
06-04 16:42:15.056 I/chatty  ( 1690): uid=1000(system) Binder:1690_7 expire 3 lines
06-04 16:42:15.060 I/chatty  ( 1690): uid=1000(system) Binder:1690_4 expire 6 lines
06-04 16:42:15.077 I/chatty  ( 1690): uid=1000(system) Binder:1690_A expire 2 lines
06-04 16:42:18.400 I/chatty  ( 1690): uid=1000(system) android.bg expire 1 line
06-04 16:42:19.327 I/chatty  ( 1690): uid=1000(system) Binder:1690_C expire 6 lines
06-04 16:42:19.357 I/chatty  ( 1690): uid=1000(system) Binder:1690_1 expire 3 lines
06-04 16:42:19.380 I/chatty  ( 1690): uid=1000(system) Binder:1690_18 expire 3 lines
06-04 16:42:20.336 E/ActivityThread( 8412): Failed to find provider info for com.coloros.personalassistant
06-04 16:42:22.203 I/chatty  ( 1690): uid=1000(system) Binder:1690_1B expire 3 lines
06-04 16:42:22.228 I/chatty  ( 1690): uid=1000(system) Binder:1690_9 expire 3 lines
06-04 16:42:24.370 I/chatty  ( 1690): uid=1000(system) Binder:1690_5 expire 5 lines
06-04 16:42:24.381 E/ActivityThread( 8412): Failed to find provider info for com.coloros.personalassistant
06-04 16:42:24.419 I/chatty  ( 1690): uid=1000(system) Binder:1690_10 expire 3 lines
06-04 16:42:24.427 I/chatty  ( 1690): uid=1000(system) Binder:1690_20 expire 6 lines
06-04 16:42:24.446 I/chatty  ( 1690): uid=1000(system) Binder:1690_17 expire 3 lines
06-04 16:42:24.466 I/chatty  ( 1690): uid=1000(system) android.display expire 30 lines
06-04 16:42:25.594 I/chatty  ( 1690): uid=1000(system) Binder:1690_1F expire 3 lines
06-04 16:42:26.277 I/chatty  ( 1690): uid=1000(system) Binder:1690_1C expire 2 lines
06-04 16:42:26.291 I/chatty  ( 1690): uid=1000(system) Binder:1690_14 expire 2 lines
06-04 16:42:26.300 I/chatty  ( 1690): uid=1000(system) Binder:1690_D expire 2 lines
06-04 16:42:26.368 I/chatty  ( 1690): uid=1000(system) Binder:1690_1A expire 3 lines
06-04 16:42:26.380 E/ActivityThread( 8412): Failed to find provider info for com.coloros.personalassistant
06-04 16:42:26.385 E/ActivityThread( 8412): Failed to find provider info for com.coloros.personalassistant
06-04 16:42:26.479 I/chatty  ( 1690): uid=1000(system) Binder:1690_16 expire 4 lines
06-04 16:42:26.558 I/chatty  ( 1690): uid=1000(system) Binder:1690_11 expire 2 lines
06-04 16:42:26.622 I/chatty  ( 1690): uid=1000(system) Binder:1690_F expire 2 lines
06-04 16:42:28.509 I/chatty  ( 1690): uid=1000(system) Binder:1690_E expire 3 lines
06-04 16:42:28.548 I/chatty  ( 1690): uid=1000(system) Binder:1690_12 expire 2 lines
06-04 16:42:28.559 I/chatty  ( 1690): uid=1000(system) Binder:1690_15 expire 2 lines
06-04 16:42:28.625 I/chatty  ( 1690): uid=1000(system) Binder:1690_1D expire 2 lines
06-04 16:42:28.656 I/chatty  ( 1690): uid=1000(system) Binder:1690_19 expire 1 line
06-04 16:42:28.692 I/chatty  ( 1690): uid=1000(system) Binder:1690_8 expire 1 line
06-04 16:42:29.088 I/chatty  ( 1690): uid=1000(system) PackageManager expire 1 line
06-04 16:42:29.256 I/chatty  ( 1690): uid=1000(system) WifiService expire 1 line
06-04 16:42:29.285 I/chatty  ( 1690): uid=1000(system) ConnectivitySer expire 5 lines
06-04 16:42:29.473 I/chatty  ( 1690): uid=1000(system) Binder:1690_6 expire 1 line
06-04 16:42:29.510 I/chatty  ( 1690): uid=1000(system) WifiStateMachin expire 2 lines
06-04 16:42:29.613 I/chatty  ( 1690): uid=1000(system) ConnectivitySer expire 17 lines
06-04 16:42:29.764 I/chatty  ( 1690): uid=1000(system) BroadcastQueue expire 5 lines
06-04 16:42:29.779 I/chatty  ( 1690): uid=1000 system_server expire 3 lines
06-04 16:42:29.788 I/chatty  ( 1690): uid=1000(system) Binder:1690_2 expire 3 lines
06-04 16:42:29.795 I/chatty  ( 1690): uid=1000(system) Binder:1690_1D expire 7 lines
06-04 16:42:29.839 I/chatty  ( 1690): uid=1000(system) android.bg expire 5 lines
06-04 16:42:29.846 I/chatty  ( 1690): uid=1000(system) Binder:1690_19 expire 4 lines
06-04 16:42:29.850 I/chatty  ( 1690): uid=1000(system) Binder:1690_17 expire 3 lines
06-04 16:42:29.856 I/chatty  ( 1690): uid=1000(system) pool-3-thread-1 expire 6 lines
06-04 16:42:29.859 I/chatty  ( 1690): uid=1000(system) Binder:1690_1F expire 4 lines
06-04 16:42:29.860 I/chatty  ( 1690): uid=1000(system) Binder:1690_9 expire 5 lines
06-04 16:42:29.880 I/chatty  ( 1690): uid=1000(system) Binder:1690_8 expire 3 lines
06-04 16:42:31.446 I/chatty  ( 1690): uid=1000(system) WifiService expire 1 line
06-04 16:42:31.769 I/chatty  ( 1690): uid=1000(system) Binder:1690_1B expire 6 lines
06-04 16:42:31.886 I/chatty  ( 1690): uid=1000(system) Binder:1690_18 expire 4 lines
06-04 16:42:32.291 I/chatty  ( 1690): uid=1000(system) Binder:1690_A expire 3 lines
06-04 16:42:32.441 I/chatty  ( 1690): uid=1000(system) Binder:1690_10 expire 3 lines
06-04 16:42:34.826 I/chatty  ( 1690): uid=1000(system) Binder:1690_14 expire 3 lines
06-04 16:42:34.847 I/chatty  ( 1690): uid=1000(system) Binder:1690_1C expire 1 line
06-04 16:42:36.337 I/chatty  ( 1690): uid=1000(system) Binder:1690_B expire 5 lines
06-04 16:42:36.571 I/chatty  ( 1690): uid=1000(system) Binder:1690_C expire 6 lines
06-04 16:42:36.984 I/chatty  ( 1690): uid=1000(system) Binder:1690_11 expire 3 lines
06-04 16:42:37.012 I/chatty  ( 1690): uid=1000(system) Binder:1690_16 expire 2 lines
06-04 16:42:37.021 I/chatty  ( 1690): uid=1000(system) Binder:1690_13 expire 2 lines
06-04 16:42:37.043 I/chatty  ( 1690): uid=1000(system) Binder:1690_4 expire 1 line
06-04 16:42:37.150 I/chatty  ( 1690): uid=1000(system) Binder:1690_6 expire 2 lines
06-04 16:42:37.163 I/chatty  ( 1690): uid=1000(system) Binder:1690_5 expire 2 lines
06-04 16:42:40.558 I/chatty  ( 1690): uid=1000(system) PackageManager expire 1 line
06-04 16:42:47.666 I/chatty  ( 1690): uid=1000(system) Binder:1690_F expire 2 lines
06-04 16:42:57.955 I/chatty  ( 1690): uid=1000(system) Binder:1690_1 expire 9 lines
06-04 16:42:57.963 I/chatty  ( 1690): uid=1000(system) android.display expire 29 lines
06-04 16:42:57.990 I/chatty  ( 1690): uid=1000(system) Binder:1690_D expire 5 lines
06-04 16:42:58.015 I/chatty  ( 1690): uid=1000(system) Binder:1690_15 expire 2 lines
06-04 16:42:58.065 I/chatty  ( 1690): uid=1000(system) Binder:1690_12 expire 2 lines
06-04 16:42:58.113 I/chatty  ( 1690): uid=1000(system) Binder:1690_3 expire 1 line
06-04 16:42:58.158 I/chatty  ( 1690): uid=1000(system) Binder:1690_7 expire 3 lines
06-04 16:42:58.264 I/chatty  ( 1690): uid=1000(system) Binder:1690_20 expire 4 lines
06-04 16:42:59.671 E/ActivityThread( 8412): Failed to find provider info for com.coloros.personalassistant
06-04 16:42:59.840 I/chatty  ( 1690): uid=1000(system) Binder:1690_E expire 2 lines
06-04 16:43:00.085 I/chatty  ( 1690): uid=1000(system) ActivityManager expire 1 line
06-04 16:43:00.110 I/chatty  ( 1690): uid=1000(system) Binder:1690_1A expire 6 lines
06-04 16:43:01.654 I/chatty  ( 1690): uid=1000(system) Binder:1690_12 expire 6 lines
06-04 16:43:01.656 I/chatty  ( 1690): uid=1000(system) android.display expire 17 lines
06-04 16:43:01.665 I/chatty  ( 1690): uid=1000(system) Binder:1690_1C expire 6 lines
06-04 16:43:01.677 I/chatty  ( 1690): uid=1000(system) Binder:1690_A expire 6 lines
06-04 16:43:01.688 I/chatty  ( 1690): uid=1000(system) Binder:1690_8 expire 6 lines
06-04 16:43:01.692 I/chatty  ( 1690): uid=1000(system) Binder:1690_4 expire 5 lines
06-04 16:43:01.707 I/chatty  ( 1690): uid=1000(system) Binder:1690_9 expire 5 lines
06-04 16:43:01.712 I/chatty  ( 1690): uid=1000(system) Binder:1690_16 expire 8 lines
06-04 16:43:01.720 I/chatty  ( 1690): uid=1000(system) Binder:1690_14 expire 3 lines
06-04 16:43:01.722 I/chatty  ( 1690): uid=1000(system) Binder:1690_2 expire 5 lines
06-04 16:43:01.730 I/chatty  ( 1690): uid=1000(system) Binder:1690_6 expire 4 lines
06-04 16:43:01.733 I/chatty  ( 1690): uid=1000(system) Binder:1690_1D expire 5 lines
06-04 16:43:01.740 I/chatty  ( 1690): uid=1000(system) Binder:1690_F expire 3 lines
06-04 16:43:01.748 I/chatty  ( 1690): uid=1000(system) Binder:1690_C expire 4 lines
06-04 16:43:01.755 I/chatty  ( 1690): uid=1000(system) Binder:1690_1F expire 7 lines
06-04 16:43:01.780 I/chatty  ( 1690): uid=1000(system) Binder:1690_17 expire 4 lines
06-04 16:43:02.151 I/chatty  ( 1690): uid=1000(system) Binder:1690_1E expire 4 lines
06-04 16:43:02.333 I/chatty  ( 1690): uid=1000(system) Binder:1690_3 expire 8 lines
06-04 16:43:02.357 I/chatty  ( 1690): uid=1000(system) Binder:1690_10 expire 5 lines
06-04 16:43:02.481 I/chatty  ( 1690): uid=1000(system) Binder:1690_18 expire 5 lines
06-04 16:43:02.489 I/chatty  ( 1690): uid=1000(system) Binder:1690_D expire 3 lines
06-04 16:43:02.890 I/chatty  ( 1690): uid=1000(system) Binder:1690_15 expire 6 lines
06-04 16:43:03.139 I/chatty  ( 1690): uid=1000(system) Binder:1690_E expire 5 lines
06-04 16:43:03.144 I/chatty  ( 1690): uid=1000(system) Binder:1690_5 expire 7 lines
06-04 16:43:03.785 I/chatty  ( 1690): uid=1000 system_server expire 2 lines
06-04 16:43:22.164 I/chatty  ( 1690): uid=1000(system) Binder:1690_19 expire 4 lines
06-04 16:43:24.984 I/chatty  ( 1690): uid=1000(system) Binder:1690_20 expire 6 lines
06-04 16:43:25.511 I/chatty  ( 1690): uid=1000(system) Binder:1690_1 expire 3 lines
06-04 16:43:26.266 I/chatty  ( 1690): uid=1000(system) Binder:1690_13 expire 3 lines
06-04 16:43:26.500 I/chatty  ( 1690): uid=1000(system) Binder:1690_B expire 5 lines
06-04 16:43:27.428 I/chatty  ( 1690): uid=1000(system) Binder:1690_7 expire 4 lines
06-04 16:43:27.946 I/chatty  ( 1690): uid=1000(system) Binder:1690_11 expire 4 lines
06-04 16:43:40.426 I/chatty  ( 1690): uid=1000(system) Binder:1690_1B expire 6 lines
06-04 16:43:44.423 I/chatty  ( 1690): uid=1000(system) Binder:1690_C expire 8 lines
06-04 16:43:44.436 I/chatty  ( 1690): uid=1000(system) Binder:1690_D expire 6 lines
06-04 16:43:44.692 I/chatty  ( 1690): uid=1000(system) Binder:1690_1D expire 7 lines
06-04 16:43:44.703 I/chatty  ( 1690): uid=1000(system) Binder:1690_5 expire 4 lines
06-04 16:43:44.722 I/chatty  ( 1690): uid=1000(system) Binder:1690_1F expire 6 lines
06-04 16:43:44.734 I/chatty  ( 1690): uid=1000(system) Binder:1690_E expire 6 lines
06-04 16:43:44.747 I/chatty  ( 1690): uid=1000(system) Binder:1690_9 expire 6 lines
06-04 16:43:44.761 I/chatty  ( 1690): uid=1000(system) Binder:1690_F expire 6 lines
06-04 16:43:48.525 I/chatty  ( 1690): uid=1000(system) Binder:1690_6 expire 6 lines
06-04 16:43:48.718 I/chatty  ( 1690): uid=1000(system) Binder:1690_2 expire 6 lines
06-04 16:43:49.071 I/chatty  ( 1690): uid=1000(system) Binder:1690_B expire 6 lines
06-04 16:43:49.102 I/chatty  ( 1690): uid=1000(system) Binder:1690_19 expire 6 lines
06-04 16:43:49.120 I/chatty  ( 1690): uid=1000(system) Binder:1690_8 expire 2 lines
06-04 16:43:49.325 I/chatty  ( 1690): uid=1000(system) Binder:1690_1 expire 7 lines
06-04 16:43:49.376 I/chatty  ( 1690): uid=1000(system) Binder:1690_4 expire 3 lines
06-04 16:43:52.509 I/chatty  ( 1690): uid=1000(system) Binder:1690_A expire 4 lines
06-04 16:43:53.056 I/chatty  ( 1690): uid=1000(system) Binder:1690_1E expire 6 lines
06-04 16:43:53.084 I/chatty  ( 1690): uid=1000(system) Binder:1690_7 expire 3 lines
06-04 16:43:53.508 I/chatty  ( 1690): uid=1000(system) Binder:1690_16 expire 5 lines
06-04 16:43:53.835 I/chatty  ( 1690): uid=1000(system) Binder:1690_10 expire 5 lines
06-04 16:43:54.829 I/chatty  ( 1690): uid=1000(system) Binder:1690_17 expire 6 lines
06-04 16:43:55.060 I/chatty  ( 1690): uid=1000(system) Binder:1690_12 expire 2 lines
06-04 16:43:55.102 I/chatty  ( 1690): uid=1000(system) Binder:1690_13 expire 3 lines
06-04 16:43:56.580 I/chatty  ( 1690): uid=1000(system) Binder:1690_1C expire 7 lines
06-04 16:43:56.598 I/chatty  ( 1690): uid=1000(system) Binder:1690_1A expire 8 lines
06-04 16:43:57.921 I/chatty  ( 1690): uid=1000(system) Binder:1690_11 expire 4 lines
06-04 16:43:58.124 I/chatty  ( 1690): uid=1000(system) Binder:1690_15 expire 4 lines
06-04 16:44:07.513 I/chatty  ( 1690): uid=1000(system) android.display expire 7 lines
06-04 16:44:09.441 I/chatty  ( 1690): uid=1000(system) Binder:1690_3 expire 4 lines
06-04 16:44:09.455 I/chatty  ( 1690): uid=1000(system) Binder:1690_20 expire 4 lines
06-04 16:44:09.467 I/chatty  ( 1690): uid=1000 system_server expire 1 line
06-04 16:44:11.217 I/chatty  ( 1690): uid=1000(system) Binder:1690_14 expire 5 lines
06-04 16:44:28.782 I/chatty  ( 1690): uid=1000(system) Binder:1690_18 expire 2 lines
06-04 16:44:28.828 I/chatty  ( 1690): uid=1000(system) pool-3-thread-1 expire 1 line
06-04 16:44:36.429 I/chatty  ( 1690): uid=1000(system) Binder:1690_E expire 3 lines
06-04 16:44:36.458 I/chatty  ( 1690): uid=1000(system) Binder:1690_11 expire 9 lines
06-04 16:44:36.750 I/chatty  ( 1690): uid=1000(system) Binder:1690_1 expire 3 lines
06-04 16:44:36.754 I/chatty  ( 1690): uid=1000(system) Binder:1690_20 expire 4 lines
06-04 16:44:36.764 I/chatty  ( 1690): uid=1000(system) Binder:1690_1C expire 4 lines
06-04 16:44:36.780 I/chatty  ( 1690): uid=1000(system) Binder:1690_3 expire 3 lines
06-04 16:44:36.985 I/chatty  ( 1690): uid=1000(system) Binder:1690_9 expire 2 lines
06-04 16:44:37.019 I/chatty  ( 1690): uid=1000(system) Binder:1690_F expire 3 lines
06-04 16:44:37.024 I/chatty  ( 1690): uid=1000(system) Binder:1690_D expire 1 line
06-04 16:44:37.033 I/chatty  ( 1690): uid=1000(system) Binder:1690_8 expire 3 lines
06-04 16:44:39.293 I/chatty  ( 1690): uid=1000(system) Binder:1690_B expire 7 lines
06-04 16:44:39.315 I/chatty  ( 1690): uid=1000(system) Binder:1690_1F expire 1 line
06-04 16:44:39.439 I/chatty  ( 1690): uid=1000(system) Binder:1690_19 expire 4 lines
06-04 16:44:39.460 I/chatty  ( 1690): uid=1000(system) Binder:1690_C expire 2 lines
06-04 16:44:39.730 I/chatty  ( 1690): uid=1000(system) Binder:1690_17 expire 3 lines
06-04 16:44:39.747 I/chatty  ( 1690): uid=1000(system) Binder:1690_16 expire 4 lines
06-04 16:44:39.752 I/chatty  ( 1690): uid=1000(system) Binder:1690_1A expire 3 lines
06-04 16:44:39.769 I/chatty  ( 1690): uid=1000(system) Binder:1690_4 expire 5 lines
06-04 16:44:39.775 I/chatty  ( 1690): uid=1000(system) Binder:1690_15 expire 6 lines
06-04 16:44:40.020 I/chatty  ( 1690): uid=1000(system) Binder:1690_12 expire 3 lines
06-04 16:44:42.466 I/chatty  ( 1690): uid=1000(system) Binder:1690_1B expire 4 lines
06-04 16:44:42.496 I/chatty  ( 1690): uid=1000(system) Binder:1690_2 expire 2 lines
06-04 16:44:42.771 I/chatty  ( 1690): uid=1000(system) Binder:1690_1D expire 4 lines
06-04 16:44:42.812 I/chatty  ( 1690): uid=1000(system) Binder:1690_18 expire 6 lines
06-04 16:44:42.825 I/chatty  ( 1690): uid=1000(system) Binder:1690_A expire 4 lines
06-04 16:44:43.032 I/chatty  ( 1690): uid=1000(system) Binder:1690_13 expire 5 lines
06-04 16:44:43.065 I/chatty  ( 1690): uid=1000(system) Binder:1690_7 expire 1 line
06-04 16:44:45.020 I/chatty  ( 1690): uid=1000(system) Binder:1690_1E expire 2 lines
06-04 16:44:45.051 I/chatty  ( 1690): uid=1000(system) Binder:1690_14 expire 6 lines
06-04 16:44:45.058 I/chatty  ( 1690): uid=1000(system) Binder:1690_6 expire 4 lines
06-04 16:44:45.588 I/chatty  ( 1690): uid=1000(system) Binder:1690_10 expire 2 lines
06-04 16:44:46.589 I/chatty  ( 1690): uid=1000(system) Binder:1690_5 expire 4 lines
06-04 16:46:37.752 I/chatty  ( 1690): uid=1000 system_server expire 5 lines
06-04 16:50:15.544 I/chatty  ( 1690): uid=1000(system) BroadcastQueue expire 2 lines
06-04 16:56:36.797 I/chatty  ( 1690): uid=1000(system) android.display expire 28 lines
06-04 16:56:37.153 I/chatty  ( 1690): uid=1000(system) ActivityManager expire 14 lines
06-04 16:56:37.252 E/ActivityThread( 8178): Activity com.nearme.instant.LauncherActivity$Launcher0 has leaked ServiceConnection com.oppo.ohome.api.ipc.IotIpcApi$2@5fcda9a that was originally bound here
06-04 16:56:37.252 E/ActivityThread( 8178): android.app.ServiceConnectionLeaked: Activity com.nearme.instant.LauncherActivity$Launcher0 has leaked ServiceConnection com.oppo.ohome.api.ipc.IotIpcApi$2@5fcda9a that was originally bound here
06-04 16:56:37.252 E/ActivityThread( 8178): 	at android.app.LoadedApk$ServiceDispatcher.<init>(LoadedApk.java:1449)
06-04 16:56:37.252 E/ActivityThread( 8178): 	at android.app.LoadedApk.getServiceDispatcher(LoadedApk.java:1344)
06-04 16:56:37.252 E/ActivityThread( 8178): 	at android.app.ContextImpl.bindServiceCommon(ContextImpl.java:1578)
06-04 16:56:37.252 E/ActivityThread( 8178): 	at android.app.ContextImpl.bindService(ContextImpl.java:1550)
06-04 16:56:37.252 E/ActivityThread( 8178): 	at android.content.ContextWrapper.bindService(ContextWrapper.java:647)
06-04 16:56:37.252 E/ActivityThread( 8178): 	at com.oppo.ohome.api.ipc.IotIpcApi.bindService(SourceFile:119)
06-04 16:56:37.252 E/ActivityThread( 8178): 	at com.oppo.ohome.api.ipc.IotIpcApi.request(SourceFile:99)
06-04 16:56:37.252 E/ActivityThread( 8178): 	at com.nearme.instant.features.IOT.a(SourceFile:139)
06-04 16:56:37.252 E/ActivityThread( 8178): 	at com.nearme.instant.features.IOT.invokeInner(SourceFile:95)
06-04 16:56:37.252 E/ActivityThread( 8178): 	at com.nearme.instant.bridge.AbstractHybridFeature.invoke(SourceFile:66)
06-04 16:56:37.252 E/ActivityThread( 8178): 	at com.nearme.instant.bridge.k$a.run(SourceFile:318)
06-04 16:56:37.252 E/ActivityThread( 8178): 	at java.util.concurrent.ThreadPoolExecutor.runWorker(ThreadPoolExecutor.java:1133)
06-04 16:56:37.252 E/ActivityThread( 8178): 	at java.util.concurrent.ThreadPoolExecutor$Worker.run(ThreadPoolExecutor.java:607)
06-04 16:56:37.252 E/ActivityThread( 8178): 	at java.lang.Thread.run(Thread.java:761)
06-04 16:56:38.171 E/ActivityThread( 8412): Failed to find provider info for com.coloros.personalassistant
06-04 16:56:39.831 I/chatty  ( 1690): uid=1000(system) ConnectivitySer expire 4 lines
06-04 16:56:39.952 I/chatty  ( 1690): uid=1000(system) Binder:1690_17 expire 4 lines
06-04 16:56:39.954 I/chatty  ( 1690): uid=1000(system) Binder:1690_C expire 4 lines
06-04 16:56:39.955 I/chatty  ( 1690): uid=1000(system) Binder:1690_3 expire 2 lines
06-04 16:56:39.958 I/chatty  ( 1690): uid=1000(system) Binder:1690_6 expire 3 lines
06-04 16:56:39.960 I/chatty  ( 1690): uid=1000(system) Binder:1690_20 expire 9 lines
06-04 16:56:39.965 I/chatty  ( 1690): uid=1000(system) Binder:1690_9 expire 2 lines
06-04 16:56:39.967 I/chatty  ( 1690): uid=1000(system) android.display expire 69 lines
06-04 16:56:40.073 I/chatty  ( 1690): uid=1000(system) ActivityManager expire 2 lines
06-04 16:56:40.077 I/chatty  ( 1690): uid=1000 system_server expire 2 lines
06-04 16:56:42.243 I/chatty  ( 1690): uid=1000(system) Binder:1690_1B expire 1 line
06-04 16:56:42.311 I/chatty  ( 1690): uid=1000(system) Binder:1690_1 expire 3 lines
06-04 16:56:42.337 I/chatty  ( 1690): uid=1000(system) Binder:1690_1E expire 6 lines
06-04 16:56:42.393 I/chatty  ( 1690): uid=1000(system) Binder:1690_5 expire 2 lines
06-04 16:56:43.102 I/chatty  ( 1690): uid=1000(system) Binder:1690_8 expire 3 lines
06-04 16:56:43.115 I/chatty  ( 1690): uid=1000(system) Binder:1690_1C expire 2 lines
06-04 16:56:43.210 I/chatty  ( 1690): uid=1000(system) Binder:1690_1D expire 4 lines
06-04 16:56:43.210 I/chatty  ( 1690): uid=1000(system) Binder:1690_11 expire 5 lines
06-04 16:56:44.288 I/chatty  ( 1690): uid=1000(system) Binder:1690_10 expire 2 lines
06-04 16:56:44.289 I/chatty  ( 1690): uid=1000(system) Binder:1690_B expire 2 lines
06-04 16:56:44.772 I/chatty  ( 1690): uid=1000(system) InputDispatcher expire 2 lines
06-04 16:56:44.813 I/chatty  ( 1690): uid=1000(system) Binder:1690_18 expire 2 lines
06-04 16:56:45.087 I/chatty  ( 1690): uid=1000(system) Binder:1690_1A expire 2 lines
06-04 16:56:46.367 I/chatty  ( 1690): uid=1000(system) Binder:1690_E expire 4 lines
06-04 16:56:46.412 I/chatty  ( 1690): uid=1000(system) Binder:1690_15 expire 3 lines
06-04 16:56:46.414 I/chatty  ( 1690): uid=1000(system) BroadcastQueue expire 1 line
06-04 16:56:46.572 I/chatty  ( 1690): uid=1000(system) Binder:1690_12 expire 1 line
06-04 16:56:47.392 I/chatty  ( 1690): uid=1000(system) Binder:1690_D expire 2 lines
06-04 16:56:47.398 I/chatty  ( 1690): uid=1000(system) Binder:1690_14 expire 4 lines
06-04 16:56:48.170 I/chatty  ( 1690): uid=1000(system) Binder:1690_1F expire 4 lines
06-04 16:56:48.703 I/chatty  ( 1690): uid=1000(system) Binder:1690_2 expire 1 line
06-04 16:56:48.725 I/chatty  ( 1690): uid=1000(system) Binder:1690_A expire 2 lines
06-04 16:56:48.732 W/ActivityThread( 9608): ClassLoader.loadClass: The class loader returned by Thread.getContextClassLoader() may fail for processes that host multiple applications. You should explicitly specify a context class loader. For example: Thread.setContextClassLoader(getClass().getClassLoader());
06-04 16:56:48.768 I/chatty  ( 1690): uid=1000(system) Binder:1690_16 expire 4 lines
06-04 16:56:48.794 I/chatty  ( 1690): uid=1000(system) Binder:1690_7 expire 3 lines
06-04 16:56:48.812 I/chatty  ( 1690): uid=1000(system) Binder:1690_F expire 4 lines
06-04 16:56:49.042 W/ActivityThread( 9690): ClassLoader.loadClass: The class loader returned by Thread.getContextClassLoader() may fail for processes that host multiple applications. You should explicitly specify a context class loader. For example: Thread.setContextClassLoader(getClass().getClassLoader());
06-04 16:56:50.988 I/chatty  ( 1690): uid=1000(system) Binder:1690_19 expire 2 lines
06-04 16:56:52.216 I/chatty  ( 1690): uid=1000(system) Binder:1690_9 expire 6 lines
06-04 16:56:52.226 I/chatty  ( 1690): uid=1000(system) Binder:1690_8 expire 8 lines
06-04 16:56:52.685 I/chatty  ( 1690): uid=1000(system) Binder:1690_5 expire 5 lines
06-04 16:56:52.690 I/chatty  ( 1690): uid=1000(system) Binder:1690_C expire 1 line
06-04 16:56:52.696 I/chatty  ( 1690): uid=1000(system) Binder:1690_13 expire 3 lines
06-04 16:56:52.703 I/chatty  ( 1690): uid=1000(system) Binder:1690_F expire 4 lines
06-04 16:56:52.707 I/chatty  ( 1690): uid=1000(system) Binder:1690_1B expire 2 lines
06-04 16:56:52.708 I/chatty  ( 1690): uid=1000(system) Binder:1690_14 expire 8 lines
06-04 16:56:52.710 I/chatty  ( 1690): uid=1000(system) Binder:1690_1 expire 6 lines
06-04 16:56:52.713 I/chatty  ( 1690): uid=1000(system) Binder:1690_11 expire 3 lines
06-04 16:56:53.026 I/chatty  ( 1690): uid=1000 system_server expire 7 lines
06-04 16:56:53.026 I/chatty  ( 1690): uid=1000(system) android.display expire 54 lines
06-04 16:56:53.499 I/chatty  ( 1690): uid=1000(system) Binder:1690_1A expire 3 lines
06-04 16:56:53.515 I/chatty  ( 1690): uid=1000(system) Binder:1690_20 expire 5 lines
06-04 16:56:53.557 I/chatty  ( 1690): uid=1000(system) Binder:1690_B expire 1 line
06-04 16:56:53.564 I/chatty  ( 1690): uid=1000(system) Binder:1690_1E expire 4 lines
06-04 16:56:53.578 I/chatty  ( 1690): uid=1000(system) Binder:1690_1C expire 2 lines
06-04 16:56:53.610 I/chatty  ( 1690): uid=1000(system) Binder:1690_7 expire 3 lines
06-04 16:56:53.618 I/chatty  ( 1690): uid=1000(system) Binder:1690_E expire 1 line
06-04 16:56:53.643 I/chatty  ( 1690): uid=1000(system) Binder:1690_17 expire 2 lines
06-04 16:56:53.673 I/chatty  ( 1690): uid=1000(system) Binder:1690_10 expire 5 lines
06-04 16:56:53.696 I/chatty  ( 1690): uid=1000(system) Binder:1690_16 expire 3 lines
06-04 16:56:55.445 I/chatty  ( 1690): uid=1000(system) InputDispatcher expire 2 lines
06-04 16:56:55.452 I/chatty  ( 1690): uid=1000(system) Binder:1690_D expire 5 lines
06-04 16:56:55.791 I/chatty  ( 1690): uid=1000(system) Binder:1690_2 expire 2 lines
06-04 16:56:55.795 I/chatty  ( 1690): uid=1000(system) Binder:1690_A expire 2 lines
06-04 16:56:56.509 I/chatty  ( 1690): uid=1000(system) BroadcastQueue expire 1 line
06-04 16:56:56.517 I/chatty  ( 1690): uid=1000(system) Binder:1690_3 expire 4 lines
06-04 16:56:56.762 I/chatty  ( 1690): uid=1000(system) android.io expire 2 lines
06-04 16:56:56.779 I/chatty  ( 1690): uid=1000(system) Binder:1690_1F expire 1 line
06-04 16:56:56.845 I/chatty  ( 1690): uid=1000(system) Binder:1690_6 expire 1 line
06-04 16:56:56.961 I/chatty  ( 1690): uid=1000(system) Binder:1690_4 expire 1 line
06-04 16:56:57.013 I/chatty  ( 1690): uid=1000(system) Binder:1690_15 expire 2 lines
06-04 16:57:00.938 I/chatty  ( 1690): uid=1000(system) Binder:1690_18 expire 2 lines
06-04 16:57:00.959 W/SocketClient(  952): write error (Broken pipe)
06-04 16:57:23.597 I/chatty  ( 1690): uid=1000(system) Binder:1690_12 expire 1 line
06-04 16:57:24.813 D/ViewRootImpl( 9886): swipeFromBottom mIgnoring true downY 1883 mScreenHeight 1920 mStatusBarHeight 54 globalScale -1.0
06-04 16:57:24.886 D/ViewRootImpl( 9886): swipeFromBottom mIgnoring true downY 1883 mScreenHeight 1920 mStatusBarHeight 54 globalScale -1.0
06-04 16:57:24.886 D/ViewRootImpl( 9886): swipeFromBottom mIgnoring === false downY 1883 mStatusBarHeight 54
06-04 16:57:24.906 E/ActivityThread( 9886): Failed to find provider info for com.coloros.personalassistant
06-04 16:57:30.949 E/ActivityThread( 9886): Failed to find provider info for com.coloros.personalassistant
06-04 16:57:31.017 I/chatty  ( 1690): uid=1000(system) android.display expire 37 lines
06-04 16:57:31.993 E/ActivityThread( 9886): Failed to find provider info for com.coloros.personalassistant
06-04 16:57:33.215 I/chatty  ( 1690): uid=1000(system) Binder:1690_14 expire 4 lines
06-04 16:57:33.221 I/chatty  ( 1690): uid=1000(system) ActivityManager expire 3 lines
06-04 16:57:33.232 E/ActivityThread( 9886): Failed to find provider info for com.coloros.personalassistant
06-04 16:57:33.252 I/chatty  ( 1690): uid=1000(system) Binder:1690_7 expire 6 lines
06-04 16:57:33.253 I/chatty  ( 1690): uid=1000(system) Binder:1690_1D expire 3 lines
06-04 16:57:33.254 I/chatty  ( 1690): uid=1000(system) Binder:1690_1B expire 4 lines
06-04 16:57:33.259 I/chatty  ( 1690): uid=1000(system) Binder:1690_19 expire 2 lines
06-04 16:57:34.338 I/chatty  ( 1690): uid=1000(system) Binder:1690_18 expire 4 lines
06-04 16:57:34.340 I/chatty  ( 1690): uid=1000(system) Binder:1690_4 expire 4 lines
06-04 16:57:34.342 I/chatty  ( 1690): uid=1000(system) Binder:1690_20 expire 9 lines
06-04 16:57:34.343 I/chatty  ( 1690): uid=1000(system) Binder:1690_10 expire 7 lines
06-04 16:57:34.794 I/chatty  ( 1690): uid=1000(system) Binder:1690_13 expire 3 lines
06-04 16:57:38.032 E/ActivityThread( 9886): Failed to find provider info for com.coloros.personalassistant
06-04 16:57:40.061 I/chatty  ( 1690): uid=1000 system_server expire 1 line
06-04 16:57:45.390 D/ViewRootImpl( 9886): swipeFromBottom mIgnoring true downY 1882 mScreenHeight 1920 mStatusBarHeight 54 globalScale -1.0
06-04 16:57:45.450 D/ViewRootImpl( 9886): swipeFromBottom mIgnoring true downY 1882 mScreenHeight 1920 mStatusBarHeight 54 globalScale -1.0
06-04 16:57:45.450 D/ViewRootImpl( 9886): swipeFromBottom mIgnoring === false downY 1882 mStatusBarHeight 54
06-04 16:57:45.474 E/ActivityThread( 9886): Failed to find provider info for com.coloros.personalassistant
06-04 16:57:47.374 I/chatty  ( 1690): uid=1000(system) Binder:1690_1 expire 1 line
06-04 16:57:47.445 I/chatty  ( 1690): uid=1000(system) Binder:1690_16 expire 1 line
06-04 16:57:51.522 E/ActivityThread( 9886): Failed to find provider info for com.coloros.personalassistant
06-04 16:57:53.738 I/chatty  ( 1690): uid=1000(system) Binder:1690_11 expire 6 lines
06-04 16:57:53.773 I/chatty  ( 1690): uid=1000(system) android.display expire 32 lines
06-04 16:57:54.123 I/chatty  ( 1690): uid=1000(system) Binder:1690_A expire 3 lines
06-04 16:57:54.160 E/ActivityThread( 9886): Failed to find provider info for com.coloros.personalassistant
06-04 16:57:54.209 I/chatty  ( 1690): uid=1000(system) Binder:1690_17 expire 2 lines
06-04 16:57:54.211 I/chatty  ( 1690): uid=1000(system) Binder:1690_1A expire 3 lines
06-04 16:57:54.212 I/chatty  ( 1690): uid=1000(system) Binder:1690_15 expire 1 line
06-04 16:57:54.227 I/chatty  ( 1690): uid=1000(system) Binder:1690_1E expire 2 lines
06-04 16:57:56.148 I/chatty  ( 1690): uid=1000(system) Binder:1690_9 expire 1 line
06-04 16:57:56.185 I/chatty  ( 1690): uid=1000(system) Binder:1690_3 expire 4 lines
06-04 16:57:56.196 I/chatty  ( 1690): uid=1000(system) Binder:1690_1F expire 3 lines
06-04 16:57:56.204 I/chatty  ( 1690): uid=1000(system) Binder:1690_5 expire 2 lines
06-04 16:57:56.213 I/chatty  ( 1690): uid=1000(system) Binder:1690_12 expire 4 lines
06-04 16:57:56.298 E/ActivityThread( 9886): Failed to find provider info for com.coloros.personalassistant
06-04 16:57:56.348 I/chatty  ( 1690): uid=1000(system) Binder:1690_1C expire 2 lines
06-04 16:57:56.400 I/chatty  ( 1690): uid=1000(system) Binder:1690_8 expire 2 lines
06-04 16:58:00.060 I/chatty  ( 1690): uid=1000(system) Binder:1690_B expire 1 line
06-04 16:58:00.410 I/chatty  ( 1690): uid=1000(system) Binder:1690_C expire 1 line
06-04 16:58:00.627 I/chatty  ( 1690): uid=1000(system) Binder:1690_F expire 1 line
06-04 16:58:01.398 I/chatty  ( 1690): uid=1000(system) Binder:1690_D expire 1 line
06-04 16:58:01.509 I/chatty  ( 1690): uid=1000(system) WifiService expire 1 line
06-04 16:58:01.564 I/chatty  ( 1690): uid=1000(system) ConnectivitySer expire 9 lines
06-04 16:58:02.538 I/chatty  ( 1690): uid=1000(system) WifiStateMachin expire 1 line
06-04 16:58:03.132 I/chatty  ( 1690): uid=1000(system) pool-3-thread-1 expire 3 lines
06-04 16:58:03.147 I/chatty  ( 1690): uid=1000(system) android.bg expire 2 lines
06-04 16:58:03.158 I/chatty  ( 1690): uid=1000(system) Binder:1690_E expire 4 lines
06-04 16:58:03.174 I/chatty  ( 1690): uid=1000(system) pool-3-thread-1 expire 7 lines
06-04 16:58:03.178 I/chatty  ( 1690): uid=1000(system) Binder:1690_11 expire 3 lines
06-04 16:58:03.204 I/chatty  ( 1690): uid=1000(system) Binder:1690_F expire 6 lines
06-04 16:58:04.958 I/chatty  ( 1690): uid=1000(system) WifiService expire 1 line
06-04 16:58:05.054 I/chatty  ( 1690): uid=1000(system) Binder:1690_8 expire 8 lines
06-04 16:58:05.085 I/chatty  ( 1690): uid=1000(system) Binder:1690_C expire 3 lines
06-04 16:58:05.092 I/chatty  ( 1690): uid=1000(system) Binder:1690_14 expire 5 lines
06-04 16:58:05.098 I/chatty  ( 1690): uid=1000(system) ConnectivitySer expire 13 lines
06-04 16:58:05.171 I/chatty  ( 1690): uid=1000(system) Binder:1690_7 expire 2 lines
06-04 16:58:05.219 I/chatty  ( 1690): uid=1000(system) android.display expire 15 lines
06-04 16:58:05.294 I/chatty  ( 1690): uid=1000(system) WifiStateMachin expire 1 line
06-04 16:58:05.342 I/chatty  ( 1690): uid=1000(system) Binder:1690_1D expire 8 lines
06-04 16:58:05.415 I/chatty  ( 1690): uid=1000(system) Binder:1690_1 expire 2 lines
06-04 16:58:05.700 I/chatty  ( 1690): uid=1000(system) BroadcastQueue expire 4 lines
06-04 16:58:05.729 I/chatty  ( 1690): uid=1000(system) Binder:1690_15 expire 3 lines
06-04 16:58:05.787 I/chatty  ( 1690): uid=1000(system) Binder:1690_10 expire 5 lines
06-04 16:58:05.790 I/chatty  ( 1690): uid=1000(system) android.bg expire 4 lines
06-04 16:58:05.865 I/chatty  ( 1690): uid=1000(system) Binder:1690_A expire 3 lines
06-04 16:58:07.248 I/chatty  ( 1690): uid=1000(system) Binder:1690_13 expire 3 lines
06-04 16:58:07.321 I/chatty  ( 1690): uid=1000(system) Binder:1690_20 expire 4 lines
06-04 16:58:07.437 I/chatty  ( 1690): uid=1000(system) Binder:1690_16 expire 3 lines
06-04 16:58:07.482 I/chatty  ( 1690): uid=1000(system) Binder:1690_1A expire 2 lines
06-04 16:58:08.194 I/chatty  ( 1690): uid=1000(system) Binder:1690_D expire 1 line
06-04 16:58:22.550 I/chatty  ( 1690): uid=1000(system) Binder:1690_1B expire 2 lines
06-04 16:58:22.875 I/chatty  ( 1690): uid=1000(system) Binder:1690_9 expire 2 lines
06-04 16:58:25.766 I/chatty  ( 1690): uid=1000(system) Binder:1690_3 expire 1 line
06-04 16:58:28.795 I/chatty  ( 1690): uid=1000(system) Binder:1690_2 expire 1 line
06-04 16:58:28.810 I/chatty  ( 1690): uid=1000(system) Binder:1690_5 expire 2 lines
06-04 16:58:28.831 I/chatty  ( 1690): uid=1000(system) Binder:1690_1C expire 5 lines
06-04 16:58:28.865 I/chatty  ( 1690): uid=1000(system) Binder:1690_B expire 2 lines
06-04 16:58:28.911 I/chatty  ( 1690): uid=1000(system) Binder:1690_19 expire 2 lines
06-04 16:58:28.919 I/chatty  ( 1690): uid=1000(system) Binder:1690_18 expire 1 line
06-04 16:58:29.011 I/chatty  ( 1690): uid=1000(system) ActivityManager expire 4 lines
06-04 16:58:29.119 E/ActivityThread( 9690): Activity com.nearme.instant.LauncherActivity$Launcher0 has leaked ServiceConnection com.oppo.ohome.api.ipc.IotIpcApi$2@1517209 that was originally bound here
06-04 16:58:29.119 E/ActivityThread( 9690): android.app.ServiceConnectionLeaked: Activity com.nearme.instant.LauncherActivity$Launcher0 has leaked ServiceConnection com.oppo.ohome.api.ipc.IotIpcApi$2@1517209 that was originally bound here
06-04 16:58:29.119 E/ActivityThread( 9690): 	at android.app.LoadedApk$ServiceDispatcher.<init>(LoadedApk.java:1449)
06-04 16:58:29.119 E/ActivityThread( 9690): 	at android.app.LoadedApk.getServiceDispatcher(LoadedApk.java:1344)
06-04 16:58:29.119 E/ActivityThread( 9690): 	at android.app.ContextImpl.bindServiceCommon(ContextImpl.java:1578)
06-04 16:58:29.119 E/ActivityThread( 9690): 	at android.app.ContextImpl.bindService(ContextImpl.java:1550)
06-04 16:58:29.119 E/ActivityThread( 9690): 	at android.content.ContextWrapper.bindService(ContextWrapper.java:647)
06-04 16:58:29.119 E/ActivityThread( 9690): 	at com.oppo.ohome.api.ipc.IotIpcApi.bindService(SourceFile:119)
06-04 16:58:29.119 E/ActivityThread( 9690): 	at com.oppo.ohome.api.ipc.IotIpcApi.bind(SourceFile:56)
06-04 16:58:29.119 E/ActivityThread( 9690): 	at com.nearme.instant.features.IOT.a(SourceFile:124)
06-04 16:58:29.119 E/ActivityThread( 9690): 	at com.nearme.instant.features.IOT.invokeInner(SourceFile:95)
06-04 16:58:29.119 E/ActivityThread( 9690): 	at com.nearme.instant.bridge.AbstractHybridFeature.invoke(SourceFile:66)
06-04 16:58:29.119 E/ActivityThread( 9690): 	at com.nearme.instant.bridge.k$a.run(SourceFile:318)
06-04 16:58:29.119 E/ActivityThread( 9690): 	at java.util.concurrent.ThreadPoolExecutor.runWorker(ThreadPoolExecutor.java:1133)
06-04 16:58:29.119 E/ActivityThread( 9690): 	at java.util.concurrent.ThreadPoolExecutor$Worker.run(ThreadPoolExecutor.java:607)
06-04 16:58:29.119 E/ActivityThread( 9690): 	at java.lang.Thread.run(Thread.java:761)
