05-20 09:30:59.364 I/chatty  ( 1690): uid=1000(system) Binder:1690_14 expire 1 line
05-20 09:31:03.975 I/chatty  ( 1690): uid=1000(system) PackageManager expire 2 lines
05-20 09:32:16.053 I/chatty  ( 1690): uid=1000(system) Binder:1690_9 expire 1 line
05-20 09:35:32.837 I/chatty  ( 1690): uid=1000(system) Binder:1690_3 expire 2 lines
05-20 09:35:32.878 I/chatty  ( 1690): uid=1000(system) Binder:1690_5 expire 1 line
05-20 09:35:33.045 I/chatty  ( 1690): uid=1000(system) Binder:1690_B expire 2 lines
05-20 09:36:00.047 I/chatty  ( 1690): uid=1000(system) android.bg expire 1 line
05-20 09:36:25.929 I/chatty  ( 1690): uid=1000(system) DcsThread expire 1 line
05-20 09:36:25.940 I/chatty  ( 1690): uid=1000(system) Binder:1690_1 expire 3 lines
05-20 09:36:58.403 I/chatty  ( 1690): uid=1000(system) BroadcastQueue expire 5 lines
05-20 09:36:58.435 I/chatty  ( 1690): uid=1000(system) Binder:1690_A expire 4 lines
05-20 09:36:58.435 I/chatty  ( 1690): uid=1000(system) Binder:1690_3 expire 5 lines
05-20 09:38:58.408 I/chatty  ( 1690): uid=1000(system) WifiP2pService expire 4 lines
05-20 09:39:36.801 I/chatty  ( 1690): uid=1000(system) Binder:1690_E expire 3 lines
05-20 09:39:36.848 I/chatty  ( 1690): uid=1000(system) Binder:1690_13 expire 3 lines
05-20 09:39:36.862 I/chatty  ( 1690): uid=1000(system) Binder:1690_2 expire 1 line
05-20 09:39:46.354 I/chatty  ( 1690): uid=1000(system) AlarmManager expire 1 line
05-20 09:39:46.389 I/chatty  ( 1690): uid=1000 system_server expire 14 lines
05-20 09:39:46.458 I/chatty  ( 1690): uid=1000(system) Binder:1690_F expire 2 lines
05-20 09:39:46.600 I/chatty  ( 1690): uid=1000(system) Binder:1690_19 expire 3 lines
05-20 09:39:46.619 I/chatty  ( 1690): uid=1000(system) Binder:1690_1B expire 2 lines
05-20 09:39:46.646 I/chatty  ( 1690): uid=1000(system) Binder:1690_D expire 6 lines
05-20 09:39:46.663 I/chatty  ( 1690): uid=1000(system) Binder:1690_C expire 2 lines
05-20 09:40:06.038 I/chatty  ( 1690): uid=1000(system) Binder:1690_7 expire 2 lines
05-20 09:40:06.094 I/chatty  ( 1690): uid=1000(system) android.display expire 93 lines
05-20 09:40:06.106 I/chatty  ( 1690): uid=1000(system) Binder:1690_B expire 2 lines
05-20 09:40:06.945 I/chatty  ( 1690): uid=1000(system) Binder:1690_8 expire 1 line
05-20 09:40:15.892 I/chatty  ( 1690): uid=1000(system) Binder:1690_12 expire 3 lines
05-20 09:40:19.659 I/chatty  ( 1690): uid=1000(system) Binder:1690_18 expire 4 lines
05-20 09:40:22.886 I/chatty  ( 1690): uid=1000(system) Binder:1690_11 expire 1 line
05-20 09:40:29.203 I/chatty  ( 1690): uid=1000(system) Binder:1690_15 expire 1 line
05-20 09:40:29.280 I/chatty  ( 1690): uid=1000(system) Binder:1690_9 expire 5 lines
05-20 09:40:39.123 I/chatty  ( 1690): uid=1000(system) Binder:1690_6 expire 3 lines
05-20 09:40:42.659 I/chatty  ( 1690): uid=1000(system) Binder:1690_5 expire 4 lines
05-20 09:40:42.692 I/chatty  ( 1690): uid=1000(system) Binder:1690_1A expire 1 line
05-20 09:40:47.198 I/chatty  ( 1690): uid=1000(system) Binder:1690_10 expire 1 line
05-20 09:40:51.783 I/chatty  ( 1690): uid=1000(system) Binder:1690_4 expire 2 lines
05-20 09:40:53.437 I/chatty  ( 1690): uid=1000(system) Binder:1690_16 expire 7 lines
05-20 09:40:55.226 I/chatty  ( 1690): uid=1000(system) Binder:1690_E expire 4 lines
05-20 09:40:55.243 I/chatty  ( 1690): uid=1000(system) Binder:1690_F expire 5 lines
05-20 09:40:55.337 I/chatty  ( 1690): uid=1000(system) android.display expire 108 lines
05-20 09:40:55.827 I/chatty  ( 1690): uid=1000 system_server expire 15 lines
05-20 09:40:55.907 I/chatty  ( 1690): uid=1000(system) Binder:1690_C expire 2 lines
05-20 09:40:55.916 I/chatty  ( 1690): uid=1000(system) Binder:1690_B expire 7 lines
05-20 09:40:55.932 I/chatty  ( 1690): uid=1000(system) Binder:1690_1B expire 2 lines
05-20 09:40:55.942 I/chatty  ( 1690): uid=1000(system) Binder:1690_1 expire 2 lines
05-20 09:40:55.953 I/chatty  ( 1690): uid=1000(system) Binder:1690_6 expire 4 lines
05-20 09:40:57.240 I/chatty  ( 1690): uid=1000(system) Binder:1690_7 expire 2 lines
05-20 09:40:57.250 I/chatty  ( 1690): uid=1000(system) Binder:1690_15 expire 3 lines
05-20 09:40:58.464 I/chatty  ( 1690): uid=1000(system) WifiP2pService expire 4 lines
05-20 09:40:58.527 I/chatty  ( 1690): uid=1000(system) Binder:1690_13 expire 3 lines
05-20 09:40:58.538 I/chatty  ( 1690): uid=1000(system) Binder:1690_5 expire 2 lines
05-20 09:40:59.317 I/chatty  ( 1690): uid=1000(system) Binder:1690_18 expire 1 line
05-20 09:40:59.337 I/chatty  ( 1690): uid=1000(system) Binder:1690_A expire 1 line
05-20 09:41:00.224 I/chatty  ( 1690): uid=1000(system) Binder:1690_2 expire 2 lines
05-20 09:41:00.262 I/chatty  ( 1690): uid=1000(system) Binder:1690_1A expire 1 line
05-20 09:41:00.273 I/chatty  ( 1690): uid=1000(system) Binder:1690_4 expire 3 lines
05-20 09:41:00.569 I/chatty  ( 1690): uid=1000(system) Binder:1690_D expire 2 lines
05-20 09:41:00.583 I/chatty  ( 1690): uid=1000(system) Binder:1690_17 expire 1 line
05-20 09:41:06.078 I/chatty  ( 1690): uid=1000(system) Binder:1690_10 expire 2 lines
05-20 09:41:06.091 I/chatty  ( 1690): uid=1000(system) Binder:1690_11 expire 1 line
05-20 09:41:53.322 I/chatty  ( 1690): uid=1000(system) Binder:1690_19 expire 1 line
05-20 09:41:53.440 I/chatty  ( 1690): uid=1000(system) Binder:1690_9 expire 5 lines
05-20 09:41:53.701 I/chatty  ( 1690): uid=1000(system) android.display expire 82 lines
05-20 09:41:53.734 I/chatty  ( 1690): uid=1000(system) Binder:1690_12 expire 5 lines
05-20 09:41:53.751 I/chatty  ( 1690): uid=1000(system) Binder:1690_A expire 1 line
05-20 09:41:54.431 I/chatty  ( 1690): uid=1000(system) Binder:1690_8 expire 2 lines
05-20 09:41:54.455 I/chatty  ( 1690): uid=1000(system) Binder:1690_1B expire 4 lines
05-20 09:41:54.460 I/chatty  ( 1690): uid=1000(system) Binder:1690_7 expire 3 lines
05-20 09:41:54.545 I/chatty  ( 1690): uid=1000(system) Binder:1690_13 expire 5 lines
05-20 09:41:59.481 I/chatty  ( 1690): uid=1000(system) Binder:1690_C expire 5 lines
05-20 09:41:59.485 I/chatty  ( 1690): uid=1000(system) Binder:1690_E expire 7 lines
05-20 09:41:59.486 I/chatty  ( 1690): uid=1000(system) Binder:1690_16 expire 6 lines
05-20 09:41:59.499 I/chatty  ( 1690): uid=1000(system) Binder:1690_15 expire 3 lines
05-20 09:41:59.503 I/chatty  ( 1690): uid=1000(system) Binder:1690_19 expire 4 lines
05-20 09:41:59.593 I/chatty  ( 1690): uid=1000(system) BroadcastQueue expire 1 line
05-20 09:41:59.868 I/chatty  ( 1690): uid=1000(system) android.io expire 6 lines
05-20 09:41:59.951 I/chatty  ( 1690): uid=1000(system) Binder:1690_10 expire 4 lines
05-20 09:42:01.259 I/chatty  ( 1690): uid=1000(system) Binder:1690_18 expire 6 lines
05-20 09:42:01.627 I/chatty  ( 1690): uid=1000(system) Binder:1690_14 expire 4 lines
05-20 09:42:01.830 I/chatty  ( 1690): uid=1000(system) Binder:1690_17 expire 1 line
05-20 09:42:02.378 I/chatty  ( 1690): uid=1000(system) Binder:1690_B expire 2 lines
05-20 09:42:06.714 I/chatty  ( 1690): uid=1000(system) InputDispatcher expire 3 lines
05-20 09:42:06.798 I/chatty  ( 1690): uid=1000(system) Binder:1690_11 expire 1 line
05-20 09:42:07.068 I/chatty  ( 1690): uid=1000(system) ActivityManager expire 4 lines
05-20 09:42:07.152 I/chatty  ( 1690): uid=1000(system) Binder:1690_4 expire 1 line
05-20 09:42:08.049 I/chatty  ( 1690): uid=1000(system) Binder:1690_6 expire 3 lines
05-20 09:42:08.052 I/chatty  ( 1690): uid=1000(system) Binder:1690_1A expire 6 lines
05-20 09:42:08.075 I/chatty  ( 1690): uid=1000(system) Binder:1690_F expire 2 lines
05-20 09:42:58.520 I/chatty  ( 1690): uid=1000(system) WifiP2pService expire 8 lines
05-20 09:44:00.008 I/chatty  ( 1690): uid=1000 system_server expire 1 line
05-20 09:45:34.735 I/chatty  ( 1690): uid=1000(system) Binder:1690_D expire 2 lines
05-20 09:45:34.799 I/chatty  ( 1690): uid=1000(system) Binder:1690_2 expire 5 lines
05-20 09:45:34.819 I/chatty  ( 1690): uid=1000(system) Binder:1690_C expire 4 lines
05-20 09:45:34.850 I/chatty  ( 1690): uid=1000(system) android.display expire 46 lines
05-20 09:45:34.857 I/chatty  ( 1690): uid=1000(system) Binder:1690_F expire 5 lines
05-20 09:45:34.859 I/chatty  ( 1690): uid=1000(system) Binder:1690_D expire 3 lines
05-20 09:45:34.891 I/chatty  ( 1690): uid=1000(system) Binder:1690_B expire 4 lines
05-20 09:45:34.919 I/chatty  ( 1690): uid=1000(system) Binder:1690_1 expire 4 lines
05-20 09:45:35.331 I/chatty  ( 1690): uid=1000(system) Binder:1690_E expire 6 lines
05-20 09:45:37.004 I/chatty  ( 1690): uid=1000(system) Binder:1690_12 expire 4 lines
05-20 09:45:37.045 I/chatty  ( 1690): uid=1000(system) Binder:1690_4 expire 8 lines
05-20 09:45:37.065 I/chatty  ( 1690): uid=1000(system) Binder:1690_16 expire 6 lines
05-20 09:45:37.072 I/chatty  ( 1690): uid=1000(system) Binder:1690_13 expire 6 lines
05-20 09:45:37.093 I/chatty  ( 1690): uid=1000(system) Binder:1690_19 expire 2 lines
05-20 09:45:37.101 I/chatty  ( 1690): uid=1000(system) Binder:1690_10 expire 6 lines
05-20 09:45:37.110 I/chatty  ( 1690): uid=1000(system) Binder:1690_15 expire 8 lines
05-20 09:45:37.305 I/chatty  ( 1690): uid=1000(system) Binder:1690_1B expire 5 lines
05-20 09:45:37.329 I/chatty  ( 1690): uid=1000(system) ActivityManager expire 2 lines
05-20 09:45:37.352 I/chatty  ( 1690): uid=1000(system) Binder:1690_7 expire 8 lines
05-20 09:45:37.356 I/chatty  ( 1690): uid=1000(system) Binder:1690_18 expire 2 lines
05-20 09:45:37.389 I/chatty  ( 1690): uid=1000(system) Binder:1690_14 expire 5 lines
05-20 09:45:37.444 I/chatty  ( 1690): uid=1000(system) Binder:1690_5 expire 8 lines
05-20 09:45:37.456 I/chatty  ( 1690): uid=1000(system) Binder:1690_3 expire 7 lines
05-20 09:45:37.469 I/chatty  ( 1690): uid=1000(system) Binder:1690_9 expire 4 lines
05-20 09:45:37.488 I/chatty  ( 1690): uid=1000(system) Binder:1690_11 expire 5 lines
05-20 09:45:38.179 I/chatty  ( 1690): uid=1000(system) Binder:1690_8 expire 3 lines
05-20 09:45:39.310 I/chatty  ( 1690): uid=1000(system) Binder:1690_A expire 5 lines
05-20 09:45:39.397 I/chatty  ( 1690): uid=1000(system) Binder:1690_6 expire 2 lines
05-20 09:45:39.439 I/chatty  ( 1690): uid=1000(system) Binder:1690_17 expire 2 lines
05-20 09:45:41.242 I/chatty  ( 1690): uid=1000(system) Binder:1690_1A expire 1 line
05-20 09:45:41.459 I/chatty  ( 1690): uid=1000 system_server expire 3 lines
05-20 09:45:55.089 I/chatty  ( 1690): uid=1000(system) android.bg expire 1 line
05-20 09:46:58.620 I/chatty  ( 1690): uid=1000(system) WifiP2pService expire 8 lines
05-20 09:50:44.515 I/chatty  ( 1690): uid=1000(system) Binder:1690_8 expire 4 lines
05-20 09:50:44.546 I/chatty  ( 1690): uid=1000(system) Binder:1690_1B expire 6 lines
05-20 09:50:44.612 I/chatty  ( 1690): uid=1000(system) android.display expire 52 lines
05-20 09:50:44.631 I/chatty  ( 1690): uid=1000(system) Binder:1690_13 expire 3 lines
05-20 09:50:44.636 I/chatty  ( 1690): uid=1000(system) Binder:1690_4 expire 2 lines
05-20 09:50:44.653 I/chatty  ( 1690): uid=1000(system) Binder:1690_B expire 5 lines
05-20 09:50:44.710 I/chatty  ( 1690): uid=1000(system) Binder:1690_D expire 2 lines
05-20 09:50:44.762 I/chatty  ( 1690): uid=1000(system) Binder:1690_A expire 3 lines
05-20 09:50:44.768 I/chatty  ( 1690): uid=1000(system) Binder:1690_5 expire 2 lines
05-20 09:50:44.814 I/chatty  ( 1690): uid=1000(system) Binder:1690_E expire 3 lines
05-20 09:50:44.968 I/chatty  ( 1690): uid=1000(system) Binder:1690_C expire 8 lines
05-20 09:50:47.914 I/chatty  ( 1690): uid=1000(system) Binder:1690_F expire 3 lines
05-20 09:50:47.958 I/chatty  ( 1690): uid=1000(system) Binder:1690_7 expire 3 lines
05-20 09:50:48.006 W/ViewRootImpl[Launcher]( 3569): Dropping event due to no window focus: KeyEvent { action=ACTION_DOWN, keyCode=KEYCODE_BACK, scanCode=158, metaState=0, flags=0x8, repeatCount=0, eventTime=2707009, downTime=2707009, deviceId=4, source=0x101 }, hasFocus:false, mStopped:false, mPausedForTransition:false
05-20 09:50:48.039 I/chatty  ( 1690): uid=1000(system) Binder:1690_9 expire 4 lines
05-20 09:50:48.254 I/chatty  ( 1690): uid=1000(system) ActivityManager expire 15 lines
05-20 09:50:48.933 I/chatty  ( 1690): uid=1000(system) Binder:1690_18 expire 3 lines
05-20 09:50:48.934 I/chatty  ( 1690): uid=1000(system) Binder:1690_14 expire 2 lines
05-20 09:50:48.936 I/chatty  ( 1690): uid=1000(system) Binder:1690_19 expire 6 lines
05-20 09:50:48.938 I/chatty  ( 1690): uid=1000(system) Binder:1690_3 expire 2 lines
05-20 09:50:48.943 I/chatty  ( 1690): uid=1000(system) Binder:1690_15 expire 1 line
05-20 09:50:48.965 I/chatty  ( 1690): uid=1000 system_server expire 3 lines
05-20 09:50:48.978 I/chatty  ( 1690): uid=1000(system) Binder:1690_6 expire 4 lines
05-20 09:50:48.978 I/chatty  ( 1690): uid=1000(system) Binder:1690_17 expire 2 lines
05-20 09:50:48.990 I/chatty  ( 1690): uid=1000(system) ConnectivitySer expire 12 lines
05-20 09:50:49.816 I/chatty  ( 1690): uid=1000(system) Binder:1690_1A expire 4 lines
05-20 09:50:49.887 I/chatty  ( 1690): uid=1000(system) Binder:1690_2 expire 5 lines
05-20 09:50:49.966 I/chatty  ( 1690): uid=1000(system) Binder:1690_12 expire 3 lines
05-20 09:50:51.723 I/chatty  ( 1690): uid=1000(system) Binder:1690_16 expire 15 lines
05-20 09:50:53.076 I/chatty  ( 1690): uid=1000(system) ActivityManager expire 3 lines
05-20 09:50:53.161 I/chatty  ( 1690): uid=1000(system) Binder:1690_10 expire 2 lines
05-20 09:50:53.210 I/chatty  ( 1690): uid=1000(system) Binder:1690_11 expire 2 lines
05-20 09:50:54.000 I/chatty  ( 1690): uid=1000(system) BroadcastQueue expire 1 line
05-20 09:50:54.255 I/chatty  ( 1690): uid=1000(system) android.io expire 2 lines
05-20 09:50:54.852 I/chatty  ( 1690): uid=1000(system) Binder:1690_8 expire 9 lines
05-20 09:50:54.939 I/chatty  ( 1690): uid=1000(system) Binder:1690_13 expire 4 lines
05-20 09:50:54.940 I/chatty  ( 1690): uid=1000(system) Binder:1690_A expire 4 lines
05-20 09:50:54.949 I/chatty  ( 1690): uid=1000(system) Binder:1690_7 expire 3 lines
05-20 09:50:54.951 I/chatty  ( 1690): uid=1000(system) Binder:1690_1 expire 7 lines
05-20 09:50:54.974 I/chatty  ( 1690): uid=1000(system) Binder:1690_5 expire 9 lines
05-20 09:50:55.061 I/chatty  ( 1690): uid=1000(system) Binder:1690_18 expire 4 lines
05-20 09:50:55.123 I/chatty  ( 1690): uid=1000(system) Binder:1690_12 expire 4 lines
05-20 09:50:55.130 I/chatty  ( 1690): uid=1000(system) android.display expire 33 lines
05-20 09:50:56.061 I/chatty  ( 1690): uid=1000(system) Binder:1690_4 expire 3 lines
05-20 09:50:56.120 I/chatty  ( 1690): uid=1000(system) Binder:1690_3 expire 4 lines
05-20 09:50:56.128 I/chatty  ( 1690): uid=1000(system) Binder:1690_6 expire 3 lines
05-20 09:50:56.171 I/chatty  ( 1690): uid=1000(system) Binder:1690_16 expire 3 lines
05-20 09:50:56.509 I/chatty  ( 1690): uid=1000(system) Binder:1690_B expire 4 lines
05-20 09:50:56.550 I/chatty  ( 1690): uid=1000 system_server expire 2 lines
05-20 09:50:56.761 I/chatty  ( 1690): uid=1000(system) Binder:1690_E expire 4 lines
05-20 09:50:57.045 I/chatty  ( 1690): uid=1000(system) Binder:1690_14 expire 7 lines
05-20 09:50:57.162 I/chatty  ( 1690): uid=1000(system) Binder:1690_17 expire 7 lines
05-20 09:50:58.785 I/chatty  ( 1690): uid=1000(system) WifiP2pService expire 4 lines
05-20 09:51:00.024 I/chatty  ( 1690): uid=1000(system) InputDispatcher expire 2 lines
05-20 09:51:00.032 I/chatty  ( 1690): uid=1000(system) Binder:1690_15 expire 6 lines
05-20 09:51:00.080 I/chatty  ( 1690): uid=1000(system) Binder:1690_C expire 6 lines
05-20 09:51:00.332 I/chatty  ( 1690): uid=1000(system) ActivityManager expire 3 lines
05-20 09:51:03.136 I/chatty  ( 1690): uid=1000(system) Binder:1690_9 expire 6 lines
05-20 09:51:03.281 I/chatty  ( 1690): uid=1000(system) Binder:1690_D expire 4 lines
05-20 09:51:05.448 W/ActivityThread(13273): ClassLoader.loadClass: The class loader returned by Thread.getContextClassLoader() may fail for processes that host multiple applications. You should explicitly specify a context class loader. For example: Thread.setContextClassLoader(getClass().getClassLoader());
05-20 09:51:05.477 I/chatty  ( 1690): uid=1000(system) android.display expire 20 lines
05-20 09:51:05.488 I/chatty  ( 1690): uid=1000(system) Binder:1690_1A expire 5 lines
05-20 09:51:05.721 I/chatty  ( 1690): uid=1000(system) Binder:1690_10 expire 3 lines
05-20 09:51:05.726 W/ActivityThread(13355): ClassLoader.loadClass: The class loader returned by Thread.getContextClassLoader() may fail for processes that host multiple applications. You should explicitly specify a context class loader. For example: Thread.setContextClassLoader(getClass().getClassLoader());
05-20 09:51:05.918 I/chatty  ( 1690): uid=1000(system) Binder:1690_2 expire 2 lines
05-20 09:51:07.459 I/chatty  ( 1690): uid=1000(system) Binder:1690_F expire 3 lines
05-20 09:51:07.553 I/chatty  ( 1690): uid=1000(system) Binder:1690_19 expire 3 lines
05-20 09:51:08.468 I/chatty  ( 1690): uid=1000(system) Binder:1690_11 expire 2 lines
05-20 09:51:09.134 I/chatty  ( 1690): uid=1000(system) Binder:1690_1B expire 6 lines
05-20 09:51:09.328 I/chatty  ( 1690): uid=1000(system) Binder:1690_15 expire 5 lines
05-20 09:51:09.571 I/chatty  ( 1690): uid=1000 system_server expire 5 lines
05-20 09:51:09.571 I/chatty  ( 1690): uid=1000(system) android.display expire 70 lines
05-20 09:51:10.367 I/chatty  ( 1690): uid=1000(system) InputDispatcher expire 2 lines
05-20 09:51:10.375 I/chatty  ( 1690): uid=1000(system) Binder:1690_E expire 5 lines
05-20 09:51:10.422 I/chatty  ( 1690): uid=1000(system) Binder:1690_9 expire 6 lines
05-20 09:51:10.695 I/chatty  ( 1690): uid=1000(system) Binder:1690_A expire 5 lines
05-20 09:51:10.706 I/chatty  ( 1690): uid=1000(system) Binder:1690_18 expire 4 lines
05-20 09:51:10.710 I/chatty  ( 1690): uid=1000(system) Binder:1690_8 expire 6 lines
05-20 09:51:11.069 I/chatty  ( 1690): uid=1000(system) Binder:1690_B expire 7 lines
05-20 09:51:11.084 I/chatty  ( 1690): uid=1000(system) Binder:1690_12 expire 7 lines
05-20 09:51:11.110 I/chatty  ( 1690): uid=1000(system) Binder:1690_17 expire 4 lines
05-20 09:51:11.115 I/chatty  ( 1690): uid=1000(system) Binder:1690_1 expire 3 lines
05-20 09:51:11.132 I/chatty  ( 1690): uid=1000(system) Binder:1690_1A expire 3 lines
05-20 09:51:11.426 I/chatty  ( 1690): uid=1000(system) ActivityManager expire 2 lines
05-20 09:51:12.117 I/chatty  ( 1690): uid=1000(system) Binder:1690_C expire 3 lines
05-20 09:51:12.119 I/chatty  ( 1690): uid=1000(system) Binder:1690_5 expire 4 lines
05-20 09:51:12.120 I/chatty  ( 1690): uid=1000(system) Binder:1690_14 expire 6 lines
05-20 09:51:12.149 I/chatty  ( 1690): uid=1000(system) Binder:1690_4 expire 4 lines
05-20 09:51:12.180 I/chatty  ( 1690): uid=1000(system) Binder:1690_6 expire 3 lines
05-20 09:51:12.242 I/chatty  ( 1690): uid=1000(system) Binder:1690_D expire 2 lines
05-20 09:51:12.262 I/chatty  ( 1690): uid=1000(system) Binder:1690_11 expire 2 lines
05-20 09:51:12.269 I/chatty  ( 1690): uid=1000(system) Binder:1690_16 expire 4 lines
05-20 09:51:12.275 I/chatty  ( 1690): uid=1000(system) Binder:1690_19 expire 2 lines
05-20 09:51:12.290 I/chatty  ( 1690): uid=1000(system) Binder:1690_3 expire 3 lines
05-20 09:51:12.298 I/chatty  ( 1690): uid=1000(system) Binder:1690_13 expire 4 lines
05-20 09:51:12.304 I/chatty  ( 1690): uid=1000(system) Binder:1690_10 expire 2 lines
05-20 09:51:12.308 I/chatty  ( 1690): uid=1000(system) Binder:1690_F expire 5 lines
05-20 09:51:12.467 I/chatty  ( 1690): uid=1000(system) Binder:1690_2 expire 6 lines
05-20 09:51:17.733 I/chatty  ( 1690): uid=1000(system) Binder:1690_F expire 10 lines
05-20 09:51:17.756 I/chatty  ( 1690): uid=1000(system) Binder:1690_E expire 5 lines
05-20 09:51:17.771 I/chatty  ( 1690): uid=1000(system) Binder:1690_5 expire 7 lines
05-20 09:51:17.778 I/chatty  ( 1690): uid=1000(system) android.display expire 25 lines
05-20 09:51:17.807 I/chatty  ( 1690): uid=1000(system) Binder:1690_A expire 4 lines
05-20 09:51:17.971 I/chatty  ( 1690): uid=1000(system) Binder:1690_15 expire 5 lines
05-20 09:51:18.009 I/chatty  ( 1690): uid=1000(system) Binder:1690_17 expire 5 lines
05-20 09:51:18.091 I/chatty  ( 1690): uid=1000(system) Binder:1690_9 expire 4 lines
05-20 09:51:18.100 E/ActivityThread(13355): Activity com.nearme.instant.LauncherActivity$Launcher0 has leaked ServiceConnection com.oppo.ohome.api.ipc.IotIpcApi$2@f443674 that was originally bound here
05-20 09:51:18.100 E/ActivityThread(13355): android.app.ServiceConnectionLeaked: Activity com.nearme.instant.LauncherActivity$Launcher0 has leaked ServiceConnection com.oppo.ohome.api.ipc.IotIpcApi$2@f443674 that was originally bound here
05-20 09:51:18.100 E/ActivityThread(13355): 	at android.app.LoadedApk$ServiceDispatcher.<init>(LoadedApk.java:1449)
05-20 09:51:18.100 E/ActivityThread(13355): 	at android.app.LoadedApk.getServiceDispatcher(LoadedApk.java:1344)
05-20 09:51:18.100 E/ActivityThread(13355): 	at android.app.ContextImpl.bindServiceCommon(ContextImpl.java:1578)
05-20 09:51:18.100 E/ActivityThread(13355): 	at android.app.ContextImpl.bindService(ContextImpl.java:1550)
05-20 09:51:18.100 E/ActivityThread(13355): 	at android.content.ContextWrapper.bindService(ContextWrapper.java:647)
05-20 09:51:18.100 E/ActivityThread(13355): 	at com.oppo.ohome.api.ipc.IotIpcApi.bindService(SourceFile:119)
05-20 09:51:18.100 E/ActivityThread(13355): 	at com.oppo.ohome.api.ipc.IotIpcApi.bind(SourceFile:56)
05-20 09:51:18.100 E/ActivityThread(13355): 	at com.nearme.instant.features.IOT.a(SourceFile:124)
05-20 09:51:18.100 E/ActivityThread(13355): 	at com.nearme.instant.features.IOT.invokeInner(SourceFile:95)
05-20 09:51:18.100 E/ActivityThread(13355): 	at com.nearme.instant.bridge.AbstractHybridFeature.invoke(SourceFile:66)
05-20 09:51:18.100 E/ActivityThread(13355): 	at com.nearme.instant.bridge.k$a.run(SourceFile:318)
05-20 09:51:18.100 E/ActivityThread(13355): 	at java.util.concurrent.ThreadPoolExecutor.runWorker(ThreadPoolExecutor.java:1133)
05-20 09:51:18.100 E/ActivityThread(13355): 	at java.util.concurrent.ThreadPoolExecutor$Worker.run(ThreadPoolExecutor.java:607)
05-20 09:51:18.100 E/ActivityThread(13355): 	at java.lang.Thread.run(Thread.java:761)
05-20 09:51:18.129 I/chatty  ( 1690): uid=1000(system) Binder:1690_1A expire 5 lines
05-20 09:51:19.091 I/chatty  ( 1690): uid=1000 system_server expire 9 lines
05-20 09:51:39.498 I/chatty  ( 1690): uid=1000(system) Binder:1690_10 expire 5 lines
05-20 09:51:39.521 I/chatty  ( 1690): uid=1000(system) Binder:1690_7 expire 6 lines
05-20 09:51:41.627 I/chatty  ( 1690): uid=1000(system) Binder:1690_6 expire 5 lines
05-20 09:52:17.765 I/chatty  ( 1690): uid=1000(system) Binder:1690_1B expire 3 lines
05-20 09:52:19.729 I/chatty  ( 1690): uid=1000(system) Binder:1690_C expire 3 lines
05-20 09:52:19.864 I/chatty  ( 1690): uid=1000(system) Binder:1690_3 expire 6 lines
05-20 09:52:33.138 I/chatty  ( 1690): uid=1000(system) Binder:1690_13 expire 5 lines
05-20 09:52:58.869 I/chatty  ( 1690): uid=1000(system) WifiP2pService expire 24 lines
05-20 09:53:17.763 I/chatty  ( 1690): uid=1000(system) Binder:1690_11 expire 4 lines
05-20 09:53:17.797 I/chatty  ( 1690): uid=1000(system) Binder:1690_1 expire 3 lines
05-20 09:54:10.449 I/chatty  ( 1690): uid=1000(system) Binder:1690_12 expire 6 lines
05-20 09:54:15.541 I/chatty  ( 1690): uid=1000(system) Binder:1690_19 expire 2 lines
05-20 09:54:15.561 I/chatty  ( 1690): uid=1000(system) Binder:1690_16 expire 6 lines
05-20 09:55:17.914 I/chatty  ( 1690): uid=1000(system) Binder:1690_14 expire 3 lines
05-20 09:55:17.921 I/chatty  ( 1690): uid=1000(system) Binder:1690_D expire 2 lines
05-20 09:55:17.976 I/chatty  ( 1690): uid=1000(system) Binder:1690_4 expire 5 lines
05-20 09:56:17.995 I/chatty  ( 1690): uid=1000(system) Binder:1690_B expire 1 line
05-20 09:56:44.385 I/chatty  ( 1690): uid=1000(system) BpmThread expire 1 line
05-20 09:58:18.028 I/chatty  ( 1690): uid=1000(system) Binder:1690_18 expire 2 lines
05-20 09:59:12.735 I/chatty  ( 1690): uid=1000(system) Binder:1690_8 expire 2 lines
05-20 10:01:01.116 I/chatty  ( 1690): uid=1000(system) ActivityManager expire 1 line
05-20 10:01:05.817 I/chatty  ( 1690): uid=1000(system) PackageManager expire 2 lines
05-20 10:01:17.728 I/chatty  ( 1690): uid=1000(system) pool-3-thread-1 expire 2 lines
05-20 10:01:43.634 I/chatty  ( 1690): uid=1000(system) BroadcastQueue expire 4 lines
05-20 10:03:25.348 I/chatty  ( 1690): uid=1000(system) Binder:1690_3 expire 10 lines
05-20 10:03:25.520 I/chatty  ( 1690): uid=1000(system) Binder:1690_16 expire 4 lines
05-20 10:03:25.529 I/chatty  ( 1690): uid=1000(system) Binder:1690_D expire 4 lines
05-20 10:03:25.882 E/ActivityThread(13107): Failed to find provider info for com.coloros.personalassistant
05-20 10:03:26.460 I/chatty  ( 1690): uid=1000(system) Binder:1690_19 expire 7 lines
05-20 10:03:26.470 I/chatty  ( 1690): uid=1000(system) Binder:1690_10 expire 4 lines
05-20 10:03:29.789 I/chatty  ( 1690): uid=1000(system) Binder:1690_9 expire 8 lines
05-20 10:03:29.794 I/chatty  ( 1690): uid=1000(system) android.display expire 56 lines
05-20 10:03:29.843 I/chatty  ( 1690): uid=1000(system) Binder:1690_13 expire 6 lines
05-20 10:03:30.095 I/chatty  ( 1690): uid=1000(system) ActivityManager expire 16 lines
05-20 10:03:30.856 I/chatty  ( 1690): uid=1000 system_server expire 2 lines
05-20 10:03:30.867 I/chatty  ( 1690): uid=1000(system) Binder:1690_5 expire 2 lines
05-20 10:03:30.867 I/chatty  ( 1690): uid=1000(system) Binder:1690_1A expire 2 lines
05-20 10:03:30.867 I/chatty  ( 1690): uid=1000(system) Binder:1690_B expire 3 lines
05-20 10:03:30.869 I/chatty  ( 1690): uid=1000(system) ConnectivitySer expire 3 lines
05-20 10:03:35.577 I/chatty  ( 1690): uid=1000(system) Binder:1690_18 expire 3 lines
05-20 10:03:35.640 I/chatty  ( 1690): uid=1000(system) Binder:1690_14 expire 6 lines
05-20 10:03:35.719 I/chatty  ( 1690): uid=1000(system) Binder:1690_A expire 6 lines
05-20 10:03:35.721 I/chatty  ( 1690): uid=1000(system) Binder:1690_2 expire 2 lines
05-20 10:03:35.722 I/chatty  ( 1690): uid=1000(system) Binder:1690_8 expire 2 lines
05-20 10:03:35.827 I/chatty  ( 1690): uid=1000(system) Binder:1690_12 expire 2 lines
05-20 10:03:35.830 I/chatty  ( 1690): uid=1000(system) android.io expire 2 lines
05-20 10:03:35.847 I/chatty  ( 1690): uid=1000(system) Binder:1690_4 expire 1 line
05-20 10:03:35.904 I/chatty  ( 1690): uid=1000(system) Binder:1690_6 expire 8 lines
05-20 10:03:35.967 I/chatty  ( 1690): uid=1000(system) Binder:1690_15 expire 5 lines
05-20 10:03:36.475 I/chatty  ( 1690): uid=1000(system) Binder:1690_17 expire 4 lines
05-20 10:03:47.189 I/chatty  ( 1690): uid=1000(system) Binder:1690_7 expire 6 lines
05-20 10:03:47.343 I/chatty  ( 1690): uid=1000(system) Binder:1690_F expire 3 lines
05-20 10:03:47.614 I/chatty  ( 1690): uid=1000(system) Binder:1690_11 expire 1 line
05-20 10:03:47.693 I/chatty  ( 1690): uid=1000(system) Binder:1690_E expire 2 lines
05-20 10:03:48.686 I/chatty  ( 1690): uid=1000(system) Binder:1690_1B expire 9 lines
05-20 10:03:49.490 I/chatty  ( 1690): uid=1000(system) Binder:1690_C expire 6 lines
05-20 10:03:49.770 I/chatty  ( 1690): uid=1000(system) Binder:1690_B expire 8 lines
05-20 10:03:49.837 I/chatty  ( 1690): uid=1000(system) Binder:1690_F expire 3 lines
05-20 10:03:49.859 I/chatty  ( 1690): uid=1000(system) Binder:1690_13 expire 13 lines
05-20 10:03:50.019 I/chatty  ( 1690): uid=1000(system) Binder:1690_4 expire 8 lines
05-20 10:03:50.757 I/chatty  ( 1690): uid=1000(system) Binder:1690_17 expire 2 lines
05-20 10:03:50.765 I/chatty  ( 1690): uid=1000(system) Binder:1690_E expire 6 lines
05-20 10:03:51.125 I/chatty  ( 1690): uid=1000(system) Binder:1690_7 expire 2 lines
05-20 10:03:51.133 I/chatty  ( 1690): uid=1000(system) Binder:1690_5 expire 6 lines
05-20 10:03:51.135 I/chatty  ( 1690): uid=1000(system) Binder:1690_12 expire 11 lines
05-20 10:03:51.139 I/chatty  ( 1690): uid=1000(system) Binder:1690_8 expire 2 lines
05-20 10:03:51.430 I/chatty  ( 1690): uid=1000 system_server expire 4 lines
05-20 10:03:51.430 I/chatty  ( 1690): uid=1000(system) android.display expire 53 lines
05-20 10:03:51.492 I/chatty  ( 1690): uid=1000(system) Binder:1690_18 expire 5 lines
05-20 10:03:51.524 I/chatty  ( 1690): uid=1000(system) Binder:1690_D expire 2 lines
05-20 10:03:51.572 I/chatty  ( 1690): uid=1000(system) Binder:1690_6 expire 4 lines
05-20 10:03:51.580 I/chatty  ( 1690): uid=1000(system) Binder:1690_16 expire 3 lines
05-20 10:03:51.650 I/chatty  ( 1690): uid=1000(system) Binder:1690_10 expire 2 lines
05-20 10:03:51.652 I/chatty  ( 1690): uid=1000(system) Binder:1690_19 expire 7 lines
05-20 10:03:52.175 I/chatty  ( 1690): uid=1000(system) Binder:1690_3 expire 1 line
05-20 10:04:05.388 I/chatty  ( 1690): uid=1000(system) Binder:1690_15 expire 3 lines
05-20 10:04:05.391 I/chatty  ( 1690): uid=1000(system) Binder:1690_A expire 3 lines
05-20 10:04:05.413 I/chatty  ( 1690): uid=1000(system) Binder:1690_9 expire 4 lines
05-20 10:04:22.849 I/chatty  ( 1690): uid=1000(system) Binder:1690_11 expire 4 lines
05-20 10:04:25.126 I/chatty  ( 1690): uid=1000(system) Binder:1690_1 expire 2 lines
05-20 10:04:25.342 I/chatty  ( 1690): uid=1000(system) Binder:1690_1A expire 2 lines
05-20 10:04:25.398 I/chatty  ( 1690): uid=1000(system) Binder:1690_2 expire 5 lines
05-20 10:04:25.435 I/chatty  ( 1690): uid=1000(system) Binder:1690_14 expire 3 lines
05-20 10:04:25.679 I/chatty  ( 1690): uid=1000(system) ActivityManager expire 1 line
05-20 10:04:28.448 I/chatty  ( 1690): uid=1000(system) Binder:1690_5 expire 4 lines
05-20 10:04:28.457 I/chatty  ( 1690): uid=1000(system) Binder:1690_16 expire 6 lines
05-20 10:04:28.461 I/chatty  ( 1690): uid=1000(system) Binder:1690_15 expire 4 lines
05-20 10:04:29.062 I/chatty  ( 1690): uid=1000 system_server expire 9 lines
05-20 10:04:29.062 I/chatty  ( 1690): uid=1000(system) android.display expire 63 lines
05-20 10:04:29.192 I/chatty  ( 1690): uid=1000(system) Binder:1690_6 expire 3 lines
05-20 10:04:29.198 I/chatty  ( 1690): uid=1000(system) Binder:1690_1A expire 7 lines
05-20 10:04:37.683 I/chatty  ( 1690): uid=1000(system) Binder:1690_E expire 2 lines
05-20 10:04:37.719 I/chatty  ( 1690): uid=1000(system) Binder:1690_9 expire 4 lines
05-20 10:04:37.738 I/chatty  ( 1690): uid=1000(system) Binder:1690_2 expire 6 lines
05-20 10:04:37.747 I/chatty  ( 1690): uid=1000(system) Binder:1690_B expire 4 lines
05-20 10:04:37.779 I/chatty  ( 1690): uid=1000(system) Binder:1690_12 expire 5 lines
05-20 10:04:38.266 I/chatty  ( 1690): uid=1000(system) Binder:1690_A expire 10 lines
05-20 10:04:38.304 I/chatty  ( 1690): uid=1000(system) Binder:1690_13 expire 4 lines
05-20 10:04:39.159 I/chatty  ( 1690): uid=1000(system) Binder:1690_11 expire 6 lines
05-20 10:04:39.163 I/chatty  ( 1690): uid=1000(system) Binder:1690_19 expire 3 lines
05-20 10:04:39.185 I/chatty  ( 1690): uid=1000(system) Binder:1690_1B expire 5 lines
05-20 10:04:39.889 I/chatty  ( 1690): uid=1000(system) Binder:1690_D expire 3 lines
05-20 10:04:39.907 I/chatty  ( 1690): uid=1000(system) Binder:1690_F expire 3 lines
05-20 10:04:40.407 I/chatty  ( 1690): uid=1000(system) Binder:1690_14 expire 5 lines
05-20 10:04:41.327 I/chatty  ( 1690): uid=1000(system) Binder:1690_7 expire 4 lines
05-20 10:04:41.346 I/chatty  ( 1690): uid=1000(system) Binder:1690_4 expire 3 lines
05-20 10:04:41.350 I/chatty  ( 1690): uid=1000(system) Binder:1690_3 expire 1 line
05-20 10:04:41.361 I/chatty  ( 1690): uid=1000(system) Binder:1690_C expire 3 lines
05-20 10:04:42.170 I/chatty  ( 1690): uid=1000(system) Binder:1690_18 expire 3 lines
05-20 10:04:42.769 I/chatty  ( 1690): uid=1000(system) Binder:1690_8 expire 4 lines
05-20 10:04:44.911 I/chatty  ( 1690): uid=1000(system) Binder:1690_17 expire 4 lines
05-20 10:04:47.317 I/chatty  ( 1690): uid=1000(system) Binder:1690_10 expire 2 lines
05-20 10:04:50.275 I/chatty  ( 1690): uid=1000(system) Binder:1690_1 expire 7 lines
05-20 10:04:51.784 I/chatty  ( 1690): uid=1000 system_server expire 5 lines
05-20 10:04:51.784 I/chatty  ( 1690): uid=1000(system) android.display expire 59 lines
05-20 10:04:51.964 I/chatty  ( 1690): uid=1000(system) Binder:1690_A expire 3 lines
05-20 10:04:51.970 I/chatty  ( 1690): uid=1000(system) Binder:1690_3 expire 6 lines
05-20 10:04:51.981 I/chatty  ( 1690): uid=1000(system) Binder:1690_5 expire 4 lines
05-20 10:04:51.987 I/chatty  ( 1690): uid=1000(system) Binder:1690_19 expire 4 lines
05-20 10:04:51.990 I/chatty  ( 1690): uid=1000(system) Binder:1690_E expire 7 lines
05-20 10:04:52.000 I/chatty  ( 1690): uid=1000(system) Binder:1690_10 expire 3 lines
05-20 10:04:53.950 I/chatty  ( 1690): uid=1000(system) Binder:1690_C expire 4 lines
05-20 10:04:53.972 I/chatty  ( 1690): uid=1000(system) Binder:1690_7 expire 3 lines
05-20 10:04:54.340 I/chatty  ( 1690): uid=1000(system) Binder:1690_D expire 8 lines
05-20 10:04:54.377 I/chatty  ( 1690): uid=1000(system) Binder:1690_4 expire 6 lines
05-20 10:04:54.388 I/chatty  ( 1690): uid=1000(system) Binder:1690_15 expire 9 lines
05-20 10:04:54.756 I/chatty  ( 1690): uid=1000(system) Binder:1690_6 expire 5 lines
05-20 10:04:54.787 I/chatty  ( 1690): uid=1000(system) Binder:1690_B expire 2 lines
05-20 10:04:54.793 I/chatty  ( 1690): uid=1000(system) Binder:1690_1A expire 1 line
05-20 10:04:54.803 I/chatty  ( 1690): uid=1000(system) Binder:1690_17 expire 2 lines
05-20 10:04:55.357 I/chatty  ( 1690): uid=1000(system) Binder:1690_11 expire 10 lines
05-20 10:04:55.420 I/chatty  ( 1690): uid=1000(system) Binder:1690_13 expire 2 lines
05-20 10:04:55.449 I/chatty  ( 1690): uid=1000(system) Binder:1690_9 expire 5 lines
05-20 10:04:55.450 I/chatty  ( 1690): uid=1000(system) Binder:1690_18 expire 3 lines
05-20 10:04:55.456 I/chatty  ( 1690): uid=1000(system) Binder:1690_14 expire 5 lines
05-20 10:04:56.475 I/chatty  ( 1690): uid=1000(system) Binder:1690_1B expire 3 lines
05-20 10:04:56.501 I/chatty  ( 1690): uid=1000(system) Binder:1690_2 expire 3 lines
05-20 10:04:56.741 I/chatty  ( 1690): uid=1000(system) Binder:1690_16 expire 2 lines
05-20 10:04:56.746 I/chatty  ( 1690): uid=1000(system) Binder:1690_12 expire 3 lines
05-20 10:04:57.228 I/chatty  ( 1690): uid=1000(system) Binder:1690_F expire 2 lines
05-20 10:04:58.809 I/chatty  ( 1690): uid=1000(system) Binder:1690_8 expire 1 line
05-20 10:04:59.180 I/chatty  ( 1690): uid=1000(system) ActivityManager expire 1 line
05-20 10:04:59.202 I/chatty  ( 1690): uid=1000(system) WifiP2pService expire 4 lines
05-20 10:04:59.904 I/chatty  ( 1690): uid=1000(system) android.display expire 65 lines
05-20 10:05:01.867 I/chatty  ( 1690): uid=1000 system_server expire 14 lines
05-20 10:05:02.088 I/chatty  ( 1690): uid=1000(system) Binder:1690_9 expire 2 lines
05-20 10:05:02.095 I/chatty  ( 1690): uid=1000(system) Binder:1690_B expire 3 lines
05-20 10:05:02.113 I/chatty  ( 1690): uid=1000(system) Binder:1690_C expire 1 line
05-20 10:05:02.168 I/chatty  ( 1690): uid=1000(system) Binder:1690_6 expire 2 lines
05-20 10:05:02.186 I/chatty  ( 1690): uid=1000(system) Binder:1690_4 expire 2 lines
05-20 10:05:02.249 I/chatty  ( 1690): uid=1000(system) Binder:1690_1B expire 1 line
05-20 10:05:02.272 I/chatty  ( 1690): uid=1000(system) Binder:1690_1A expire 2 lines
05-20 10:05:02.292 I/chatty  ( 1690): uid=1000(system) Binder:1690_17 expire 1 line
05-20 10:05:02.299 I/chatty  ( 1690): uid=1000(system) Binder:1690_F expire 2 lines
05-20 10:05:02.324 I/chatty  ( 1690): uid=1000(system) Binder:1690_18 expire 2 lines
05-20 10:05:02.452 I/chatty  ( 1690): uid=1000(system) Binder:1690_13 expire 1 line
05-20 10:05:02.535 I/chatty  ( 1690): uid=1000(system) Binder:1690_15 expire 2 lines
05-20 10:05:02.595 I/chatty  ( 1690): uid=1000(system) Binder:1690_12 expire 2 lines
05-20 10:05:02.598 I/chatty  ( 1690): uid=1000(system) Binder:1690_2 expire 1 line
05-20 10:05:02.609 E/ActivityThread(13355): Activity com.nearme.instant.LauncherActivity$Launcher0 has leaked ServiceConnection com.oppo.ohome.api.ipc.IotIpcApi$2@3e2da6 that was originally bound here
05-20 10:05:02.609 E/ActivityThread(13355): android.app.ServiceConnectionLeaked: Activity com.nearme.instant.LauncherActivity$Launcher0 has leaked ServiceConnection com.oppo.ohome.api.ipc.IotIpcApi$2@3e2da6 that was originally bound here
05-20 10:05:02.609 E/ActivityThread(13355): 	at android.app.LoadedApk$ServiceDispatcher.<init>(LoadedApk.java:1449)
05-20 10:05:02.609 E/ActivityThread(13355): 	at android.app.LoadedApk.getServiceDispatcher(LoadedApk.java:1344)
05-20 10:05:02.609 E/ActivityThread(13355): 	at android.app.ContextImpl.bindServiceCommon(ContextImpl.java:1578)
05-20 10:05:02.609 E/ActivityThread(13355): 	at android.app.ContextImpl.bindService(ContextImpl.java:1550)
05-20 10:05:02.609 E/ActivityThread(13355): 	at android.content.ContextWrapper.bindService(ContextWrapper.java:647)
05-20 10:05:02.609 E/ActivityThread(13355): 	at com.oppo.ohome.api.ipc.IotIpcApi.bindService(SourceFile:119)
05-20 10:05:02.609 E/ActivityThread(13355): 	at com.oppo.ohome.api.ipc.IotIpcApi.bind(SourceFile:56)
05-20 10:05:02.609 E/ActivityThread(13355): 	at com.nearme.instant.features.IOT.a(SourceFile:124)
05-20 10:05:02.609 E/ActivityThread(13355): 	at com.nearme.instant.features.IOT.invokeInner(SourceFile:95)
05-20 10:05:02.609 E/ActivityThread(13355): 	at com.nearme.instant.bridge.AbstractHybridFeature.invoke(SourceFile:66)
05-20 10:05:02.609 E/ActivityThread(13355): 	at com.nearme.instant.bridge.k$a.run(SourceFile:318)
05-20 10:05:02.609 E/ActivityThread(13355): 	at java.util.concurrent.ThreadPoolExecutor.runWorker(ThreadPoolExecutor.java:1133)
05-20 10:05:02.609 E/ActivityThread(13355): 	at java.util.concurrent.ThreadPoolExecutor$Worker.run(ThreadPoolExecutor.java:607)
05-20 10:05:02.609 E/ActivityThread(13355): 	at java.lang.Thread.run(Thread.java:761)
05-20 10:05:02.611 I/chatty  ( 1690): uid=1000(system) Binder:1690_14 expire 3 lines
05-20 10:05:02.626 I/chatty  ( 1690): uid=1000(system) Binder:1690_8 expire 1 line
05-20 10:05:02.632 I/chatty  ( 1690): uid=1000(system) Binder:1690_5 expire 2 lines
05-20 10:05:02.655 I/chatty  ( 1690): uid=1000(system) Binder:1690_19 expire 2 lines
05-20 10:05:02.672 I/chatty  ( 1690): uid=1000(system) Binder:1690_D expire 1 line
05-20 10:05:14.728 I/chatty  ( 1690): uid=1000(system) Binder:1690_11 expire 1 line
05-20 10:05:14.735 I/chatty  ( 1690): uid=1000(system) Binder:1690_3 expire 2 lines
05-20 10:05:14.743 I/chatty  ( 1690): uid=1000(system) Binder:1690_16 expire 2 lines
05-20 10:05:14.751 I/chatty  ( 1690): uid=1000(system) Binder:1690_7 expire 1 line
05-20 10:05:15.105 E/ActivityThread(13917): Failed to find provider info for com.coloros.personalassistant
05-20 10:05:15.491 I/chatty  ( 1690): uid=1000(system) android.display expire 61 lines
05-20 10:05:16.111 I/chatty  ( 1690): uid=1000(system) Binder:1690_1 expire 1 line
05-20 10:05:16.116 E/ActivityThread(13917): Failed to find provider info for com.coloros.personalassistant
05-20 10:05:16.117 I/chatty  ( 1690): uid=1000(system) Binder:1690_A expire 4 lines
05-20 10:05:29.993 I/chatty  ( 1690): uid=1000(system) Binder:1690_13 expire 6 lines
05-20 10:05:30.083 I/chatty  ( 1690): uid=1000 system_server expire 10 lines
05-20 10:05:30.084 I/chatty  ( 1690): uid=1000(system) android.display expire 50 lines
05-20 10:05:41.565 I/chatty  ( 1690): uid=1000(system) Binder:1690_1A expire 6 lines
05-20 10:05:41.586 I/chatty  ( 1690): uid=1000(system) Binder:1690_E expire 4 lines
05-20 10:05:42.776 D/ViewRootImpl( 2461): swipeFromBottom mIgnoring true downY 1896 mScreenHeight 1920 mStatusBarHeight 54 globalScale -1.0
05-20 10:05:42.785 D/ViewRootImpl( 2461): swipeFromBottom mIgnoring true downY 1896 mScreenHeight 1920 mStatusBarHeight 54 globalScale -1.0
05-20 10:05:42.785 D/ViewRootImpl( 2461): swipeFromBottom mIgnoring === false downY 1896 mStatusBarHeight 54
05-20 10:05:43.268 I/chatty  ( 1690): uid=1000(system) Binder:1690_4 expire 3 lines
05-20 10:05:43.312 I/chatty  ( 1690): uid=1000(system) android.display expire 16 lines
05-20 10:05:43.332 I/chatty  ( 1690): uid=1000(system) Binder:1690_F expire 4 lines
05-20 10:06:00.045 I/chatty  ( 1690): uid=1000(system) ActivityManager expire 1 line
05-20 10:06:02.329 I/chatty  ( 1690): uid=1000(system) Binder:1690_18 expire 6 lines
05-20 10:06:09.422 I/chatty  ( 1690): uid=1000(system) Binder:1690_14 expire 4 lines
05-20 10:06:09.432 E/ActivityThread(13917): Failed to find provider info for com.coloros.personalassistant
05-20 10:06:09.441 I/chatty  ( 1690): uid=1000(system) android.display expire 22 lines
05-20 10:06:09.580 E/ActivityThread(13917): Failed to find provider info for com.coloros.personalassistant
05-20 10:06:16.976 I/chatty  ( 1690): uid=1000(system) Binder:1690_3 expire 2 lines
05-20 10:06:17.011 I/chatty  ( 1690): uid=1000(system) Binder:1690_C expire 3 lines
05-20 10:06:17.098 I/chatty  ( 1690): uid=1000(system) Binder:1690_1 expire 2 lines
05-20 10:06:18.035 I/chatty  ( 1690): uid=1000(system) Binder:1690_16 expire 5 lines
05-20 10:06:18.059 I/chatty  ( 1690): uid=1000(system) Binder:1690_B expire 1 line
05-20 10:06:18.093 I/chatty  ( 1690): uid=1000(system) Binder:1690_11 expire 2 lines
05-20 10:06:22.538 I/chatty  ( 1690): uid=1000(system) Binder:1690_9 expire 2 lines
05-20 10:06:23.105 I/chatty  ( 1690): uid=1000(system) Binder:1690_6 expire 1 line
05-20 10:06:24.009 I/chatty  ( 1690): uid=1000(system) Binder:1690_19 expire 2 lines
05-20 10:06:24.027 I/chatty  ( 1690): uid=1000(system) Binder:1690_1B expire 2 lines
05-20 10:06:24.113 E/ActivityThread(13917): Failed to find provider info for com.coloros.personalassistant
05-20 10:06:24.300 I/chatty  ( 1690): uid=1000(system) android.display expire 22 lines
05-20 10:06:28.237 I/chatty  ( 1690): uid=1000(system) Binder:1690_5 expire 2 lines
05-20 10:06:32.941 I/chatty  ( 1690): uid=1000(system) Binder:1690_10 expire 1 line
05-20 10:06:33.010 I/chatty  ( 1690): uid=1000(system) Binder:1690_15 expire 7 lines
05-20 10:06:33.096 E/ActivityThread(13917): Failed to find provider info for com.coloros.personalassistant
05-20 10:06:35.537 I/chatty  ( 1690): uid=1000(system) android.display expire 68 lines
05-20 10:06:35.544 I/chatty  ( 1690): uid=1000(system) Binder:1690_18 expire 7 lines
05-20 10:06:35.596 I/chatty  ( 1690): uid=1000(system) Binder:1690_A expire 5 lines
05-20 10:06:35.849 I/chatty  ( 1690): uid=1000(system) ActivityManager expire 15 lines
05-20 10:06:36.583 I/chatty  ( 1690): uid=1000 system_server expire 5 lines
05-20 10:06:36.602 I/chatty  ( 1690): uid=1000(system) Binder:1690_9 expire 4 lines
05-20 10:06:36.602 I/chatty  ( 1690): uid=1000(system) Binder:1690_D expire 7 lines
05-20 10:06:36.603 I/chatty  ( 1690): uid=1000(system) Binder:1690_2 expire 5 lines
05-20 10:06:36.604 I/chatty  ( 1690): uid=1000(system) ConnectivitySer expire 4 lines
05-20 10:06:36.700 I/chatty  ( 1690): uid=1000(system) Binder:1690_17 expire 4 lines
05-20 10:06:37.130 I/chatty  ( 1690): uid=1000(system) Binder:1690_C expire 4 lines
05-20 10:06:44.393 I/chatty  ( 1690): uid=1000(system) Binder:1690_7 expire 2 lines
05-20 10:06:44.395 I/chatty  ( 1690): uid=1000(system) Binder:1690_8 expire 2 lines
05-20 10:06:44.397 I/chatty  ( 1690): uid=1000(system) Binder:1690_12 expire 3 lines
05-20 10:06:44.466 I/chatty  ( 1690): uid=1000(system) Binder:1690_3 expire 4 lines
05-20 10:06:44.494 I/chatty  ( 1690): uid=1000(system) Binder:1690_10 expire 4 lines
05-20 10:06:44.542 I/chatty  ( 1690): uid=1000(system) Binder:1690_14 expire 2 lines
05-20 10:06:44.547 I/chatty  ( 1690): uid=1000(system) Binder:1690_13 expire 3 lines
05-20 10:06:46.151 I/chatty  ( 1690): uid=1000(system) Binder:1690_1 expire 2 lines
05-20 10:06:46.212 I/chatty  ( 1690): uid=1000(system) Binder:1690_1A expire 4 lines
05-20 10:06:46.234 I/chatty  ( 1690): uid=1000(system) Binder:1690_4 expire 2 lines
05-20 10:06:46.267 I/chatty  ( 1690): uid=1000(system) Binder:1690_5 expire 3 lines
05-20 10:06:46.273 I/chatty  ( 1690): uid=1000(system) Binder:1690_19 expire 1 line
05-20 10:06:46.617 I/chatty  ( 1690): uid=1000(system) Binder:1690_6 expire 4 lines
05-20 10:06:47.011 I/chatty  ( 1690): uid=1000(system) Binder:1690_16 expire 2 lines
05-20 10:06:47.393 I/chatty  ( 1690): uid=1000(system) Binder:1690_F expire 2 lines
05-20 10:06:47.645 I/chatty  ( 1690): uid=1000(system) Binder:1690_1B expire 1 line
05-20 10:06:47.659 I/chatty  ( 1690): uid=1000(system) Binder:1690_B expire 4 lines
05-20 10:06:53.956 I/chatty  ( 1690): uid=1000(system) Binder:1690_E expire 1 line
05-20 10:06:54.009 I/chatty  ( 1690): uid=1000(system) Binder:1690_11 expire 5 lines
05-20 10:06:54.089 I/chatty  ( 1690): uid=1000(system) android.display expire 67 lines
05-20 10:06:54.881 I/chatty  ( 1690): uid=1000(system) Binder:1690_6 expire 3 lines
05-20 10:06:54.886 I/chatty  ( 1690): uid=1000(system) Binder:1690_17 expire 4 lines
05-20 10:06:54.937 I/chatty  ( 1690): uid=1000(system) Binder:1690_F expire 4 lines
05-20 10:06:54.971 I/chatty  ( 1690): uid=1000(system) Binder:1690_4 expire 8 lines
05-20 10:06:54.982 I/chatty  ( 1690): uid=1000(system) Binder:1690_10 expire 8 lines
05-20 10:06:55.849 I/chatty  ( 1690): uid=1000 system_server expire 2 lines
05-20 10:06:57.844 I/chatty  ( 1690): uid=1000(system) Binder:1690_D expire 6 lines
05-20 10:06:58.127 I/chatty  ( 1690): uid=1000(system) ActivityManager expire 2 lines
05-20 10:06:58.197 I/chatty  ( 1690): uid=1000(system) Binder:1690_16 expire 2 lines
05-20 10:06:58.218 I/chatty  ( 1690): uid=1000(system) Binder:1690_18 expire 5 lines
05-20 10:06:59.259 I/chatty  ( 1690): uid=1000(system) WifiP2pService expire 4 lines
05-20 10:07:00.905 I/chatty  ( 1690): uid=1000(system) Binder:1690_5 expire 5 lines
05-20 10:07:04.294 I/chatty  ( 1690): uid=1000(system) Binder:1690_12 expire 6 lines
05-20 10:07:04.331 I/chatty  ( 1690): uid=1000(system) Binder:1690_C expire 3 lines
05-20 10:07:04.400 I/chatty  ( 1690): uid=1000(system) Binder:1690_1A expire 4 lines
05-20 10:07:04.977 I/chatty  ( 1690): uid=1000(system) android.bg expire 1 line
05-20 10:07:10.235 I/chatty  ( 1690): uid=1000(system) Binder:1690_14 expire 3 lines
05-20 10:07:10.257 I/chatty  ( 1690): uid=1000(system) Binder:1690_E expire 6 lines
05-20 10:07:10.275 I/chatty  ( 1690): uid=1000(system) BroadcastQueue expire 1 line
05-20 10:07:10.338 I/chatty  ( 1690): uid=1000(system) Binder:1690_3 expire 4 lines
05-20 10:07:10.339 I/chatty  ( 1690): uid=1000(system) Binder:1690_7 expire 2 lines
05-20 10:07:10.367 I/chatty  ( 1690): uid=1000(system) Binder:1690_1B expire 4 lines
05-20 10:07:10.408 I/chatty  ( 1690): uid=1000(system) Binder:1690_13 expire 2 lines
05-20 10:07:10.416 I/chatty  ( 1690): uid=1000(system) Binder:1690_1 expire 9 lines
05-20 10:07:10.524 I/chatty  ( 1690): uid=1000(system) android.io expire 2 lines
05-20 10:07:10.663 I/chatty  ( 1690): uid=1000(system) Binder:1690_15 expire 4 lines
05-20 10:07:11.178 I/chatty  ( 1690): uid=1000(system) Binder:1690_8 expire 2 lines
05-20 10:07:18.773 I/chatty  ( 1690): uid=1000(system) Binder:1690_2 expire 2 lines
05-20 10:07:19.048 I/chatty  ( 1690): uid=1000(system) Binder:1690_19 expire 2 lines
05-20 10:07:21.000 I/chatty  ( 1690): uid=1000(system) Binder:1690_B expire 5 lines
05-20 10:07:21.064 I/chatty  ( 1690): uid=1000(system) Binder:1690_1B expire 6 lines
05-20 10:07:21.069 I/chatty  ( 1690): uid=1000(system) Binder:1690_11 expire 5 lines
05-20 10:07:21.083 I/chatty  ( 1690): uid=1000(system) android.display expire 60 lines
05-20 10:07:21.121 I/chatty  ( 1690): uid=1000(system) Binder:1690_9 expire 3 lines
05-20 10:07:21.406 I/chatty  ( 1690): uid=1000(system) Binder:1690_1A expire 5 lines
05-20 10:07:21.419 I/chatty  ( 1690): uid=1000(system) Binder:1690_E expire 4 lines
05-20 10:07:21.491 I/chatty  ( 1690): uid=1000(system) Binder:1690_4 expire 3 lines
05-20 10:07:21.673 I/chatty  ( 1690): uid=1000(system) Binder:1690_8 expire 6 lines
05-20 10:07:21.690 I/chatty  ( 1690): uid=1000(system) Binder:1690_12 expire 6 lines
05-20 10:07:21.836 I/chatty  ( 1690): uid=1000(system) Binder:1690_17 expire 4 lines
05-20 10:07:22.107 I/chatty  ( 1690): uid=1000(system) Binder:1690_A expire 4 lines
05-20 10:07:22.112 I/chatty  ( 1690): uid=1000(system) Binder:1690_7 expire 8 lines
05-20 10:07:22.116 I/chatty  ( 1690): uid=1000(system) Binder:1690_F expire 5 lines
05-20 10:07:22.120 I/chatty  ( 1690): uid=1000(system) Binder:1690_C expire 4 lines
05-20 10:07:22.127 I/chatty  ( 1690): uid=1000(system) Binder:1690_3 expire 3 lines
05-20 10:07:22.349 I/chatty  ( 1690): uid=1000(system) Binder:1690_D expire 3 lines
05-20 10:07:22.368 I/chatty  ( 1690): uid=1000(system) Binder:1690_14 expire 8 lines
05-20 10:07:22.767 I/chatty  ( 1690): uid=1000(system) Binder:1690_5 expire 4 lines
05-20 10:07:23.075 I/chatty  ( 1690): uid=1000 system_server expire 7 lines
05-20 10:07:25.425 I/chatty  ( 1690): uid=1000(system) Binder:1690_2 expire 5 lines
05-20 10:07:25.439 I/chatty  ( 1690): uid=1000(system) Binder:1690_15 expire 1 line
05-20 10:07:25.449 I/chatty  ( 1690): uid=1000(system) Binder:1690_10 expire 6 lines
05-20 10:07:27.803 I/chatty  ( 1690): uid=1000(system) Binder:1690_19 expire 2 lines
05-20 10:07:27.833 I/chatty  ( 1690): uid=1000(system) Binder:1690_18 expire 2 lines
05-20 10:07:29.346 I/chatty  ( 1690): uid=1000(system) Binder:1690_13 expire 3 lines
05-20 10:07:29.361 I/chatty  ( 1690): uid=1000(system) Binder:1690_1 expire 2 lines
05-20 10:07:31.919 I/chatty  ( 1690): uid=1000(system) Binder:1690_6 expire 2 lines
05-20 10:07:31.946 I/chatty  ( 1690): uid=1000(system) Binder:1690_16 expire 3 lines
05-20 10:07:36.528 D/ViewRootImpl(14496): swipeFromBottom mIgnoring true downY 1878 mScreenHeight 1920 mStatusBarHeight 54 globalScale -1.0
05-20 10:07:36.595 D/ViewRootImpl(14496): swipeFromBottom mIgnoring true downY 1878 mScreenHeight 1920 mStatusBarHeight 54 globalScale -1.0
05-20 10:07:36.595 D/ViewRootImpl(14496): swipeFromBottom mIgnoring === false downY 1878 mStatusBarHeight 54
05-20 10:07:36.645 I/chatty  ( 1690): uid=1000(system) android.display expire 89 lines
05-20 10:07:36.790 I/chatty  ( 1690): uid=1000(system) Binder:1690_7 expire 5 lines
05-20 10:07:36.799 I/chatty  ( 1690): uid=1000(system) Binder:1690_14 expire 6 lines
