05-20 10:51:45.289 V/WindowManager( 1690): reevaluateVisibility focusApp:AppWindowToken{fc1fc58 token=Token{49fb7ca ActivityRecord{ec4f56c u0 com.oppo.launcher/.Launcher t114}}}
05-20 10:51:45.289 D/TrackSmartisan(17260): [625] a.b: date is : 2019-05-13 00:00:00 time stamp is : 1557676800289
05-20 10:51:45.303 V/WindowManager( 1690): reevaluateVisibility focusApp:AppWindowToken{fc1fc58 token=Token{49fb7ca ActivityRecord{ec4f56c u0 com.oppo.launcher/.Launcher t114}}}
05-20 10:51:45.420 D/libc-netbsd(17260): [getaddrinfo]:  hostname=dc.smartisan.com;  servname=(null);  app_pid=17260;  app_uid=10106;  ai_flags=1024;  ai_family=0; ai_socktype=1 from prox result 0
05-20 10:51:45.716 E/ANDR-PERF-MPCTL(  592): invalid request, no optimizations performed
05-20 10:51:45.716 I/ActivityManager( 1690): START u0 {act=android.intent.action.MAIN cat=[android.intent.category.LAUNCHER] flg=0x10200000 cmp=com.oppo.ohome/.LaunchActivity bnds=[792,660][1044,954]} from uid 10017 and from pid 3569 on display 0
05-20 10:51:45.721 V/WindowManager( 1690): Changing focus from Window{169586c u0 com.oppo.launcher/com.oppo.launcher.Launcher} to null
05-20 10:51:45.723 V/WindowManager( 1690): reevaluateVisibility focusApp:AppWindowToken{393ecd2 token=Token{ffadb5d ActivityRecord{e039134 u0 com.oppo.ohome/.MainActivity t167}}}
05-20 10:51:45.730 D/elsa    ( 1690): app is ProcessRecord{8ee6770 17800:com.oppo.ohome/u0a230}, isInBlackList is false, isNeedSetProcessGroup is true
05-20 10:51:45.731 D/elsa    ( 1690): app is ProcessRecord{5197834 3569:com.oppo.launcher/u0a17}, isInBlackList is false, isNeedSetProcessGroup is true
05-20 10:51:45.736 I/chatty  (17800): uid=10230(com.oppo.ohome) expire 3 lines
05-20 10:51:45.738 V/WindowManager( 1690): reevaluateVisibility focusApp:AppWindowToken{393ecd2 token=Token{ffadb5d ActivityRecord{e039134 u0 com.oppo.ohome/.MainActivity t167}}}
05-20 10:51:45.745 I/chatty  (17800): uid=10230(com.oppo.ohome) expire 36 lines
05-20 10:51:45.745 I/chatty  (17800): uid=10230(com.oppo.ohome) expire 17 lines
05-20 10:51:45.747 D/elsa    ( 1690): app is ProcessRecord{5de911d 16501:com.oppo.usercenter/u0a87}, isInBlackList is false, isNeedSetProcessGroup is true
05-20 10:51:45.762 I/chatty  (19238): uid=10230 com.oppo.ohome:dcsV2 expire 63 lines
05-20 10:51:45.763 I/ActivityManager( 1690): Start proc 19238:com.oppo.ohome:dcsV2/u0a230 for service com.oppo.ohome/com.oppo.statistics.v2.upload.UploadService
05-20 10:51:45.764 I/chatty  (17800): uid=10230(com.oppo.ohome) expire 6 lines
05-20 10:51:45.771 I/chatty  ( 1690): uid=1000(system) Binder:1690_14 expire 5 lines
05-20 10:51:45.773 V/WindowManager( 1690): Changing focus from null to Window{89714ff u0 com.oppo.ohome/com.oppo.ohome.MainActivity}
05-20 10:51:45.776 V/WindowManager( 1690): reevaluateVisibility focusApp:AppWindowToken{393ecd2 token=Token{ffadb5d ActivityRecord{e039134 u0 com.oppo.ohome/.MainActivity t167}}}
05-20 10:51:45.781 D/elsa    ( 1690): app is ProcessRecord{5de911d 16501:com.oppo.usercenter/u0a87}, isInBlackList is false, isNeedSetProcessGroup is true
05-20 10:51:45.783 D/elsa    ( 1690): app is ProcessRecord{5de911d 16501:com.oppo.usercenter/u0a87}, isInBlackList is false, isNeedSetProcessGroup is true
05-20 10:51:45.791 I/chatty  (17800): uid=10230(com.oppo.ohome) expire 19 lines
05-20 10:51:45.799 D/elsa    ( 1690): app is ProcessRecord{5de911d 16501:com.oppo.usercenter/u0a87}, isInBlackList is false, isNeedSetProcessGroup is true
05-20 10:51:45.802 D/xx      ( 2406): setInputState  isInput=false isPre=false
05-20 10:51:45.802 D/xx      ( 2406): updateKeyboardKeys mComposer.update ComposingText()=
05-20 10:51:45.805 V/WindowManager( 1690): reevaluateVisibility focusApp:AppWindowToken{393ecd2 token=Token{ffadb5d ActivityRecord{e039134 u0 com.oppo.ohome/.MainActivity t167}}}
05-20 10:51:45.807 V/WindowManager( 1690): reevaluateVisibility focusApp:AppWindowToken{393ecd2 token=Token{ffadb5d ActivityRecord{e039134 u0 com.oppo.ohome/.MainActivity t167}}}
05-20 10:51:45.807 E/OpenGLRenderer( 3569): hwui_debug::CanvasContext createSurface sur=0x0, isValid =0
05-20 10:51:45.813 V/WindowManager( 1690): reevaluateVisibility focusApp:AppWindowToken{393ecd2 token=Token{ffadb5d ActivityRecord{e039134 u0 com.oppo.ohome/.MainActivity t167}}}
05-20 10:51:45.815 V/WindowManager( 1690): reevaluateVisibility focusApp:AppWindowToken{393ecd2 token=Token{ffadb5d ActivityRecord{e039134 u0 com.oppo.ohome/.MainActivity t167}}}
05-20 10:51:45.818 I/chatty  (19238): uid=10230 com.oppo.ohome:dcsV2 expire 4 lines
05-20 10:51:45.837 D/elsa    ( 1690): app is ProcessRecord{d5304ca 19238:com.oppo.ohome:dcsV2/u0a230}, isInBlackList is false, isNeedSetProcessGroup is true
05-20 10:51:45.841 D/elsa    ( 1690): app is ProcessRecord{d5304ca 19238:com.oppo.ohome:dcsV2/u0a230}, isInBlackList is false, isNeedSetProcessGroup is true
05-20 10:51:45.844 I/chatty  (19238): uid=10230 com.oppo.ohome:dcsV2 expire 282 lines
05-20 10:51:45.847 I/chatty  (19238): uid=10230 com.oppo.ohome:dcsV2 expire 4 lines
05-20 10:51:45.850 D/TrackSmartisan(17260): [625] a.b: uploadtask  {"code":0,"data":[]}
05-20 10:51:45.871 D/elsa    ( 1690): app is ProcessRecord{d5304ca 19238:com.oppo.ohome:dcsV2/u0a230}, isInBlackList is false, isNeedSetProcessGroup is true
05-20 10:51:46.023 D/elsa    ( 1690): app is ProcessRecord{5197834 3569:com.oppo.launcher/u0a17}, isInBlackList is false, isNeedSetProcessGroup is true
05-20 10:51:46.024 I/Launcher.LauncherTraceUtil( 3569): writeLauncherStateToFile. The mStateTrace is null!
05-20 10:51:46.025 V/WindowManager( 1690): reevaluateVisibility focusApp:AppWindowToken{393ecd2 token=Token{ffadb5d ActivityRecord{e039134 u0 com.oppo.ohome/.MainActivity t167}}}
05-20 10:51:46.025 V/WindowManager( 1690): reevaluateVisibility focusApp:AppWindowToken{393ecd2 token=Token{ffadb5d ActivityRecord{e039134 u0 com.oppo.ohome/.MainActivity t167}}}
05-20 10:51:46.038 V/WindowManager( 1690): reevaluateVisibility focusApp:AppWindowToken{393ecd2 token=Token{ffadb5d ActivityRecord{e039134 u0 com.oppo.ohome/.MainActivity t167}}}
05-20 10:51:46.106 D/elsa    ( 1690): app is ProcessRecord{5de911d 16501:com.oppo.usercenter/u0a87}, isInBlackList is false, isNeedSetProcessGroup is true
05-20 10:51:46.113 I/chatty  (17800): uid=10230(com.oppo.ohome) expire 12 lines
05-20 10:51:46.150 D/elsa    ( 1690): app is ProcessRecord{5de911d 16501:com.oppo.usercenter/u0a87}, isInBlackList is false, isNeedSetProcessGroup is true
05-20 10:51:46.163 D/        (  683): power_monitor upthreshold 0, downthreshold 0 , temp1 356, temp2 369
05-20 10:51:46.776 I/chatty  ( 1690): uid=1000(system) Binder:1690_C expire 4 lines
05-20 10:51:47.731 E/ANDR-PERF-MPCTL(  592): Invalid profile no. 0, total profiles 0 only
05-20 10:51:47.815 E/ANDR-PERF-RESOURCEQS(  592): Failed to reset optimization [3, 0]
05-20 10:51:47.958 I/chatty  ( 1690): uid=1000(system) WifiStateMachin expire 121 lines
05-20 10:51:48.283 D/xx      ( 2406): setInputState  isInput=false isPre=false
05-20 10:51:48.283 D/xx      ( 2406): updateKeyboardKeys mComposer.update ComposingText()=
05-20 10:51:48.399 E/ANDR-PERF-MPCTL(  592): invalid request, no optimizations performed
05-20 10:51:48.401 I/ActivityManager( 1690): START u0 {act=android.intent.action.MAIN cat=[android.intent.category.HOME] flg=0x10000000 cmp=com.oppo.launcher/.Launcher} from uid 10230 and from pid 17800 on display 0
05-20 10:51:48.401 I/chatty  ( 1690): uid=1000(system) Binder:1690_11 expire 2 lines
05-20 10:51:48.401 D/ActivityManager( 1690): back_key start home app callingpkg: com.oppo.ohome
05-20 10:51:48.402 V/WindowManager( 1690): Changing focus from Window{89714ff u0 com.oppo.ohome/com.oppo.ohome.MainActivity} to null
05-20 10:51:48.405 V/WindowManager( 1690): reevaluateVisibility focusApp:AppWindowToken{fc1fc58 token=Token{49fb7ca ActivityRecord{ec4f56c u0 com.oppo.launcher/.Launcher t114}}}
05-20 10:51:48.410 D/elsa    ( 1690): app is ProcessRecord{5197834 3569:com.oppo.launcher/u0a17}, isInBlackList is false, isNeedSetProcessGroup is true
05-20 10:51:48.411 V/WindowManager( 1690): reevaluateVisibility focusApp:AppWindowToken{fc1fc58 token=Token{49fb7ca ActivityRecord{ec4f56c u0 com.oppo.launcher/.Launcher t114}}}
05-20 10:51:48.412 D/elsa    ( 1690): app is ProcessRecord{8ee6770 17800:com.oppo.ohome/u0a230}, isInBlackList is false, isNeedSetProcessGroup is true
05-20 10:51:48.425 E/OpenGLRenderer( 3569): hwui_debug::CanvasContext createSurface sur=0x0, isValid =0
05-20 10:51:48.439 V/WindowManager( 1690): reevaluateVisibility focusApp:AppWindowToken{fc1fc58 token=Token{49fb7ca ActivityRecord{ec4f56c u0 com.oppo.launcher/.Launcher t114}}}
05-20 10:51:48.448 D/Launcher.Launcher( 3569):  onResume restoring = false, loading = false :ScreenState, visible = false, pause = true, screenOn = true, kgdLocked = false
05-20 10:51:48.452 D/Launcher.Launcher( 3569): onResume end, this = com.oppo.launcher.Launcher@ecba8eb
05-20 10:51:48.461 V/WindowManager( 1690): Changing focus from null to Window{169586c u0 com.oppo.launcher/com.oppo.launcher.Launcher}
05-20 10:51:48.463 V/WindowManager( 1690): reevaluateVisibility focusApp:AppWindowToken{fc1fc58 token=Token{49fb7ca ActivityRecord{ec4f56c u0 com.oppo.launcher/.Launcher t114}}}
05-20 10:51:48.482 D/xx      ( 2406): setInputState  isInput=false isPre=false
05-20 10:51:48.482 D/xx      ( 2406): updateKeyboardKeys mComposer.update ComposingText()=
05-20 10:51:48.484 D/xx      ( 2406): setInputState  isInput=false isPre=false
05-20 10:51:48.484 D/xx      ( 2406): updateKeyboardKeys mComposer.update ComposingText()=
05-20 10:51:48.500 V/WindowManager( 1690): reevaluateVisibility focusApp:AppWindowToken{fc1fc58 token=Token{49fb7ca ActivityRecord{ec4f56c u0 com.oppo.launcher/.Launcher t114}}}
05-20 10:51:48.501 V/WindowManager( 1690): reevaluateVisibility focusApp:AppWindowToken{fc1fc58 token=Token{49fb7ca ActivityRecord{ec4f56c u0 com.oppo.launcher/.Launcher t114}}}
05-20 10:51:48.504 V/WindowManager( 1690): reevaluateVisibility focusApp:AppWindowToken{fc1fc58 token=Token{49fb7ca ActivityRecord{ec4f56c u0 com.oppo.launcher/.Launcher t114}}}
05-20 10:51:48.530 V/WindowManager( 1690): reevaluateVisibility focusApp:AppWindowToken{fc1fc58 token=Token{49fb7ca ActivityRecord{ec4f56c u0 com.oppo.launcher/.Launcher t114}}}
05-20 10:51:48.712 D/elsa    ( 1690): app is ProcessRecord{8ee6770 17800:com.oppo.ohome/u0a230}, isInBlackList is false, isNeedSetProcessGroup is true
05-20 10:51:48.716 V/WindowManager( 1690): reevaluateVisibility focusApp:AppWindowToken{fc1fc58 token=Token{49fb7ca ActivityRecord{ec4f56c u0 com.oppo.launcher/.Launcher t114}}}
05-20 10:51:48.716 V/WindowManager( 1690): reevaluateVisibility focusApp:AppWindowToken{fc1fc58 token=Token{49fb7ca ActivityRecord{ec4f56c u0 com.oppo.launcher/.Launcher t114}}}
05-20 10:51:48.730 V/WindowManager( 1690): reevaluateVisibility focusApp:AppWindowToken{fc1fc58 token=Token{49fb7ca ActivityRecord{ec4f56c u0 com.oppo.launcher/.Launcher t114}}}
05-20 10:51:48.779 I/chatty  ( 1690): uid=1000(system) Binder:1690_8 expire 4 lines
05-20 10:51:49.167 I/Recents ( 3129): toggleRecents() growTarget=-1
05-20 10:51:49.172 I/RecentsImpl( 3129): toggleRecents() growTarget=-1
05-20 10:51:49.177 I/RecentsImpl( 3129): startRecentsActivity() isHomeStackVisible=true, animate=true, growTarget=-1 runningTask:android.app.ActivityManager$RunningTaskInfo@9181e14
05-20 10:51:49.189 E/ANDR-PERF-MPCTL(  592): invalid request, no optimizations performed
05-20 10:51:49.190 I/ActivityManager( 1690): START u0 {flg=0x10804000 cmp=com.coloros.recents/.RecentsActivity} from uid 1000 and from pid 3129 on display 0
05-20 10:51:49.193 V/WindowManager( 1690): Changing focus from Window{169586c u0 com.oppo.launcher/com.oppo.launcher.Launcher} to null
05-20 10:51:49.197 D/elsa    ( 1690): app is ProcessRecord{dbd51cf 3129:com.coloros.recents/1000}, isInBlackList is false, isNeedSetProcessGroup is true
05-20 10:51:49.198 D/elsa    ( 1690): app is ProcessRecord{5197834 3569:com.oppo.launcher/u0a17}, isInBlackList is false, isNeedSetProcessGroup is true
05-20 10:51:49.201 V/WindowManager( 1690): reevaluateVisibility focusApp:AppWindowToken{d7aa0d4 token=Token{22f50e6 ActivityRecord{96b0a28 u0 com.coloros.recents/.RecentsActivity t117}}}
05-20 10:51:49.202 I/DividerView( 3129): onBusEvent RecentsActivityStartingEvent mGrowRecents=true
05-20 10:51:49.202 D/elsa    ( 1690): app is ProcessRecord{5197834 3569:com.oppo.launcher/u0a17}, isInBlackList is false, isNeedSetProcessGroup is true
05-20 10:51:49.207 I/RecentsActivity( 3129): onNewIntent()
05-20 10:51:49.211 I/Launcher.LauncherTraceUtil( 3569): writeLauncherStateToFile. The mStateTrace is null!
05-20 10:51:49.219 D/RecentsActivity( 3129): setClearPanelShow--true isInMultiWindowMode:false
05-20 10:51:49.221 D/RecentsActivity( 3129): setClearPanelShow--true isInMultiWindowMode:false
05-20 10:51:49.221 I/chatty  ( 1690): uid=1000(system) Binder:1690_E expire 3 lines
05-20 10:51:49.223 I/RecentsActivity( 3129): onStart()
05-20 10:51:49.224 I/RecentsActivity( 3129): onResume()
05-20 10:51:49.224 I/StatusBarManagerService( 1690): disable, what:65536, pkg:com.coloros.recents
05-20 10:51:49.225 D/elsa    ( 1690): app is ProcessRecord{d343295 2812:com.nearme.statistics.rom/1000}, isInBlackList is false, isNeedSetProcessGroup is true
05-20 10:51:49.227 D/elsa    ( 1690): app is ProcessRecord{d343295 2812:com.nearme.statistics.rom/1000}, isInBlackList is false, isNeedSetProcessGroup is true
05-20 10:51:49.229 E/OpenGLRenderer( 3569): hwui_debug::CanvasContext createSurface sur=0x0, isValid =0
05-20 10:51:49.230 D/elsa    ( 1690): app is ProcessRecord{d343295 2812:com.nearme.statistics.rom/1000}, isInBlackList is false, isNeedSetProcessGroup is true
05-20 10:51:49.233 D/elsa    ( 1690): app is ProcessRecord{d343295 2812:com.nearme.statistics.rom/1000}, isInBlackList is false, isNeedSetProcessGroup is true
05-20 10:51:49.234 V/WindowManager( 1690): reevaluateVisibility focusApp:AppWindowToken{d7aa0d4 token=Token{22f50e6 ActivityRecord{96b0a28 u0 com.coloros.recents/.RecentsActivity t117}}}
05-20 10:51:49.238 V/WindowManager( 1690): Changing focus from null to Window{1b860ca u0 com.coloros.recents/com.coloros.recents.RecentsActivity}
05-20 10:51:49.239 V/WindowManager( 1690): reevaluateVisibility focusApp:AppWindowToken{d7aa0d4 token=Token{22f50e6 ActivityRecord{96b0a28 u0 com.coloros.recents/.RecentsActivity t117}}}
05-20 10:51:49.242 I/DividerView( 3129): onBusEvent RecentsDrawnEvent animateAfterRecentsDrawn:false, growAfterRecentsDrawn:false
05-20 10:51:49.253 D/MSF.D.QLog( 3393): QLog clear logs
05-20 10:51:49.257 D/xx      ( 2406): setInputState  isInput=false isPre=false
05-20 10:51:49.257 D/xx      ( 2406): updateKeyboardKeys mComposer.update ComposingText()=
05-20 10:51:49.265 I/WindowManager( 1690): finishPostLayoutPolicyLw (statusbar != null ) true topIsFullscreen true top = Window{1b860ca u0 com.coloros.recents/com.coloros.recents.RecentsActivity}
05-20 10:51:49.265 I/StatusBarManagerService( 1690):  topIsFullscreen fullscreen true
05-20 10:51:49.266 V/WindowManager( 1690): reevaluateVisibility focusApp:AppWindowToken{d7aa0d4 token=Token{22f50e6 ActivityRecord{96b0a28 u0 com.coloros.recents/.RecentsActivity t117}}}
05-20 10:51:49.266 V/WindowManager( 1690): reevaluateVisibility focusApp:AppWindowToken{d7aa0d4 token=Token{22f50e6 ActivityRecord{96b0a28 u0 com.coloros.recents/.RecentsActivity t117}}}
05-20 10:51:49.267 V/WindowManager( 1690): reevaluateVisibility focusApp:AppWindowToken{d7aa0d4 token=Token{22f50e6 ActivityRecord{96b0a28 u0 com.coloros.recents/.RecentsActivity t117}}}
05-20 10:51:49.278 E/OpenGLRenderer( 3569): hwui_debug::CanvasContext createSurface sur=0x0, isValid =0
05-20 10:51:49.280 V/WindowManager( 1690): reevaluateVisibility focusApp:AppWindowToken{d7aa0d4 token=Token{22f50e6 ActivityRecord{96b0a28 u0 com.coloros.recents/.RecentsActivity t117}}}
05-20 10:51:49.403 D/AudioFlinger(  939): getActiveAudioPids pids :
05-20 10:51:49.403 D/ActivityManager( 1690): pkgName: com.oppo.ohome userId: 0 killed for back_key
05-20 10:51:49.404 I/ActivityManager( 1690): Force stopping com.oppo.ohome appid=10230 user=0: from pid 1690
05-20 10:51:49.404 I/ActivityManager( 1690): Killing 19238:com.oppo.ohome:dcsV2/u0a230 (adj 500): stop com.oppo.ohome
05-20 10:51:49.404 D/ActivityManager( 1690): cleanUpApplicationRecord -- 19238
05-20 10:51:49.405 W/ActivityManager( 1690): Service crashed 0 times, stopping: ServiceRecord{597f835 u0 com.oppo.ohome/com.oppo.statistics.v2.upload.UploadService}this is not core appcom.oppo.ohome:dcsV2
05-20 10:51:49.405 I/ActivityManager( 1690): Killing 17800:com.oppo.ohome/u0a230 (adj 900): stop com.oppo.ohome
05-20 10:51:49.405 D/ActivityManager( 1690): cleanUpApplicationRecord -- 17800
05-20 10:51:49.406 W/ActivityManager( 1690): Service crashed 0 times, stopping: ServiceRecord{bd2021b u0 com.oppo.ohome/.opush.OPushMessageService}this is not core appcom.oppo.ohome
05-20 10:51:49.406 I/ActivityManager( 1690): Killing 18798:com.oppo.ohome:ipc/u0a230 (adj 900): stop com.oppo.ohome
05-20 10:51:49.406 D/ActivityManager( 1690): cleanUpApplicationRecord -- 18798
05-20 10:51:49.406 W/ActivityManager( 1690): Service crashed 1 times, stopping: ServiceRecord{fbcb2e0 u0 com.oppo.ohome/.ipc.IotIpcService}this is not core appcom.oppo.ohome:ipc
05-20 10:51:49.410 W/RemoteDisplayProvider( 1690): Ignoring remote display provider service because it does not have the CAPTURE_VIDEO_OUTPUT or CAPTURE_SECURE_VIDEO_OUTPUT permission: com.google.android.gms/com.google.android.gms.cast.media.CastRemoteDisplayProviderService
05-20 10:51:49.411 D/CarrierSvcBindHelper( 2581): No carrier app for: 0
05-20 10:51:49.412 D/CarrierSvcBindHelper( 2581): No carrier app for: 1
05-20 10:51:49.497 V/WindowManager( 1690): reevaluateVisibility focusApp:AppWindowToken{d7aa0d4 token=Token{22f50e6 ActivityRecord{96b0a28 u0 com.coloros.recents/.RecentsActivity t117}}}
05-20 10:51:49.498 V/WindowManager( 1690): reevaluateVisibility focusApp:AppWindowToken{d7aa0d4 token=Token{22f50e6 ActivityRecord{96b0a28 u0 com.coloros.recents/.RecentsActivity t117}}}
05-20 10:51:49.650 V/WindowManager( 1690): reevaluateVisibility focusApp:AppWindowToken{d7aa0d4 token=Token{22f50e6 ActivityRecord{96b0a28 u0 com.coloros.recents/.RecentsActivity t117}}}
05-20 10:51:49.718 D/AudioFlinger(  939): getActiveAudioPids pids :
05-20 10:51:49.720 D/ActivityManager( 1690): pkgName: com.oppo.ohome userId: 0 killed for back_key
05-20 10:51:49.720 I/ActivityManager( 1690): Force stopping com.oppo.ohome appid=10230 user=0: from pid 1690
05-20 10:51:49.727 D/CarrierSvcBindHelper( 2581): No carrier app for: 0
05-20 10:51:49.728 D/CarrierSvcBindHelper( 2581): No carrier app for: 1
05-20 10:51:49.731 W/RemoteDisplayProvider( 1690): Ignoring remote display provider service because it does not have the CAPTURE_VIDEO_OUTPUT or CAPTURE_SECURE_VIDEO_OUTPUT permission: com.google.android.gms/com.google.android.gms.cast.media.CastRemoteDisplayProviderService
05-20 10:51:49.784 I/chatty  ( 1690): uid=1000(system) Binder:1690_1A expire 11 lines
05-20 10:51:50.048 I/chatty  (18050): uid=10226 com.nearme.instant.platform:Launcher0 expire 2 lines
05-20 10:51:50.776 D/elsa    ( 1690): app is ProcessRecord{d343295 2812:com.nearme.statistics.rom/1000}, isInBlackList is false, isNeedSetProcessGroup is true
05-20 10:51:50.784 D/elsa    ( 1690): app is ProcessRecord{d343295 2812:com.nearme.statistics.rom/1000}, isInBlackList is false, isNeedSetProcessGroup is true
05-20 10:51:50.792 I/chatty  ( 1690): uid=1000(system) Binder:1690_16 expire 4 lines
05-20 10:51:50.852 I/chatty  ( 1690): uid=1000(system) Binder:1690_13 expire 4 lines
05-20 10:51:50.852 W/ActivityManager( 1690): Next up task set to return home TaskRecord{11e347a #164 A=com.smartisanos.smartfolder.aoa U=0 StackId=1 sz=1}
05-20 10:51:50.860 I/ActivityManager( 1690): Killing 17995:com.nearme.instant.platform:provider/u0a226 (adj 900): remove task
05-20 10:51:50.862 I/ActivityManager( 1690): Killing 18050:com.nearme.instant.platform:Launcher0/u0a226 (adj 900): remove task
05-20 10:51:50.884 D/ActivityManager( 1690): cleanUpApplicationRecord -- 17995
05-20 10:51:50.916 I/WindowManager( 1690): WIN DEATH: Window{334d398 u0 com.nearme.instant.platform/com.nearme.instant.LauncherActivity$Launcher0}
05-20 10:51:50.916 I/chatty  ( 1690): uid=1000(system) Binder:1690_17 expire 8 lines
05-20 10:51:50.916 I/chatty  ( 1690): uid=1000(system) Binder:1690_7 expire 3 lines
05-20 10:51:50.917 D/ActivityManager( 1690): cleanUpApplicationRecord -- 18050
05-20 10:51:50.921 V/WindowManager( 1690): reevaluateVisibility focusApp:AppWindowToken{d7aa0d4 token=Token{22f50e6 ActivityRecord{96b0a28 u0 com.coloros.recents/.RecentsActivity t117}}}
05-20 10:51:51.294 E/ANDR-PERF-MPCTL(  592): Invalid profile no. 0, total profiles 0 only
05-20 10:51:51.300 E/ANDR-PERF-RESOURCEQS(  592): Failed to reset optimization [3, 0]
05-20 10:51:51.799 I/chatty  ( 1690): uid=1000(system) Binder:1690_5 expire 6 lines
05-20 10:51:51.920 E/ANDR-PERF-MPCTL(  592): Invalid profile no. 0, total profiles 0 only
05-20 10:51:51.923 E/ANDR-PERF-RESOURCEQS(  592): Failed to reset optimization [3, 0]
05-20 10:51:52.174 I/ActivityManager( 1690): Killing 17966:com.nearme.instant.platform/u0a226 (adj 900): remove task
05-20 10:51:52.176 D/elsa    ( 1690): app is ProcessRecord{d343295 2812:com.nearme.statistics.rom/1000}, isInBlackList is false, isNeedSetProcessGroup is true
05-20 10:51:52.180 D/elsa    ( 1690): app is ProcessRecord{d343295 2812:com.nearme.statistics.rom/1000}, isInBlackList is false, isNeedSetProcessGroup is true
05-20 10:51:52.232 I/WindowManager( 1690): WIN DEATH: Window{3e238ee u0 com.nearme.instant.platform/com.oppo.autotest.main.InstantAppActivity}
05-20 10:51:52.233 D/ActivityManager( 1690): cleanUpApplicationRecord -- 17966
05-20 10:51:52.240 V/WindowManager( 1690): reevaluateVisibility focusApp:AppWindowToken{d7aa0d4 token=Token{22f50e6 ActivityRecord{96b0a28 u0 com.coloros.recents/.RecentsActivity t117}}}
05-20 10:51:52.495 E/ANDR-PERF-MPCTL(  592): Invalid profile no. 0, total profiles 0 only
05-20 10:51:52.500 E/ANDR-PERF-RESOURCEQS(  592): Failed to reset optimization [3, 0]
05-20 10:51:52.804 I/chatty  ( 1690): uid=1000(system) Binder:1690_B expire 2 lines
05-20 10:51:54.096 I/ActivityManager( 1690): Force stopping com.oppo.ohome appid=10230 user=0: from pid 3129
05-20 10:51:54.103 D/elsa    ( 1690): app is ProcessRecord{d343295 2812:com.nearme.statistics.rom/1000}, isInBlackList is false, isNeedSetProcessGroup is true
05-20 10:51:54.106 D/elsa    ( 1690): app is ProcessRecord{d343295 2812:com.nearme.statistics.rom/1000}, isInBlackList is false, isNeedSetProcessGroup is true
05-20 10:51:54.112 W/RemoteDisplayProvider( 1690): Ignoring remote display provider service because it does not have the CAPTURE_VIDEO_OUTPUT or CAPTURE_SECURE_VIDEO_OUTPUT permission: com.google.android.gms/com.google.android.gms.cast.media.CastRemoteDisplayProviderService
05-20 10:51:54.113 D/CarrierSvcBindHelper( 2581): No carrier app for: 0
05-20 10:51:54.114 D/CarrierSvcBindHelper( 2581): No carrier app for: 1
05-20 10:51:54.416 D/fpc_tac (  959): fpc_tee_set_zone, status code: 0
05-20 10:51:54.416 D/fpc_hal (  959): nav_event_report_keydown
05-20 10:51:54.420 D/fpc_tac (  959): fpc_tee_wait_finger_lost_without_interrupt
05-20 10:51:54.467 D/fpc_tac (  959): monitor_trigger before there is no touch down
05-20 10:51:54.467 D/fpc_hal (  959): nav_event_report_keyup
05-20 10:51:54.477 D/fpc_tac (  959): fpc_irq_wait
05-20 10:51:54.514 I/Divider ( 3129): receive home key!
05-20 10:51:54.515 E/ANDR-PERF-MPCTL(  592): invalid request, no optimizations performed
05-20 10:51:54.515 I/ActivityManager( 1690): START u0 {act=android.intent.action.MAIN cat=[android.intent.category.HOME] flg=0x10200000 cmp=com.oppo.launcher/.Launcher (has extras)} from uid 1000 and from pid 1690 on display 0
05-20 10:51:54.516 V/WindowManager( 1690): Changing focus from Window{1b860ca u0 com.coloros.recents/com.coloros.recents.RecentsActivity} to null
05-20 10:51:54.518 I/RecentsActivity( 3129): onPause()
05-20 10:51:54.518 I/StatusBarManagerService( 1690): disable, what:0, pkg:com.coloros.recents
05-20 10:51:54.519 V/WindowManager( 1690): reevaluateVisibility focusApp:AppWindowToken{fc1fc58 token=Token{49fb7ca ActivityRecord{ec4f56c u0 com.oppo.launcher/.Launcher t114}}}
05-20 10:51:54.521 V/WindowManager( 1690): reevaluateVisibility focusApp:AppWindowToken{fc1fc58 token=Token{49fb7ca ActivityRecord{ec4f56c u0 com.oppo.launcher/.Launcher t114}}}
05-20 10:51:54.521 D/elsa    ( 1690): app is ProcessRecord{5197834 3569:com.oppo.launcher/u0a17}, isInBlackList is false, isNeedSetProcessGroup is true
05-20 10:51:54.522 E/OpenGLRenderer( 3569): hwui_debug::CanvasContext createSurface sur=0x0, isValid =0
05-20 10:51:54.522 D/elsa    ( 1690): app is ProcessRecord{dbd51cf 3129:com.coloros.recents/1000}, isInBlackList is false, isNeedSetProcessGroup is true
05-20 10:51:54.524 V/WindowManager( 1690): reevaluateVisibility focusApp:AppWindowToken{fc1fc58 token=Token{49fb7ca ActivityRecord{ec4f56c u0 com.oppo.launcher/.Launcher t114}}}
05-20 10:51:54.525 I/WindowManager( 1690): finishPostLayoutPolicyLw (statusbar != null ) true topIsFullscreen false top = null
05-20 10:51:54.525 I/StatusBarManagerService( 1690):  topIsFullscreen fullscreen false
05-20 10:51:54.526 V/WindowManager( 1690): reevaluateVisibility focusApp:AppWindowToken{fc1fc58 token=Token{49fb7ca ActivityRecord{ec4f56c u0 com.oppo.launcher/.Launcher t114}}}
05-20 10:51:54.531 D/Launcher.Launcher( 3569):  onResume restoring = false, loading = false :ScreenState, visible = false, pause = true, screenOn = true, kgdLocked = false
05-20 10:51:54.536 D/Launcher.Launcher( 3569): onResume end, this = com.oppo.launcher.Launcher@ecba8eb
05-20 10:51:54.540 V/WindowManager( 1690): Changing focus from null to Window{169586c u0 com.oppo.launcher/com.oppo.launcher.Launcher}
05-20 10:51:54.541 V/WindowManager( 1690): reevaluateVisibility focusApp:AppWindowToken{fc1fc58 token=Token{49fb7ca ActivityRecord{ec4f56c u0 com.oppo.launcher/.Launcher t114}}}
05-20 10:51:54.559 D/xx      ( 2406): setInputState  isInput=false isPre=false
05-20 10:51:54.559 D/xx      ( 2406): updateKeyboardKeys mComposer.update ComposingText()=
05-20 10:51:54.575 V/WindowManager( 1690): reevaluateVisibility focusApp:AppWindowToken{fc1fc58 token=Token{49fb7ca ActivityRecord{ec4f56c u0 com.oppo.launcher/.Launcher t114}}}
05-20 10:51:54.579 V/WindowManager( 1690): reevaluateVisibility focusApp:AppWindowToken{fc1fc58 token=Token{49fb7ca ActivityRecord{ec4f56c u0 com.oppo.launcher/.Launcher t114}}}
05-20 10:51:54.579 V/WindowManager( 1690): reevaluateVisibility focusApp:AppWindowToken{fc1fc58 token=Token{49fb7ca ActivityRecord{ec4f56c u0 com.oppo.launcher/.Launcher t114}}}
05-20 10:51:54.579 V/WindowManager( 1690): reevaluateVisibility focusApp:AppWindowToken{fc1fc58 token=Token{49fb7ca ActivityRecord{ec4f56c u0 com.oppo.launcher/.Launcher t114}}}
05-20 10:51:54.579 V/WindowManager( 1690): reevaluateVisibility focusApp:AppWindowToken{fc1fc58 token=Token{49fb7ca ActivityRecord{ec4f56c u0 com.oppo.launcher/.Launcher t114}}}
05-20 10:51:54.580 V/WindowManager( 1690): reevaluateVisibility focusApp:AppWindowToken{fc1fc58 token=Token{49fb7ca ActivityRecord{ec4f56c u0 com.oppo.launcher/.Launcher t114}}}
05-20 10:51:54.793 V/WindowManager( 1690): reevaluateVisibility focusApp:AppWindowToken{fc1fc58 token=Token{49fb7ca ActivityRecord{ec4f56c u0 com.oppo.launcher/.Launcher t114}}}
05-20 10:51:54.793 I/RecentsActivity( 3129): onStop()
05-20 10:51:54.793 V/WindowManager( 1690): reevaluateVisibility focusApp:AppWindowToken{fc1fc58 token=Token{49fb7ca ActivityRecord{ec4f56c u0 com.oppo.launcher/.Launcher t114}}}
05-20 10:51:54.796 D/elsa    ( 1690): app is ProcessRecord{d343295 2812:com.nearme.statistics.rom/1000}, isInBlackList is false, isNeedSetProcessGroup is true
05-20 10:51:54.797 D/elsa    ( 1690): app is ProcessRecord{d343295 2812:com.nearme.statistics.rom/1000}, isInBlackList is false, isNeedSetProcessGroup is true
05-20 10:51:54.806 E/OpenGLRenderer( 3129): hwui_debug::CanvasContext createSurface sur=0x0, isValid =0
05-20 10:51:54.808 V/WindowManager( 1690): reevaluateVisibility focusApp:AppWindowToken{fc1fc58 token=Token{49fb7ca ActivityRecord{ec4f56c u0 com.oppo.launcher/.Launcher t114}}}
05-20 10:51:54.840 V/WindowManager( 1690): reevaluateVisibility focusApp:AppWindowToken{fc1fc58 token=Token{49fb7ca ActivityRecord{ec4f56c u0 com.oppo.launcher/.Launcher t114}}}
05-20 10:52:00.124 I/chatty  ( 2461): uid=1000(system) Timer-0 expire 20 lines
05-20 10:52:03.486 D/MSF.D.QLog( 3393): QLog init
05-20 10:52:03.491 W/System.err( 3393): java.io.IOException: Permission denied
05-20 10:52:03.491 W/System.err( 3393): 	at java.io.UnixFileSystem.createFileExclusively0(Native Method)
05-20 10:52:03.491 W/System.err( 3393): 	at java.io.UnixFileSystem.createFileExclusively(UnixFileSystem.java:280)
05-20 10:52:03.491 W/System.err( 3393): 	at java.io.File.createNewFile(File.java:953)
05-20 10:52:03.491 W/System.err( 3393): 	at com.tencent.qphone.base.util.QLog.initLogFile(QLog.java:818)
05-20 10:52:03.492 W/System.err( 3393): 	at com.tencent.qphone.base.util.QLog$c.handleMessage(QLog.java:97)
05-20 10:52:03.492 W/System.err( 3393): 	at android.os.Handler.dispatchMessage(Handler.java:102)
05-20 10:52:03.492 W/System.err( 3393): 	at android.os.Looper.loop(Looper.java:185)
05-20 10:52:03.492 W/System.err( 3393): 	at android.os.HandlerThread.run(HandlerThread.java:61)
05-20 10:52:03.493 W/System.err( 3393): java.io.FileNotFoundException: /storage/emulated/0/tencent/msflogs/com/tencent/mobileqq/com.tencent.mobileqq_MSF.19.05.20.10.log (Permission denied)
05-20 10:52:03.494 W/System.err( 3393): 	at java.io.FileOutputStream.open(Native Method)
05-20 10:52:03.494 W/System.err( 3393): 	at java.io.FileOutputStream.<init>(FileOutputStream.java:221)
05-20 10:52:03.494 W/System.err( 3393): 	at com.tencent.qphone.base.util.j.<init>(QLogWriter.java:87)
05-20 10:52:03.494 W/System.err( 3393): 	at com.tencent.qphone.base.util.QLog.initLogFile(QLog.java:870)
05-20 10:52:03.494 W/System.err( 3393): 	at com.tencent.qphone.base.util.QLog$c.handleMessage(QLog.java:97)
05-20 10:52:03.494 W/System.err( 3393): 	at android.os.Handler.dispatchMessage(Handler.java:102)
05-20 10:52:03.494 W/System.err( 3393): 	at android.os.Looper.loop(Looper.java:185)
05-20 10:52:03.494 W/System.err( 3393): 	at android.os.HandlerThread.run(HandlerThread.java:61)
05-20 10:52:03.494 D/MSF.D.QLog( 3393): QLog init9, 29
05-20 10:52:03.520 W/Conscrypt(16106): Could not set socket write timeout: java.net.SocketException: Socket closed
05-20 10:52:03.520 W/Conscrypt(16106): 	at com.google.android.gms.org.conscrypt.Platform.setSocketWriteTimeout(:com.google.android.gms@16089021@16.0.89 (040408-239467275):2)
05-20 10:52:03.520 W/Conscrypt(16106): 	at com.google.android.gms.org.conscrypt.ConscryptFileDescriptorSocket.setSoWriteTimeout(:com.google.android.gms@16089021@16.0.89 (040408-239467275):2)
05-20 10:52:03.535 V/NativeCrypto(16106): SSL handshake aborted: ssl=0x7f67362c88: I/O error during system call, Connection reset by peer
05-20 10:52:05.837 D/WorkerThreadMonitor( 3393): Kill MSF check result[ senderSize:0,sendInterval:4729242,receiveInterval=15335,addCmdCount=13
05-20 10:52:06.164 D/        (  683): power_monitor upthreshold 0, downthreshold 0 , temp1 336, temp2 326
05-20 10:52:12.975 I/chatty  ( 1690): uid=1000(system) WifiStateMachin expire 65 lines
05-20 10:52:18.512 D/MSF.D.QLog( 3393): QLog clear logs
05-20 10:52:20.130 I/chatty  ( 2461): uid=1000(system) Timer-0 expire 16 lines
05-20 10:52:25.631 I/chatty  ( 1690): uid=1000(system) WifiStateMachin expire 56 lines
05-20 10:52:26.167 D/        (  683): power_monitor upthreshold 0, downthreshold 0 , temp1 326, temp2 317
05-20 10:52:33.527 D/MSF.D.QLog( 3393): QLog clear logs
05-20 10:52:36.132 I/chatty  ( 2461): uid=1000(system) Timer-0 expire 7 lines
05-20 10:52:37.659 I/chatty  ( 1690): uid=1000(system) WifiStateMachin expire 67 lines
05-20 10:52:40.141 D/TrafficStatsHelper( 2461): transmitted_validWifiData.get(0) = wlan0
05-20 10:52:42.282 E/Uploader(16106): Clearcut transport failed to make network request.
05-20 10:52:42.282 E/Uploader(16106): java.net.ConnectException: Connection timed out
05-20 10:52:42.282 E/Uploader(16106): 	at java.net.PlainSocketImpl.socketConnect(Native Method)
05-20 10:52:42.282 E/Uploader(16106): 	at java.net.AbstractPlainSocketImpl.doConnect(AbstractPlainSocketImpl.java:334)
05-20 10:52:42.282 E/Uploader(16106): 	at java.net.AbstractPlainSocketImpl.connectToAddress(AbstractPlainSocketImpl.java:196)
05-20 10:52:42.282 E/Uploader(16106): 	at java.net.AbstractPlainSocketImpl.connect(AbstractPlainSocketImpl.java:178)
05-20 10:52:42.282 E/Uploader(16106): 	at java.net.SocksSocketImpl.connect(SocksSocketImpl.java:356)
05-20 10:52:42.282 E/Uploader(16106): 	at java.net.Socket.connect(Socket.java:605)
05-20 10:52:42.282 E/Uploader(16106): 	at com.android.okhttp.internal.Platform.connectSocket(Platform.java:113)
05-20 10:52:42.282 E/Uploader(16106): 	at com.android.okhttp.Connection.connectSocket(Connection.java:196)
05-20 10:52:42.282 E/Uploader(16106): 	at com.android.okhttp.Connection.connect(Connection.java:172)
05-20 10:52:42.282 E/Uploader(16106): 	at com.android.okhttp.Connection.connectAndSetOwner(Connection.java:367)
05-20 10:52:42.282 E/Uploader(16106): 	at com.android.okhttp.OkHttpClient$1.connectAndSetOwner(OkHttpClient.java:130)
05-20 10:52:42.282 E/Uploader(16106): 	at com.android.okhttp.internal.http.HttpEngine.connect(HttpEngine.java:330)
05-20 10:52:42.282 E/Uploader(16106): 	at com.android.okhttp.internal.http.HttpEngine.sendRequest(HttpEngine.java:247)
05-20 10:52:42.282 E/Uploader(16106): 	at com.android.okhttp.internal.huc.HttpURLConnectionImpl.execute(HttpURLConnectionImpl.java:457)
05-20 10:52:42.282 E/Uploader(16106): 	at com.android.okhttp.internal.huc.HttpURLConnectionImpl.connect(HttpURLConnectionImpl.java:126)
05-20 10:52:42.282 E/Uploader(16106): 	at com.android.okhttp.internal.huc.HttpURLConnectionImpl.getOutputStream(HttpURLConnectionImpl.java:257)
05-20 10:52:42.282 E/Uploader(16106): 	at com.android.okhttp.internal.huc.DelegatingHttpsURLConnection.getOutputStream(DelegatingHttpsURLConnection.java:218)
05-20 10:52:42.282 E/Uploader(16106): 	at com.android.okhttp.internal.huc.HttpsURLConnectionImpl.getOutputStream(HttpsURLConnectionImpl.java)
05-20 10:52:42.282 E/Uploader(16106): 	at abbg.a(:com.google.android.gms@16089021@16.0.89 (040408-239467275):39)
05-20 10:52:42.282 E/Uploader(16106): 	at abbg.execute(:com.google.android.gms@16089021@16.0.89 (040408-239467275):8)
05-20 10:52:42.282 E/Uploader(16106): 	at abbg.execute(:com.google.android.gms@16089021@16.0.89 (040408-239467275):7)
05-20 10:52:42.282 E/Uploader(16106): 	at qfx.a(:com.google.android.gms@16089021@16.0.89 (040408-239467275):11)
05-20 10:52:42.282 E/Uploader(16106): 	at qfx.a(:com.google.android.gms@16089021@16.0.89 (040408-239467275):54)
05-20 10:52:42.282 E/Uploader(16106): 	at qgn.a(:com.google.android.gms@16089021@16.0.89 (040408-239467275):213)
05-20 10:52:42.282 E/Uploader(16106): 	at qgn.a(:com.google.android.gms@16089021@16.0.89 (040408-239467275):291)
05-20 10:52:42.282 E/Uploader(16106): 	at com.google.android.gms.clearcut.uploader.QosUploaderChimeraService.d(:com.google.android.gms@16089021@16.0.89 (040408-239467275):28)
05-20 10:52:42.282 E/Uploader(16106): 	at com.google.android.gms.clearcut.uploader.QosUploaderChimeraService.a(:com.google.android.gms@16089021@16.0.89 (040408-239467275):14)
05-20 10:52:42.282 E/Uploader(16106): 	at com.google.android.gms.clearcut.uploader.QosUploaderChimeraService.a(:com.google.android.gms@16089021@16.0.89 (040408-239467275):6)
05-20 10:52:42.282 E/Uploader(16106): 	at zse.run(:com.google.android.gms@16089021@16.0.89 (040408-239467275):5)
05-20 10:52:42.282 E/Uploader(16106): 	at rrt.b(:com.google.android.gms@16089021@16.0.89 (040408-239467275):32)
05-20 10:52:42.282 E/Uploader(16106): 	at rrt.run(:com.google.android.gms@16089021@16.0.89 (040408-239467275):21)
05-20 10:52:42.282 E/Uploader(16106): 	at java.util.concurrent.ThreadPoolExecutor.runWorker(ThreadPoolExecutor.java:1133)
05-20 10:52:42.282 E/Uploader(16106): 	at java.util.concurrent.ThreadPoolExecutor$Worker.run(ThreadPoolExecutor.java:607)
05-20 10:52:42.282 E/Uploader(16106): 	at rxx.run(:com.google.android.gms@16089021@16.0.89 (040408-239467275))
05-20 10:52:42.282 E/Uploader(16106): 	at java.lang.Thread.run(Thread.java:761)
05-20 10:52:42.302 D/elsa    ( 1690): app is ProcessRecord{24814b6 16122:com.google.process.gapps/u0a140}, isInBlackList is false, isNeedSetProcessGroup is true
05-20 10:52:42.322 E/NetworkScheduler.ATC(16106): Trying to release unacquired lock: com.google.android.gms/.clearcut.uploader.QosUploaderService
05-20 10:52:42.324 D/elsa    ( 1690): app is ProcessRecord{24814b6 16122:com.google.process.gapps/u0a140}, isInBlackList is false, isNeedSetProcessGroup is true
05-20 10:52:42.342 E/NetworkScheduler.ATC(16106): Trying to release unacquired lock: com.google.android.gms/.instantapps.routing.DomainFilterUpdateService
05-20 10:52:42.392 D/elsa    ( 1690): app is ProcessRecord{d8dad3e 16154:com.google.android.gms/u0a140}, isInBlackList is false, isNeedSetProcessGroup is true
05-20 10:52:42.402 D/elsa    ( 1690): app is ProcessRecord{d8dad3e 16154:com.google.android.gms/u0a140}, isInBlackList is false, isNeedSetProcessGroup is true
05-20 10:52:42.433 D/elsa    ( 1690): app is ProcessRecord{d8dad3e 16154:com.google.android.gms/u0a140}, isInBlackList is false, isNeedSetProcessGroup is true
05-20 10:52:42.440 D/elsa    ( 1690): app is ProcessRecord{d8dad3e 16154:com.google.android.gms/u0a140}, isInBlackList is false, isNeedSetProcessGroup is true
05-20 10:52:42.461 D/libc-netbsd(16106): [getaddrinfo]:  hostname=android.googleapis.com;  servname=(null);  app_pid=16106;  app_uid=10140;  ai_flags=1024;  ai_family=0; ai_socktype=1 from prox result 0
05-20 10:52:42.512 W/GcmTaskChimeraService(16106): com.google.android.gms instantapps.DomainFilterUpdateService.frequentChargingUnmetered: Task already running, won't start another
05-20 10:52:44.137 D/TrafficStatsHelper( 2461): ifaceNames[0]:lo
05-20 10:52:44.137 D/TrafficStatsHelper( 2461): ifaceNames[1]:wlan0
05-20 10:52:44.137 D/TrafficStatsHelper( 2461): ifaceNames[2]:dummy0
05-20 10:52:44.139 D/TrafficStatsHelper( 2461): transmitted_validWifiData.get(0) = wlan0
05-20 10:52:46.169 D/        (  683): power_monitor upthreshold 0, downthreshold 0 , temp1 333, temp2 320
05-20 10:52:48.136 D/TrafficStatsHelper( 2461): ifaceNames[0]:lo
05-20 10:52:48.136 D/TrafficStatsHelper( 2461): ifaceNames[1]:wlan0
05-20 10:52:48.136 D/TrafficStatsHelper( 2461): ifaceNames[2]:dummy0
05-20 10:52:48.138 D/TrafficStatsHelper( 2461): transmitted_validWifiData.get(0) = wlan0
05-20 10:52:48.536 D/MSF.D.QLog( 3393): QLog clear logs
05-20 10:52:49.685 I/chatty  ( 1690): uid=1000(system) WifiStateMachin expire 56 lines
05-20 10:52:52.140 D/TrafficStatsHelper( 2461): ifaceNames[0]:lo
05-20 10:52:52.140 D/TrafficStatsHelper( 2461): ifaceNames[1]:wlan0
05-20 10:52:52.140 D/TrafficStatsHelper( 2461): ifaceNames[2]:dummy0
05-20 10:52:52.145 D/TrafficStatsHelper( 2461): transmitted_validWifiData.get(0) = wlan0
05-20 10:52:56.139 D/TrafficStatsHelper( 2461): ifaceNames[0]:lo
05-20 10:52:56.139 D/TrafficStatsHelper( 2461): ifaceNames[1]:wlan0
05-20 10:52:56.139 D/TrafficStatsHelper( 2461): ifaceNames[2]:dummy0
05-20 10:52:56.142 D/TrafficStatsHelper( 2461): transmitted_validWifiData.get(0) = wlan0
05-20 10:53:00.007 I/ActivityManager( 1690): Killing 14850:com.coloros.mcs:dcs/1000 (adj 906): empty for 1802s
05-20 10:53:00.011 D/PhoneStatusBar( 2461): recevie time tick broadcast
05-20 10:53:00.056 D/ActivityManager( 1690): cleanUpApplicationRecord -- 14850
05-20 10:53:00.137 D/TrafficStatsHelper( 2461): ifaceNames[0]:lo
05-20 10:53:00.137 D/TrafficStatsHelper( 2461): ifaceNames[1]:wlan0
05-20 10:53:00.137 D/TrafficStatsHelper( 2461): ifaceNames[2]:dummy0
05-20 10:53:00.138 D/TrafficStatsHelper( 2461): transmitted_validWifiData.get(0) = wlan0
05-20 10:53:00.690 I/chatty  ( 1690): uid=1000(system) DhcpClient expire 12 lines
05-20 10:53:00.695 I/chatty  ( 1690): uid=1000(system) WifiStateMachin expire 106 lines
05-20 10:53:00.699 D/wpa_supplicant( 2305): wlan0: Control interface command 'DRIVER BTCOEXMODE 1'
05-20 10:53:00.701 D/wpa_supplicant( 2305): wpa_driver_nl80211_driver_cmd BTCOEXMODE 1 len = 0, 4096
05-20 10:53:00.706 D/wpa_supplicant( 2305): wlan0: Control interface command 'DRIVER SETSUSPENDMODE 0'
05-20 10:53:00.707 D/wpa_supplicant( 2305): wpa_driver_nl80211_driver_cmd SETSUSPENDMODE 0 len = 0, 4096
05-20 10:53:00.714 D/wpa_supplicant( 2305): wlan0: Control interface command 'SET ps 0'
05-20 10:53:00.715 D/wpa_supplicant( 2305): CTRL_IFACE SET 'ps'='0'
05-20 10:53:00.715 D/wpa_supplicant( 2305): nl80211: set_p2p_powersave (legacy_ps=0 opp_ps=-1 ctwindow=-1)
05-20 10:53:00.741 D/WifiP2pService( 1690):  InactiveState { what=143375 arg1=1 arg2=196614 obj=WifiStateMachine }
05-20 10:53:00.741 D/WifiP2pService( 1690):  P2pEnabledState { what=143375 arg1=1 arg2=196614 obj=WifiStateMachine }
05-20 10:53:00.768 D/wpa_supplicant( 2305): wlan0: Control interface command 'SET ps 1'
05-20 10:53:00.768 D/wpa_supplicant( 2305): CTRL_IFACE SET 'ps'='1'
05-20 10:53:00.768 D/wpa_supplicant( 2305): nl80211: set_p2p_powersave (legacy_ps=1 opp_ps=-1 ctwindow=-1)
05-20 10:53:00.769 D/WifiP2pService( 1690):  InactiveState { what=143375 }
05-20 10:53:00.769 D/WifiP2pService( 1690):  P2pEnabledState { what=143375 }
05-20 10:53:00.770 D/wpa_supplicant( 2305): wlan0: Control interface command 'DRIVER BTCOEXMODE 2'
05-20 10:53:00.770 D/wpa_supplicant( 2305): wpa_driver_nl80211_driver_cmd BTCOEXMODE 2 len = 0, 4096
05-20 10:53:03.554 D/MSF.D.QLog( 3393): QLog clear logs
05-20 10:53:04.139 D/TrafficStatsHelper( 2461): ifaceNames[0]:lo
05-20 10:53:04.139 D/TrafficStatsHelper( 2461): ifaceNames[1]:wlan0
05-20 10:53:04.139 D/TrafficStatsHelper( 2461): ifaceNames[2]:dummy0
05-20 10:53:04.141 D/TrafficStatsHelper( 2461): transmitted_validWifiData.get(0) = wlan0
05-20 10:53:05.844 D/WorkerThreadMonitor( 3393): Kill MSF check result[ senderSize:0,sendInterval:4789248,receiveInterval=15301,addCmdCount=13
05-20 10:53:06.170 D/        (  683): power_monitor upthreshold 0, downthreshold 0 , temp1 330, temp2 320
05-20 10:53:08.140 D/TrafficStatsHelper( 2461): ifaceNames[0]:lo
05-20 10:53:08.140 D/TrafficStatsHelper( 2461): ifaceNames[1]:wlan0
05-20 10:53:08.140 D/TrafficStatsHelper( 2461): ifaceNames[2]:dummy0
05-20 10:53:08.142 D/TrafficStatsHelper( 2461): transmitted_validWifiData.get(0) = wlan0
05-20 10:53:12.139 D/TrafficStatsHelper( 2461): ifaceNames[0]:lo
05-20 10:53:12.139 D/TrafficStatsHelper( 2461): ifaceNames[1]:wlan0
05-20 10:53:12.139 D/TrafficStatsHelper( 2461): ifaceNames[2]:dummy0
05-20 10:53:12.141 D/TrafficStatsHelper( 2461): transmitted_validWifiData.get(0) = wlan0
05-20 10:53:16.139 D/TrafficStatsHelper( 2461): ifaceNames[0]:lo
05-20 10:53:16.140 D/TrafficStatsHelper( 2461): ifaceNames[1]:wlan0
05-20 10:53:16.140 D/TrafficStatsHelper( 2461): ifaceNames[2]:dummy0
05-20 10:53:16.142 D/TrafficStatsHelper( 2461): transmitted_validWifiData.get(0) = wlan0
05-20 10:53:17.570 I/chatty  ( 1690): uid=1000(system) WifiStateMachin expire 63 lines
05-20 10:53:18.575 D/MSF.D.QLog( 3393): QLog clear logs
05-20 10:53:20.146 D/TrafficStatsHelper( 2461): ifaceNames[0]:lo
05-20 10:53:20.146 D/TrafficStatsHelper( 2461): ifaceNames[1]:wlan0
05-20 10:53:20.146 D/TrafficStatsHelper( 2461): ifaceNames[2]:dummy0
05-20 10:53:20.149 D/TrafficStatsHelper( 2461): transmitted_validWifiData.get(0) = wlan0
05-20 10:53:24.147 D/TrafficStatsHelper( 2461): ifaceNames[0]:lo
05-20 10:53:24.148 D/TrafficStatsHelper( 2461): ifaceNames[1]:wlan0
05-20 10:53:24.148 D/TrafficStatsHelper( 2461): ifaceNames[2]:dummy0
05-20 10:53:24.150 D/TrafficStatsHelper( 2461): transmitted_validWifiData.get(0) = wlan0
05-20 10:53:26.175 D/        (  683): power_monitor upthreshold 0, downthreshold 0 , temp1 326, temp2 317
05-20 10:53:28.148 D/TrafficStatsHelper( 2461): ifaceNames[0]:lo
05-20 10:53:28.148 D/TrafficStatsHelper( 2461): ifaceNames[1]:wlan0
05-20 10:53:28.148 D/TrafficStatsHelper( 2461): ifaceNames[2]:dummy0
05-20 10:53:28.151 D/TrafficStatsHelper( 2461): transmitted_validWifiData.get(0) = wlan0
05-20 10:53:29.721 I/chatty  ( 1690): uid=1000(system) WifiStateMachin expire 56 lines
05-20 10:53:30.157 D/libc-netbsd(16154): [getaddrinfo]:  hostname=mdh-pa.googleapis.com;  servname=(null);  app_pid=16154;  app_uid=10140;  ai_flags=1024;  ai_family=0; ai_socktype=1 from prox result 0
05-20 10:53:32.160 D/TrafficStatsHelper( 2461): ifaceNames[0]:lo
05-20 10:53:32.160 D/TrafficStatsHelper( 2461): ifaceNames[1]:wlan0
05-20 10:53:32.160 D/TrafficStatsHelper( 2461): ifaceNames[2]:dummy0
05-20 10:53:32.164 D/TrafficStatsHelper( 2461): transmitted_validWifiData.get(0) = wlan0
05-20 10:53:33.584 D/MSF.D.QLog( 3393): QLog clear logs
05-20 10:53:36.149 D/TrafficStatsHelper( 2461): ifaceNames[0]:lo
05-20 10:53:36.149 D/TrafficStatsHelper( 2461): ifaceNames[1]:wlan0
05-20 10:53:36.149 D/TrafficStatsHelper( 2461): ifaceNames[2]:dummy0
05-20 10:53:36.151 D/TrafficStatsHelper( 2461): transmitted_validWifiData.get(0) = wlan0
05-20 10:53:40.151 D/TrafficStatsHelper( 2461): ifaceNames[0]:lo
05-20 10:53:40.151 D/TrafficStatsHelper( 2461): ifaceNames[1]:wlan0
05-20 10:53:40.151 D/TrafficStatsHelper( 2461): ifaceNames[2]:dummy0
05-20 10:53:40.153 D/TrafficStatsHelper( 2461): transmitted_validWifiData.get(0) = wlan0
05-20 10:53:41.835 I/chatty  ( 1690): uid=1000(system) WifiStateMachin expire 56 lines
05-20 10:53:42.691 W/Conscrypt(16106): Could not set socket write timeout: java.net.SocketException: Socket closed
05-20 10:53:42.691 W/Conscrypt(16106): 	at com.google.android.gms.org.conscrypt.Platform.setSocketWriteTimeout(:com.google.android.gms@16089021@16.0.89 (040408-239467275):2)
05-20 10:53:42.691 W/Conscrypt(16106): 	at com.google.android.gms.org.conscrypt.ConscryptFileDescriptorSocket.setSoWriteTimeout(:com.google.android.gms@16089021@16.0.89 (040408-239467275):2)
05-20 10:53:42.713 V/NativeCrypto(16106): SSL handshake aborted: ssl=0x7f67363c48: I/O error during system call, Connection reset by peer
05-20 10:53:44.152 D/TrafficStatsHelper( 2461): ifaceNames[0]:lo
05-20 10:53:44.152 D/TrafficStatsHelper( 2461): ifaceNames[1]:wlan0
05-20 10:53:44.152 D/TrafficStatsHelper( 2461): ifaceNames[2]:dummy0
05-20 10:53:44.155 D/TrafficStatsHelper( 2461): transmitted_validWifiData.get(0) = wlan0
05-20 10:53:46.177 D/        (  683): power_monitor upthreshold 0, downthreshold 0 , temp1 326, temp2 317
05-20 10:53:48.156 D/TrafficStatsHelper( 2461): ifaceNames[0]:lo
05-20 10:53:48.156 D/TrafficStatsHelper( 2461): ifaceNames[1]:wlan0
05-20 10:53:48.156 D/TrafficStatsHelper( 2461): ifaceNames[2]:dummy0
05-20 10:53:48.159 D/TrafficStatsHelper( 2461): transmitted_validWifiData.get(0) = wlan0
05-20 10:53:48.597 D/MSF.D.QLog( 3393): QLog clear logs
05-20 10:53:52.151 D/TrafficStatsHelper( 2461): ifaceNames[0]:lo
05-20 10:53:52.151 D/TrafficStatsHelper( 2461): ifaceNames[1]:wlan0
05-20 10:53:52.151 D/TrafficStatsHelper( 2461): ifaceNames[2]:dummy0
05-20 10:53:52.153 D/TrafficStatsHelper( 2461): transmitted_validWifiData.get(0) = wlan0
05-20 10:53:53.008 I/chatty  ( 1690): uid=1000(system) WifiStateMachin expire 58 lines
05-20 10:53:56.152 D/TrafficStatsHelper( 2461): ifaceNames[0]:lo
05-20 10:53:56.152 D/TrafficStatsHelper( 2461): ifaceNames[1]:wlan0
05-20 10:53:56.152 D/TrafficStatsHelper( 2461): ifaceNames[2]:dummy0
05-20 10:53:56.156 D/TrafficStatsHelper( 2461): transmitted_validWifiData.get(0) = wlan0
05-20 10:54:00.022 D/PhoneStatusBar( 2461): recevie time tick broadcast
05-20 10:54:00.153 D/TrafficStatsHelper( 2461): ifaceNames[0]:lo
05-20 10:54:00.153 D/TrafficStatsHelper( 2461): ifaceNames[1]:wlan0
05-20 10:54:00.153 D/TrafficStatsHelper( 2461): ifaceNames[2]:dummy0
05-20 10:54:00.154 D/TrafficStatsHelper( 2461): transmitted_validWifiData.get(0) = wlan0
05-20 10:54:01.247 E/Auth    (16106): [GoogleAccountDataServiceImpl] getToken() -> NETWORK_ERROR. Account: <ELLIDED:902940502>, App: com.google.android.gms, Service: oauth2:https://www.googleapis.com/auth/contextcontroller
05-20 10:54:01.247 E/Auth    (16106): qsk: Error when calling server.
05-20 10:54:01.247 E/Auth    (16106): 	at hac.c(:com.google.android.gms@16089021@16.0.89 (040408-239467275):333)
05-20 10:54:01.247 E/Auth    (16106): 	at hac.a(:com.google.android.gms@16089021@16.0.89 (040408-239467275):12)
05-20 10:54:01.247 E/Auth    (16106): 	at hac.b(:com.google.android.gms@16089021@16.0.89 (040408-239467275))
05-20 10:54:01.247 E/Auth    (16106): 	at gyn.a(:com.google.android.gms@16089021@16.0.89 (040408-239467275):22)
05-20 10:54:01.247 E/Auth    (16106): 	at ite.a(:com.google.android.gms@16089021@16.0.89 (040408-239467275):7)
05-20 10:54:01.247 E/Auth    (16106): 	at ite.a(:com.google.android.gms@16089021@16.0.89 (040408-239467275):161)
05-20 10:54:01.247 E/Auth    (16106): 	at ise.a(:com.google.android.gms@16089021@16.0.89 (040408-239467275))
05-20 10:54:01.247 E/Auth    (16106): 	at isc.a(:com.google.android.gms@16089021@16.0.89 (040408-239467275):17)
05-20 10:54:01.247 E/Auth    (16106): 	at isc.a(:com.google.android.gms@16089021@16.0.89 (040408-239467275):7)
05-20 10:54:01.247 E/Auth    (16106): 	at guz.a(:com.google.android.gms@16089021@16.0.89 (040408-239467275):33)
05-20 10:54:01.247 E/Auth    (16106): 	at guz.a(:com.google.android.gms@16089021@16.0.89 (040408-239467275):81)
05-20 10:54:01.247 E/Auth    (16106): 	at gvi.a(:com.google.android.gms@16089021@16.0.89 (040408-239467275):3)
05-20 10:54:01.247 E/Auth    (16106): 	at gvh.a(:com.google.android.gms@16089021@16.0.89 (040408-239467275):2)
